Archive member included because of file (symbol)

C:/Freescale/KSDK_1.2.0/lib/ksdk_platform_lib/kds/KL25Z4/debug/libksdk_platform.a(fsl_uart_hal.o)
                              ./Sources/fsl_debug_console.o (UART_HAL_SetBaudRate)
C:/Freescale/KSDK_1.2.0/lib/ksdk_platform_lib/kds/KL25Z4/debug/libksdk_platform.a(fsl_lptmr_driver.o)
                              ./Sources/lptmr.o (LPTMR_DRV_Init)
C:/Freescale/KSDK_1.2.0/lib/ksdk_platform_lib/kds/KL25Z4/debug/libksdk_platform.a(fsl_lpsci_hal.o)
                              ./Sources/fsl_debug_console.o (LPSCI_HAL_SetBaudRate)
C:/Freescale/KSDK_1.2.0/lib/ksdk_platform_lib/kds/KL25Z4/debug/libksdk_platform.a(fsl_clock_MKL25Z4.o)
                              ./Sources/mcg.o (CLOCK_SYS_SetConfiguration)
C:/Freescale/KSDK_1.2.0/lib/ksdk_platform_lib/kds/KL25Z4/debug/libksdk_platform.a(fsl_clock_manager.o)
                              C:/Freescale/KSDK_1.2.0/lib/ksdk_platform_lib/kds/KL25Z4/debug/libksdk_platform.a(fsl_clock_MKL25Z4.o) (CLOCK_SYS_GetSystickFreq)
C:/Freescale/KSDK_1.2.0/lib/ksdk_platform_lib/kds/KL25Z4/debug/libksdk_platform.a(fsl_clock_manager_common.o)
                              C:/Freescale/KSDK_1.2.0/lib/ksdk_platform_lib/kds/KL25Z4/debug/libksdk_platform.a(fsl_clock_MKL25Z4.o) (g_oscBase)
C:/Freescale/KSDK_1.2.0/lib/ksdk_platform_lib/kds/KL25Z4/debug/libksdk_platform.a(fsl_os_abstraction_bm.o)
                              C:/Freescale/KSDK_1.2.0/lib/ksdk_platform_lib/kds/KL25Z4/debug/libksdk_platform.a(fsl_clock_manager.o) (OSA_EnterCritical)
C:/Freescale/KSDK_1.2.0/lib/ksdk_platform_lib/kds/KL25Z4/debug/libksdk_platform.a(fsl_sim_hal_MKL25Z4.o)
                              C:/Freescale/KSDK_1.2.0/lib/ksdk_platform_lib/kds/KL25Z4/debug/libksdk_platform.a(fsl_clock_MKL25Z4.o) (CLOCK_HAL_SetOutDiv)
C:/Freescale/KSDK_1.2.0/lib/ksdk_platform_lib/kds/KL25Z4/debug/libksdk_platform.a(fsl_rtc_common.o)
                              C:/Freescale/KSDK_1.2.0/lib/ksdk_platform_lib/kds/KL25Z4/debug/libksdk_platform.a(fsl_clock_manager.o) (g_rtcBase)
C:/Freescale/KSDK_1.2.0/lib/ksdk_platform_lib/kds/KL25Z4/debug/libksdk_platform.a(fsl_osc_hal.o)
                              C:/Freescale/KSDK_1.2.0/lib/ksdk_platform_lib/kds/KL25Z4/debug/libksdk_platform.a(fsl_clock_manager.o) (OSC_HAL_SetCapacitor)
C:/Freescale/KSDK_1.2.0/lib/ksdk_platform_lib/kds/KL25Z4/debug/libksdk_platform.a(fsl_mcg_hal.o)
                              C:/Freescale/KSDK_1.2.0/lib/ksdk_platform_lib/kds/KL25Z4/debug/libksdk_platform.a(fsl_clock_MKL25Z4.o) (CLOCK_HAL_GetFllClk)
C:/Freescale/KSDK_1.2.0/lib/ksdk_platform_lib/kds/KL25Z4/debug/libksdk_platform.a(fsl_mcg_hal_modes.o)
                              C:/Freescale/KSDK_1.2.0/lib/ksdk_platform_lib/kds/KL25Z4/debug/libksdk_platform.a(fsl_clock_manager.o) (CLOCK_HAL_GetMcgMode)
C:/Freescale/KSDK_1.2.0/lib/ksdk_platform_lib/kds/KL25Z4/debug/libksdk_platform.a(fsl_lptmr_hal.o)
                              C:/Freescale/KSDK_1.2.0/lib/ksdk_platform_lib/kds/KL25Z4/debug/libksdk_platform.a(fsl_lptmr_driver.o) (LPTMR_HAL_Init)
C:/Freescale/KSDK_1.2.0/lib/ksdk_platform_lib/kds/KL25Z4/debug/libksdk_platform.a(fsl_lptmr_common.o)
                              C:/Freescale/KSDK_1.2.0/lib/ksdk_platform_lib/kds/KL25Z4/debug/libksdk_platform.a(fsl_lptmr_driver.o) (g_lptmrIrqId)
C:/Freescale/KSDK_1.2.0/lib/ksdk_platform_lib/kds/KL25Z4/debug/libksdk_platform.a(fsl_interrupt_manager.o)
                              C:/Freescale/KSDK_1.2.0/lib/ksdk_platform_lib/kds/KL25Z4/debug/libksdk_platform.a(fsl_os_abstraction_bm.o) (INT_SYS_InstallHandler)
c:/freescale/kds_v3/toolchain/bin/../lib/gcc/arm-none-eabi/4.8.4/armv6-m\libgcc.a(_thumb1_case_uqi.o)
                              C:/Freescale/KSDK_1.2.0/lib/ksdk_platform_lib/kds/KL25Z4/debug/libksdk_platform.a(fsl_clock_MKL25Z4.o) (__gnu_thumb1_case_uqi)
c:/freescale/kds_v3/toolchain/bin/../lib/gcc/arm-none-eabi/4.8.4/armv6-m\libgcc.a(_udivsi3.o)
                              ./Sources/print_scan.o (__aeabi_uidiv)
c:/freescale/kds_v3/toolchain/bin/../lib/gcc/arm-none-eabi/4.8.4/armv6-m\libgcc.a(_divsi3.o)
                              ./Sources/aquecedorECooler.o (__aeabi_idiv)
c:/freescale/kds_v3/toolchain/bin/../lib/gcc/arm-none-eabi/4.8.4/armv6-m\libgcc.a(_dvmd_tls.o)
                              c:/freescale/kds_v3/toolchain/bin/../lib/gcc/arm-none-eabi/4.8.4/armv6-m\libgcc.a(_udivsi3.o) (__aeabi_idiv0)
c:/freescale/kds_v3/toolchain/bin/../lib/gcc/arm-none-eabi/4.8.4/armv6-m\libgcc.a(_arm_cmpsf2.o)
                              ./Sources/aquecedorECooler.o (__aeabi_fcmplt)
c:/freescale/kds_v3/toolchain/bin/../lib/gcc/arm-none-eabi/4.8.4/armv6-m\libgcc.a(addsf3.o)
                              ./Sources/main.o (__aeabi_fadd)
c:/freescale/kds_v3/toolchain/bin/../lib/gcc/arm-none-eabi/4.8.4/armv6-m\libgcc.a(divsf3.o)
                              ./Sources/main.o (__aeabi_fdiv)
c:/freescale/kds_v3/toolchain/bin/../lib/gcc/arm-none-eabi/4.8.4/armv6-m\libgcc.a(eqsf2.o)
[...]
Memory Configuration

Name             Origin             Length             Attributes
m_interrupts     0x00000000         0x00000100         xr
m_flash_config   0x00000400         0x00000010         xr
m_text           0x00000410         0x0001fbf0         xr
m_data           0x1ffff000         0x00004000         rw
*default*        0x00000000         0xffffffff

Linker script and memory map

LOAD c:/freescale/kds_v3/toolchain/bin/../lib/gcc/arm-none-eabi/4.8.4/armv6-m/crti.o
LOAD c:/freescale/kds_v3/toolchain/bin/../lib/gcc/arm-none-eabi/4.8.4/armv6-m/crtbegin.o
LOAD c:/freescale/kds_v3/toolchain/bin/../lib/gcc/arm-none-eabi/4.8.4/../../../../arm-none-eabi/lib/armv6-m/crt0.o
LOAD ./Sources/UART.o
LOAD ./Sources/adc.o
LOAD ./Sources/aquecedorECooler.o
LOAD ./Sources/communicationStateMachine.o
LOAD ./Sources/fsl_debug_console.o
LOAD ./Sources/interruptButton.o
LOAD ./Sources/lcd.o
LOAD ./Sources/ledSwi.o
LOAD ./Sources/lptmr.o
LOAD ./Sources/lut_adc_3v3.o
LOAD ./Sources/main.o
LOAD ./Sources/mcg.o
LOAD ./Sources/pid.o
LOAD ./Sources/print_scan.o
LOAD ./Sources/util.o
LOAD ./Project_Settings/Startup_Code/startup.o
LOAD ./Project_Settings/Startup_Code/startup_MKL25Z4.o
LOAD ./Project_Settings/Startup_Code/system_MKL25Z4.o
LOAD C:/Freescale/KSDK_1.2.0/lib/ksdk_platform_lib/kds/KL25Z4/debug/libksdk_platform.a
LOAD c:/freescale/kds_v3/toolchain/bin/../lib/gcc/arm-none-eabi/4.8.4/../../../../arm-none-eabi/lib/armv6-m\libstdc++_s.a
LOAD c:/freescale/kds_v3/toolchain/bin/../lib/gcc/arm-none-eabi/4.8.4/../../../../arm-none-eabi/lib/armv6-m\libm.a
START GROUP
LOAD c:/freescale/kds_v3/toolchain/bin/../lib/gcc/arm-none-eabi/4.8.4/armv6-m\libgcc.a
LOAD c:/freescale/kds_v3/toolchain/bin/../lib/gcc/arm-none-eabi/4.8.4/../../../../arm-none-eabi/lib/armv6-m\libg_s.a
LOAD c:/freescale/kds_v3/toolchain/bin/../lib/gcc/arm-none-eabi/4.8.4/../../../../arm-none-eabi/lib/armv6-m\libc_s.a
END GROUP
START GROUP
LOAD c:/freescale/kds_v3/toolchain/bin/../lib/gcc/arm-none-eabi/4.8.4/armv6-m\libgcc.a
LOAD c:/freescale/kds_v3/toolchain/bin/../lib/gcc/arm-none-eabi/4.8.4/../../../../arm-none-eabi/lib/armv6-m\libc_s.a
LOAD c:/freescale/kds_v3/toolchain/bin/../lib/gcc/arm-none-eabi/4.8.4/../../../../arm-none-eabi/lib/armv6-m\libnosys.a
END GROUP
START GROUP
LOAD c:/freescale/kds_v3/toolchain/bin/../lib/gcc/arm-none-eabi/4.8.4/armv6-m\libgcc.a
LOAD c:/freescale/kds_v3/toolchain/bin/../lib/gcc/arm-none-eabi/4.8.4/../../../../arm-none-eabi/lib/armv6-m\libc_s.a
LOAD c:/freescale/kds_v3/toolchain/bin/../lib/gcc/arm-none-eabi/4.8.4/../../../../arm-none-eabi/lib/armv6-m\libnosys.a
END GROUP
LOAD c:/freescale/kds_v3/toolchain/bin/../lib/gcc/arm-none-eabi/4.8.4/armv6-m/crtend.o
LOAD c:/freescale/kds_v3/toolchain/bin/../lib/gcc/arm-none-eabi/4.8.4/armv6-m/crtn.o
                0x00000400                HEAP_SIZE = DEFINED (__heap_size__)?__heap_size__:0x400
                0x00000400                STACK_SIZE = DEFINED (__stack_size__)?__stack_size__:0x400
                0x00000000                M_VECTOR_RAM_SIZE = DEFINED (__ram_vector_table__)?0x100:0x0

.interrupts     0x00000000       0xc0
                0x00000000                __VECTOR_TABLE = .
                0x00000000                . = ALIGN (0x4)
 *(.isr_vector)
 .isr_vector    0x00000000       0xc0 ./Project_Settings/Startup_Code/startup_MKL25Z4.o
                0x00000000                __isr_vector
                0x000000c0                . = ALIGN (0x4)

.flash_config   0x00000400       0x10
                0x00000400                . = ALIGN (0x4)
 *(.FlashConfig)
 .FlashConfig   0x00000400       0x10 ./Project_Settings/Startup_Code/startup_MKL25Z4.o
                0x00000410                . = ALIGN (0x4)

.text           0x00000410     0x666c
                0x00000410                . = ALIGN (0x4)
 *(.text)
 .text          0x00000410       0x60 c:/freescale/kds_v3/toolchain/bin/../lib/gcc/arm-none-eabi/4.8.4/armv6-m/crtbegin.o
 .text          0x00000470       0x78 c:/freescale/kds_v3/toolchain/bin/../lib/gcc/arm-none-eabi/4.8.4/../../../../arm-none-eabi/lib/armv6-m/crt0.o
                0x00000470                _start
                0x00000470                _mainCRTStartup
 .text          0x000004e8       0x18 ./Project_Settings/Startup_Code/startup_MKL25Z4.o
                0x000004e8                Reset_Handler
                0x000004f8                HardFault_Handler
                0x000004f8                SysTick_Handler
                0x000004f8                PendSV_Handler
                0x000004f8                NMI_Handler
                0x000004f8                I2C1_IRQHandler
                0x000004f8                UART1_IRQHandler
                0x000004f8                DMA2_IRQHandler
                0x000004f8                TPM0_IRQHandler
                0x000004f8                LLWU_IRQHandler
                0x000004f8                TSI0_IRQHandler
                0x000004f8                ADC0_IRQHandler
                0x000004f8                Reserved39_IRQHandler
                0x000004f8                SPI1_IRQHandler
                0x000004f8                DefaultISR
                0x000004f8                PORTD_IRQHandler
                0x000004f8                TPM2_IRQHandler
                0x000004f8                RTC_IRQHandler
                0x000004f8                I2C0_IRQHandler
                0x000004f8                RTC_Seconds_IRQHandler
                0x000004f8                MCG_IRQHandler
                0x000004f8                UART2_IRQHandler
                0x000004f8                Reserved20_IRQHandler
                0x000004f8                USB0_IRQHandler
                0x000004f8                PIT_IRQHandler
                0x000004f8                SVC_Handler
                0x000004f8                DMA3_IRQHandler
                0x000004f8                DMA0_IRQHandler
                0x000004f8                DAC0_IRQHandler
                0x000004f8                Reserved45_IRQHandler
                0x000004f8                TPM1_IRQHandler
                0x000004f8                LVD_LVW_IRQHandler
                0x000004f8                SPI0_IRQHandler
                0x000004f8                FTFA_IRQHandler
                0x000004f8                CMP0_IRQHandler
                0x000004f8                DMA1_IRQHandler
 .text          0x00000500       0x14 c:/freescale/kds_v3/toolchain/bin/../lib/gcc/arm-none-eabi/4.8.4/armv6-m\libgcc.a(_thumb1_case_uqi.o)
                0x00000500                __gnu_thumb1_case_uqi
 .text          0x00000514       0x9c c:/freescale/kds_v3/toolchain/bin/../lib/gcc/arm-none-eabi/4.8.4/armv6-m\libgcc.a(_udivsi3.o)
                0x00000514                __aeabi_uidiv
                0x00000514                __udivsi3
                0x0000059c                __aeabi_uidivmod
 .text          0x000005b0       0xc0 c:/freescale/kds_v3/toolchain/bin/../lib/gcc/arm-none-eabi/4.8.4/armv6-m\libgcc.a(_divsi3.o)
                0x000005b0                __divsi3
                0x000005b0                __aeabi_idiv
                0x0000065c                __aeabi_idivmod
 .text          0x00000670        0x4 c:/freescale/kds_v3/toolchain/bin/../lib/gcc/arm-none-eabi/4.8.4/armv6-m\libgcc.a(_dvmd_tls.o)
                0x00000670                __aeabi_idiv0
                0x00000670                __aeabi_ldiv0
 .text          0x00000674       0x74 c:/freescale/kds_v3/toolchain/bin/../lib/gcc/arm-none-eabi/4.8.4/armv6-m\libgcc.a(_arm_cmpsf2.o)
                0x00000674                __aeabi_cfrcmple
                0x0000067c                __aeabi_cfcmpeq
                0x0000067c                __aeabi_cfcmple
                0x0000068c                __aeabi_fcmpeq
                0x00000698                __aeabi_fcmplt
                0x000006ac                __aeabi_fcmple
                0x000006c0                __aeabi_fcmpgt
                0x000006d4                __aeabi_fcmpge
 .text          0x000006e8      0x2d8 c:/freescale/kds_v3/toolchain/bin/../lib/gcc/arm-none-eabi/4.8.4/armv6-m\libgcc.a(addsf3.o)
                0x000006e8                __aeabi_fadd
 .text          0x000009c0      0x24c c:/freescale/kds_v3/toolchain/bin/../lib/gcc/arm-none-eabi/4.8.4/armv6-m\libgcc.a(divsf3.o)
                0x000009c0                __aeabi_fdiv
 .text          0x00000c0c       0x54 c:/freescale/kds_v3/toolchain/bin/../lib/gcc/arm-none-eabi/4.8.4/armv6-m\libgcc.a(eqsf2.o)
                0x00000c0c                __eqsf2
                0x00000c0c                __nesf2
 .text          0x00000c60       0x90 c:/freescale/kds_v3/toolchain/bin/../lib/gcc/arm-none-eabi/4.8.4/armv6-m\libgcc.a(gesf2.o)
                0x00000c60                __gesf2
                0x00000c60                __gtsf2
 .text          0x00000cf0       0x98 c:/freescale/kds_v3/toolchain/bin/../lib/gcc/arm-none-eabi/4.8.4/armv6-m\libgcc.a(lesf2.o)
                0x00000cf0                __ltsf2
                0x00000cf0                __lesf2
 .text          0x00000d88      0x254 c:/freescale/kds_v3/toolchain/bin/../lib/gcc/arm-none-eabi/4.8.4/armv6-m\libgcc.a(mulsf3.o)
                0x00000d88                __aeabi_fmul
 .text          0x00000fdc      0x2ec c:/freescale/kds_v3/toolchain/bin/../lib/gcc/arm-none-eabi/4.8.4/armv6-m\libgcc.a(subsf3.o)
                0x00000fdc                __aeabi_fsub
 .text          0x000012c8       0x40 c:/freescale/kds_v3/toolchain/bin/../lib/gcc/arm-none-eabi/4.8.4/armv6-m\libgcc.a(fixsfsi.o)
                0x000012c8                __aeabi_f2iz
 .text          0x00001308       0xb8 c:/freescale/kds_v3/toolchain/bin/../lib/gcc/arm-none-eabi/4.8.4/armv6-m\libgcc.a(floatsisf.o)
                0x00001308                __aeabi_i2f
 .text          0x000013c0      0x644 c:/freescale/kds_v3/toolchain/bin/../lib/gcc/arm-none-eabi/4.8.4/armv6-m\libgcc.a(adddf3.o)
                0x000013c0                __aeabi_dadd
 .text          0x00001a04      0x668 c:/freescale/kds_v3/toolchain/bin/../lib/gcc/arm-none-eabi/4.8.4/armv6-m\libgcc.a(subdf3.o)
                0x00001a04                __aeabi_dsub
 .text          0x0000206c       0xa4 c:/freescale/kds_v3/toolchain/bin/../lib/gcc/arm-none-eabi/4.8.4/armv6-m\libgcc.a(extendsfdf2.o)
                0x0000206c                __aeabi_f2d
 .text          0x00002110      0x118 c:/freescale/kds_v3/toolchain/bin/../lib/gcc/arm-none-eabi/4.8.4/armv6-m\libgcc.a(truncdfsf2.o)
                0x00002110                __aeabi_d2f
 .text          0x00002228       0x3c c:/freescale/kds_v3/toolchain/bin/../lib/gcc/arm-none-eabi/4.8.4/armv6-m\libgcc.a(_clzsi2.o)
                0x00002228                __clzsi2
 *(.text*)
 .text.NVIC_EnableIRQ
                0x00002264       0x2c ./Sources/UART.o
 .text.PORT_HAL_SetMuxMode
                0x00002290       0x4c ./Sources/UART.o
 .text.UART0_init
                0x000022dc       0x4c ./Sources/UART.o
                0x000022dc                UART0_init
 .text.UART0_enableIRQ
                0x00002328       0x24 ./Sources/UART.o
                0x00002328                UART0_enableIRQ
 .text.UART0_IRQHandler
                0x0000234c       0x18 ./Sources/UART.o
                0x0000234c                UART0_IRQHandler
 .text.adc_initADCModule
                0x00002364       0x64 ./Sources/adc.o
                0x00002364                adc_initADCModule
 .text.adc_initConvertion
                0x000023c8       0x18 ./Sources/adc.o
                0x000023c8                adc_initConvertion
 .text.adc_isAdcDone
                0x000023e0       0x20 ./Sources/adc.o
                0x000023e0                adc_isAdcDone
 .text.adc_getConvertionValue
                0x00002400       0x14 ./Sources/adc.o
                0x00002400                adc_getConvertionValue
 .text.coolerfan_init
                0x00002414       0x50 ./Sources/aquecedorECooler.o
                0x00002414                coolerfan_init
 .text.heater_init
                0x00002464       0x4c ./Sources/aquecedorECooler.o
                0x00002464                heater_init
 .text.coolerfan_PWMDuty
                0x000024b0       0x50 ./Sources/aquecedorECooler.o
                0x000024b0                coolerfan_PWMDuty
 .text.heater_PWMDuty
                0x00002500       0x68 ./Sources/aquecedorECooler.o
                0x00002500                heater_PWMDuty
 .text.convertDuty
                0x00002568       0x6c ./Sources/aquecedorECooler.o
                0x00002568                convertDuty
 .text.processamentoByte
                0x000025d4      0x180 ./Sources/communicationStateMachine.o
                0x000025d4                processamentoByte
 .text.returnParam
                0x00002754       0x80 ./Sources/communicationStateMachine.o
                0x00002754                returnParam
 .text.setParam
                0x000027d4       0xe4 ./Sources/communicationStateMachine.o
                0x000027d4                setParam
 .text.lerTemp  0x000028b8       0x90 ./Sources/communicationStateMachine.o
                0x000028b8                lerTemp
 .text.lerHeaterDuty
                0x00002948       0x4c ./Sources/communicationStateMachine.o
                0x00002948                lerHeaterDuty
 .text.lerCoolerFanDuty
                0x00002994       0x4c ./Sources/communicationStateMachine.o
                0x00002994                lerCoolerFanDuty
 .text.lerKp    0x000029e0       0x48 ./Sources/communicationStateMachine.o
                0x000029e0                lerKp
 .text.lerKi    0x00002a28       0x48 ./Sources/communicationStateMachine.o
                0x00002a28                lerKi
 .text.lerKd    0x00002a70       0x48 ./Sources/communicationStateMachine.o
                0x00002a70                lerKd
 .text.convertChar2Float
                0x00002ab8       0x40 ./Sources/communicationStateMachine.o
                0x00002ab8                convertChar2Float
 .text.convertFloat2Char
                0x00002af8       0x1c ./Sources/communicationStateMachine.o
                0x00002af8                convertFloat2Char
 .text.convertInt2Char
                0x00002b14       0x1c ./Sources/communicationStateMachine.o
                0x00002b14                convertInt2Char
 .text.convertChar2Int
                0x00002b30       0x40 ./Sources/communicationStateMachine.o
                0x00002b30                convertChar2Int
 .text.UART_HAL_EnableTransmitter
                0x00002b70       0x1c ./Sources/fsl_debug_console.o
 .text.UART_HAL_EnableReceiver
                0x00002b8c       0x1c ./Sources/fsl_debug_console.o
 .text.UART_HAL_SetBitCountPerChar
                0x00002ba8       0x28 ./Sources/fsl_debug_console.o
 .text.UART_HAL_SetStopBitCount
                0x00002bd0       0x28 ./Sources/fsl_debug_console.o
 .text.LPSCI_HAL_EnableTransmitter
                0x00002bf8       0x1c ./Sources/fsl_debug_console.o
 .text.LPSCI_HAL_EnableReceiver
                0x00002c14       0x1c ./Sources/fsl_debug_console.o
 .text.LPSCI_HAL_SetBitCountPerChar
                0x00002c30       0x28 ./Sources/fsl_debug_console.o
 .text.LPSCI_HAL_SetStopBitCount
                0x00002c58       0x28 ./Sources/fsl_debug_console.o
 .text.DbgConsole_Init
                0x00002c80      0x160 ./Sources/fsl_debug_console.o
                0x00002c80                DbgConsole_Init
 .text._write   0x00002de0       0x5c ./Sources/fsl_debug_console.o
                0x00002de0                _write
 .text._read    0x00002e3c       0x48 ./Sources/fsl_debug_console.o
                0x00002e3c                _read
 .text.debug_putc
                0x00002e84       0x44 ./Sources/fsl_debug_console.o
 .text.debug_putchar
                0x00002ec8       0x30 ./Sources/fsl_debug_console.o
                0x00002ec8                debug_putchar
 .text.debug_getchar
                0x00002ef8       0x38 ./Sources/fsl_debug_console.o
                0x00002ef8                debug_getchar
 .text.NVIC_EnableIRQ
                0x00002f30       0x2c ./Sources/interruptButton.o
 .text.NVIC_DisableIRQ
                0x00002f5c       0x30 ./Sources/interruptButton.o
 .text.interruptButton_enableIRQ
                0x00002f8c       0x10 ./Sources/interruptButton.o
                0x00002f8c                interruptButton_enableIRQ
 .text.interruptButton_disableIRQ
                0x00002f9c       0x10 ./Sources/interruptButton.o
                0x00002f9c                interruptButton_disableIRQ
 .text.PORTA_IRQHandler
                0x00002fac       0x80 ./Sources/interruptButton.o
                0x00002fac                PORTA_IRQHandler
 .text.lcd_initLcd
                0x0000302c      0x10c ./Sources/lcd.o
                0x0000302c                lcd_initLcd
 .text.lcd_write2Lcd
                0x00003138       0xd4 ./Sources/lcd.o
                0x00003138                lcd_write2Lcd
 .text.lcd_writeData
                0x0000320c       0x20 ./Sources/lcd.o
                0x0000320c                lcd_writeData
 .text.lcd_sendCommand
                0x0000322c       0x20 ./Sources/lcd.o
                0x0000322c                lcd_sendCommand
 .text.lcd_setCursor
                0x0000324c       0x58 ./Sources/lcd.o
                0x0000324c                lcd_setCursor
 .text.lcd_writeString
                0x000032a4       0x28 ./Sources/lcd.o
                0x000032a4                lcd_writeString
 .text.lcd_writeText
                0x000032cc       0x40 ./Sources/lcd.o
                0x000032cc                lcd_writeText
 .text.iniciarLedSwi
                0x0000330c      0x11c ./Sources/ledSwi.o
                0x0000330c                iniciarLedSwi
 .text.mapearEntrada
                0x00003428       0x20 ./Sources/ledSwi.o
                0x00003428                mapearEntrada
 .text.lerChave
                0x00003448       0x60 ./Sources/ledSwi.o
                0x00003448                lerChave
 .text.LPTMR0_IRQHandler
                0x000034a8       0x10 ./Sources/lptmr.o
                0x000034a8                LPTMR0_IRQHandler
 .text.tc_installLptmr0
                0x000034b8       0x40 ./Sources/lptmr.o
                0x000034b8                tc_installLptmr0
 .text.NVIC_SetPriority
                0x000034f8       0xe0 ./Sources/main.o
 .text.pidTask  0x000035d8       0x54 ./Sources/main.o
                0x000035d8                pidTask
 .text.iniciarPlaca
                0x0000362c       0x34 ./Sources/main.o
                0x0000362c                iniciarPlaca
 .text.main     0x00003660      0x670 ./Sources/main.o
                0x00003660                main
 .text.SMC_HAL_SetProtection
                0x00003cd0       0x1c ./Sources/mcg.o
 .text.PORT_HAL_SetMuxMode
                0x00003cec       0x4c ./Sources/mcg.o
 .text.mcg_initOsc0
                0x00003d38       0x40 ./Sources/mcg.o
                0x00003d38                mcg_initOsc0
 .text.mcg_initRtcOsc
                0x00003d78       0x40 ./Sources/mcg.o
                0x00003d78                mcg_initRtcOsc
 .text.mcg_initSystemClock
                0x00003db8       0x14 ./Sources/mcg.o
                0x00003db8                mcg_initSystemClock
 .text.mcg_clockInit
                0x00003dcc       0x50 ./Sources/mcg.o
                0x00003dcc                mcg_clockInit
 .text.pid_init
                0x00003e1c       0x2c ./Sources/pid.o
                0x00003e1c                pid_init
 .text.pid_setKp
                0x00003e48       0x18 ./Sources/pid.o
                0x00003e48                pid_setKp
 .text.pid_getKp
                0x00003e60       0x14 ./Sources/pid.o
                0x00003e60                pid_getKp
 .text.pid_setKi
                0x00003e74       0x18 ./Sources/pid.o
                0x00003e74                pid_setKi
 .text.pid_getKi
                0x00003e8c       0x14 ./Sources/pid.o
                0x00003e8c                pid_getKi
 .text.pid_setKd
                0x00003ea0       0x18 ./Sources/pid.o
                0x00003ea0                pid_setKd
 .text.pid_getKd
                0x00003eb8       0x14 ./Sources/pid.o
                0x00003eb8                pid_getKd
 .text.pidUpdateData
                0x00003ecc       0xc0 ./Sources/pid.o
                0x00003ecc                pidUpdateData
 .text.util_genDelay088us
                0x00003f8c       0x48 ./Sources/util.o
                0x00003f8c                util_genDelay088us
 .text.util_genDelay250us
                0x00003fd4       0x44 ./Sources/util.o
                0x00003fd4                util_genDelay250us
 .text.util_genDelay1ms
                0x00004018       0x18 ./Sources/util.o
                0x00004018                util_genDelay1ms
 .text.init_data_bss
                0x00004030       0xc8 ./Project_Settings/Startup_Code/startup.o
                0x00004030                init_data_bss
 .text.SystemInit
                0x000040f8       0x18 ./Project_Settings/Startup_Code/system_MKL25Z4.o
                0x000040f8                SystemInit
 .text.UART_HAL_SetBaudRate
                0x00004110       0x34 C:/Freescale/KSDK_1.2.0/lib/ksdk_platform_lib/kds/KL25Z4/debug/libksdk_platform.a(fsl_uart_hal.o)
                0x00004110                UART_HAL_SetBaudRate
 .text.UART_HAL_SetParityMode
                0x00004144       0x1e C:/Freescale/KSDK_1.2.0/lib/ksdk_platform_lib/kds/KL25Z4/debug/libksdk_platform.a(fsl_uart_hal.o)
                0x00004144                UART_HAL_SetParityMode
 .text.UART_HAL_SendDataPolling
                0x00004162       0x22 C:/Freescale/KSDK_1.2.0/lib/ksdk_platform_lib/kds/KL25Z4/debug/libksdk_platform.a(fsl_uart_hal.o)
                0x00004162                UART_HAL_SendDataPolling
 .text.UART_HAL_ReceiveDataPolling
                0x00004184       0x38 C:/Freescale/KSDK_1.2.0/lib/ksdk_platform_lib/kds/KL25Z4/debug/libksdk_platform.a(fsl_uart_hal.o)
                0x00004184                UART_HAL_ReceiveDataPolling
 .text.INT_SYS_DisableIRQ
                0x000041bc       0x40 C:/Freescale/KSDK_1.2.0/lib/ksdk_platform_lib/kds/KL25Z4/debug/libksdk_platform.a(fsl_lptmr_driver.o)
 .text.LPTMR_DRV_Init
                0x000041fc      0x124 C:/Freescale/KSDK_1.2.0/lib/ksdk_platform_lib/kds/KL25Z4/debug/libksdk_platform.a(fsl_lptmr_driver.o)
                0x000041fc                LPTMR_DRV_Init
 .text.LPTMR_DRV_Start
                0x00004320       0x4c C:/Freescale/KSDK_1.2.0/lib/ksdk_platform_lib/kds/KL25Z4/debug/libksdk_platform.a(fsl_lptmr_driver.o)
                0x00004320                LPTMR_DRV_Start
 .text.LPTMR_DRV_SetTimerPeriodUs
                0x0000436c       0xcc C:/Freescale/KSDK_1.2.0/lib/ksdk_platform_lib/kds/KL25Z4/debug/libksdk_platform.a(fsl_lptmr_driver.o)
                0x0000436c                LPTMR_DRV_SetTimerPeriodUs
 .text.LPTMR_DRV_InstallCallback
                0x00004438       0x38 C:/Freescale/KSDK_1.2.0/lib/ksdk_platform_lib/kds/KL25Z4/debug/libksdk_platform.a(fsl_lptmr_driver.o)
                0x00004438                LPTMR_DRV_InstallCallback
 .text.LPTMR_DRV_IRQHandler
                0x00004470       0x6c C:/Freescale/KSDK_1.2.0/lib/ksdk_platform_lib/kds/KL25Z4/debug/libksdk_platform.a(fsl_lptmr_driver.o)
                0x00004470                LPTMR_DRV_IRQHandler
 .text.LPSCI_HAL_SetBaudRate
                0x000044dc       0xcc C:/Freescale/KSDK_1.2.0/lib/ksdk_platform_lib/kds/KL25Z4/debug/libksdk_platform.a(fsl_lpsci_hal.o)
                0x000044dc                LPSCI_HAL_SetBaudRate
 .text.LPSCI_HAL_SetParityMode
                0x000045a8       0x1e C:/Freescale/KSDK_1.2.0/lib/ksdk_platform_lib/kds/KL25Z4/debug/libksdk_platform.a(fsl_lpsci_hal.o)
                0x000045a8                LPSCI_HAL_SetParityMode
 .text.LPSCI_HAL_SendDataPolling
                0x000045c6       0x20 C:/Freescale/KSDK_1.2.0/lib/ksdk_platform_lib/kds/KL25Z4/debug/libksdk_platform.a(fsl_lpsci_hal.o)
                0x000045c6                LPSCI_HAL_SendDataPolling
 .text.LPSCI_HAL_ReceiveDataPolling
                0x000045e6       0x36 C:/Freescale/KSDK_1.2.0/lib/ksdk_platform_lib/kds/KL25Z4/debug/libksdk_platform.a(fsl_lpsci_hal.o)
                0x000045e6                LPSCI_HAL_ReceiveDataPolling
 .text.SIM_HAL_EnableClock.constprop.7
                0x0000461c       0x24 C:/Freescale/KSDK_1.2.0/lib/ksdk_platform_lib/kds/KL25Z4/debug/libksdk_platform.a(fsl_clock_MKL25Z4.o)
 .text.CLOCK_SYS_GetCoreClockFreq
                0x00004640       0x20 C:/Freescale/KSDK_1.2.0/lib/ksdk_platform_lib/kds/KL25Z4/debug/libksdk_platform.a(fsl_clock_MKL25Z4.o)
                0x00004640                CLOCK_SYS_GetCoreClockFreq
 .text.CLOCK_SYS_SetConfiguration
                0x00004660       0x84 C:/Freescale/KSDK_1.2.0/lib/ksdk_platform_lib/kds/KL25Z4/debug/libksdk_platform.a(fsl_clock_MKL25Z4.o)
                0x00004660                CLOCK_SYS_SetConfiguration
 .text.CLOCK_SYS_FllStableDelay
                0x000046e4       0x1c C:/Freescale/KSDK_1.2.0/lib/ksdk_platform_lib/kds/KL25Z4/debug/libksdk_platform.a(fsl_clock_MKL25Z4.o)
 .text.CLOCK_SYS_GetSystemClockFreq
                0x00004700       0x20 C:/Freescale/KSDK_1.2.0/lib/ksdk_platform_lib/kds/KL25Z4/debug/libksdk_platform.a(fsl_clock_MKL25Z4.o)
                0x00004700                CLOCK_SYS_GetSystemClockFreq
 .text.CLOCK_SYS_GetBusClockFreq
                0x00004720       0x18 C:/Freescale/KSDK_1.2.0/lib/ksdk_platform_lib/kds/KL25Z4/debug/libksdk_platform.a(fsl_clock_MKL25Z4.o)
                0x00004720                CLOCK_SYS_GetBusClockFreq
 .text.CLOCK_SYS_GetPllFllClockFreq
                0x00004738       0x30 C:/Freescale/KSDK_1.2.0/lib/ksdk_platform_lib/kds/KL25Z4/debug/libksdk_platform.a(fsl_clock_MKL25Z4.o)
                0x00004738                CLOCK_SYS_GetPllFllClockFreq
 .text.CLOCK_SYS_GetExternalRefClock32kFreq
                0x00004768       0x40 C:/Freescale/KSDK_1.2.0/lib/ksdk_platform_lib/kds/KL25Z4/debug/libksdk_platform.a(fsl_clock_MKL25Z4.o)
                0x00004768                CLOCK_SYS_GetExternalRefClock32kFreq
 .text.CLOCK_SYS_GetOsc0ExternalRefClockFreq
                0x000047a8       0x24 C:/Freescale/KSDK_1.2.0/lib/ksdk_platform_lib/kds/KL25Z4/debug/libksdk_platform.a(fsl_clock_MKL25Z4.o)
                0x000047a8                CLOCK_SYS_GetOsc0ExternalRefClockFreq
 .text.CLOCK_SYS_GetLptmrFreq
                0x000047cc       0x30 C:/Freescale/KSDK_1.2.0/lib/ksdk_platform_lib/kds/KL25Z4/debug/libksdk_platform.a(fsl_clock_MKL25Z4.o)
                0x000047cc                CLOCK_SYS_GetLptmrFreq
 .text.CLOCK_SYS_GetLpsciFreq
                0x000047fc       0x34 C:/Freescale/KSDK_1.2.0/lib/ksdk_platform_lib/kds/KL25Z4/debug/libksdk_platform.a(fsl_clock_MKL25Z4.o)
                0x000047fc                CLOCK_SYS_GetLpsciFreq
 .text.CLOCK_SYS_GetUartFreq
                0x00004830       0x10 C:/Freescale/KSDK_1.2.0/lib/ksdk_platform_lib/kds/KL25Z4/debug/libksdk_platform.a(fsl_clock_MKL25Z4.o)
                0x00004830                CLOCK_SYS_GetUartFreq
 .text.CLOCK_SYS_EnablePortClock
                0x00004840       0x30 C:/Freescale/KSDK_1.2.0/lib/ksdk_platform_lib/kds/KL25Z4/debug/libksdk_platform.a(fsl_clock_MKL25Z4.o)
                0x00004840                CLOCK_SYS_EnablePortClock
 .text.CLOCK_SYS_EnableLpsciClock
                0x00004870       0x30 C:/Freescale/KSDK_1.2.0/lib/ksdk_platform_lib/kds/KL25Z4/debug/libksdk_platform.a(fsl_clock_MKL25Z4.o)
                0x00004870                CLOCK_SYS_EnableLpsciClock
 .text.CLOCK_SYS_EnableUartClock
                0x000048a0       0x30 C:/Freescale/KSDK_1.2.0/lib/ksdk_platform_lib/kds/KL25Z4/debug/libksdk_platform.a(fsl_clock_MKL25Z4.o)
                0x000048a0                CLOCK_SYS_EnableUartClock
 .text.CLOCK_SYS_SetMcgPeeToFbe
                0x000048d0       0x30 C:/Freescale/KSDK_1.2.0/lib/ksdk_platform_lib/kds/KL25Z4/debug/libksdk_platform.a(fsl_clock_manager.o)
 .text.CLOCK_SYS_SetMcgMode
                0x00004900      0x134 C:/Freescale/KSDK_1.2.0/lib/ksdk_platform_lib/kds/KL25Z4/debug/libksdk_platform.a(fsl_clock_manager.o)
                0x00004900                CLOCK_SYS_SetMcgMode
 .text.CLOCK_SYS_SetOscerConfigration
                0x00004a34       0x28 C:/Freescale/KSDK_1.2.0/lib/ksdk_platform_lib/kds/KL25Z4/debug/libksdk_platform.a(fsl_clock_manager.o)
                0x00004a34                CLOCK_SYS_SetOscerConfigration
 .text.CLOCK_SYS_OscInit
                0x00004a5c       0x98 C:/Freescale/KSDK_1.2.0/lib/ksdk_platform_lib/kds/KL25Z4/debug/libksdk_platform.a(fsl_clock_manager.o)
                0x00004a5c                CLOCK_SYS_OscInit
 .text.CLOCK_SYS_RtcOscInit
                0x00004af4       0xa0 C:/Freescale/KSDK_1.2.0/lib/ksdk_platform_lib/kds/KL25Z4/debug/libksdk_platform.a(fsl_clock_manager.o)
                0x00004af4                CLOCK_SYS_RtcOscInit
 .text.CLOCK_HAL_SetOutDiv
                0x00004b94       0x1c C:/Freescale/KSDK_1.2.0/lib/ksdk_platform_lib/kds/KL25Z4/debug/libksdk_platform.a(fsl_sim_hal_MKL25Z4.o)
                0x00004b94                CLOCK_HAL_SetOutDiv
 .text.OSC_HAL_SetCapacitor
                0x00004bb0        0xe C:/Freescale/KSDK_1.2.0/lib/ksdk_platform_lib/kds/KL25Z4/debug/libksdk_platform.a(fsl_osc_hal.o)
                0x00004bb0                OSC_HAL_SetCapacitor
 *fill*         0x00004bbe        0x2 
 .text.CLOCK_HAL_TestOscFreq
                0x00004bc0        0xc C:/Freescale/KSDK_1.2.0/lib/ksdk_platform_lib/kds/KL25Z4/debug/libksdk_platform.a(fsl_mcg_hal.o)
                0x00004bc0                CLOCK_HAL_TestOscFreq
 .text.CLOCK_HAL_TestFllExternalRefFreq
                0x00004bcc       0x36 C:/Freescale/KSDK_1.2.0/lib/ksdk_platform_lib/kds/KL25Z4/debug/libksdk_platform.a(fsl_mcg_hal.o)
                0x00004bcc                CLOCK_HAL_TestFllExternalRefFreq
 *fill*         0x00004c02        0x2 
 .text.CLOCK_HAL_GetFllRefClk
                0x00004c04       0x44 C:/Freescale/KSDK_1.2.0/lib/ksdk_platform_lib/kds/KL25Z4/debug/libksdk_platform.a(fsl_mcg_hal.o)
                0x00004c04                CLOCK_HAL_GetFllRefClk
 .text.CLOCK_HAL_TestFllFreq
                0x00004c48       0x38 C:/Freescale/KSDK_1.2.0/lib/ksdk_platform_lib/kds/KL25Z4/debug/libksdk_platform.a(fsl_mcg_hal.o)
                0x00004c48                CLOCK_HAL_TestFllFreq
 .text.CLOCK_HAL_GetFllClk
                0x00004c80       0x40 C:/Freescale/KSDK_1.2.0/lib/ksdk_platform_lib/kds/KL25Z4/debug/libksdk_platform.a(fsl_mcg_hal.o)
                0x00004c80                CLOCK_HAL_GetFllClk
 .text.CLOCK_HAL_UpdateFastClkInternalRefDiv
                0x00004cc0       0x60 C:/Freescale/KSDK_1.2.0/lib/ksdk_platform_lib/kds/KL25Z4/debug/libksdk_platform.a(fsl_mcg_hal.o)
                0x00004cc0                CLOCK_HAL_UpdateFastClkInternalRefDiv
 .text.CLOCK_HAL_GetPll0Clk
                0x00004d20       0x48 C:/Freescale/KSDK_1.2.0/lib/ksdk_platform_lib/kds/KL25Z4/debug/libksdk_platform.a(fsl_mcg_hal.o)
                0x00004d20                CLOCK_HAL_GetPll0Clk
 .text.CLOCK_HAL_EnablePll0InFllMode
                0x00004d68       0x38 C:/Freescale/KSDK_1.2.0/lib/ksdk_platform_lib/kds/KL25Z4/debug/libksdk_platform.a(fsl_mcg_hal.o)
                0x00004d68                CLOCK_HAL_EnablePll0InFllMode
 .text.CLOCK_HAL_GetInternalRefClk
                0x00004da0       0x40 C:/Freescale/KSDK_1.2.0/lib/ksdk_platform_lib/kds/KL25Z4/debug/libksdk_platform.a(fsl_mcg_hal.o)
                0x00004da0                CLOCK_HAL_GetInternalRefClk
 .text.CLOCK_HAL_GetOutClk
                0x00004de0       0x48 C:/Freescale/KSDK_1.2.0/lib/ksdk_platform_lib/kds/KL25Z4/debug/libksdk_platform.a(fsl_mcg_hal.o)
                0x00004de0                CLOCK_HAL_GetOutClk
 .text.CLOCK_HAL_SetOsc0Mode
                0x00004e28       0x24 C:/Freescale/KSDK_1.2.0/lib/ksdk_platform_lib/kds/KL25Z4/debug/libksdk_platform.a(fsl_mcg_hal.o)
                0x00004e28                CLOCK_HAL_SetOsc0Mode
 .text.CLOCK_HAL_PrepareOsc.isra.0
                0x00004e4c       0x1e C:/Freescale/KSDK_1.2.0/lib/ksdk_platform_lib/kds/KL25Z4/debug/libksdk_platform.a(fsl_mcg_hal_modes.o)
 *fill*         0x00004e6a        0x2 
 .text.CLOCK_HAL_GetMcgMode
                0x00004e6c       0x8c C:/Freescale/KSDK_1.2.0/lib/ksdk_platform_lib/kds/KL25Z4/debug/libksdk_platform.a(fsl_mcg_hal_modes.o)
                0x00004e6c                CLOCK_HAL_GetMcgMode
 .text.CLOCK_HAL_SetFbiMode
                0x00004ef8       0xc0 C:/Freescale/KSDK_1.2.0/lib/ksdk_platform_lib/kds/KL25Z4/debug/libksdk_platform.a(fsl_mcg_hal_modes.o)
                0x00004ef8                CLOCK_HAL_SetFbiMode
 .text.CLOCK_HAL_SetFbeMode
                0x00004fb8       0xd0 C:/Freescale/KSDK_1.2.0/lib/ksdk_platform_lib/kds/KL25Z4/debug/libksdk_platform.a(fsl_mcg_hal_modes.o)
                0x00004fb8                CLOCK_HAL_SetFbeMode
 .text.CLOCK_HAL_SetPbeMode
                0x00005088       0xc8 C:/Freescale/KSDK_1.2.0/lib/ksdk_platform_lib/kds/KL25Z4/debug/libksdk_platform.a(fsl_mcg_hal_modes.o)
                0x00005088                CLOCK_HAL_SetPbeMode
 .text.LPTMR_HAL_SetTimerWorkingMode
                0x00005150       0x3a C:/Freescale/KSDK_1.2.0/lib/ksdk_platform_lib/kds/KL25Z4/debug/libksdk_platform.a(fsl_lptmr_hal.o)
                0x00005150                LPTMR_HAL_SetTimerWorkingMode
 .text.LPTMR_HAL_SetPrescalerMode
                0x0000518a       0x1e C:/Freescale/KSDK_1.2.0/lib/ksdk_platform_lib/kds/KL25Z4/debug/libksdk_platform.a(fsl_lptmr_hal.o)
                0x0000518a                LPTMR_HAL_SetPrescalerMode
 .text.__assert_func
                0x000051a8       0x3c c:/freescale/kds_v3/toolchain/bin/../lib/gcc/arm-none-eabi/4.8.4/../../../../arm-none-eabi/lib/armv6-m\libg_s.a(lib_a-assert.o)
                0x000051a8                __assert_func
 .text.exit     0x000051e4       0x2c c:/freescale/kds_v3/toolchain/bin/../lib/gcc/arm-none-eabi/4.8.4/../../../../arm-none-eabi/lib/armv6-m\libg_s.a(lib_a-exit.o)
                0x000051e4                exit
 .text.fprintf  0x00005210       0x24 c:/freescale/kds_v3/toolchain/bin/../lib/gcc/arm-none-eabi/4.8.4/../../../../arm-none-eabi/lib/armv6-m\libg_s.a(lib_a-fprintf.o)
                0x00005210                fiprintf
                0x00005210                fprintf
 .text.__libc_init_array
                0x00005234       0x4c c:/freescale/kds_v3/toolchain/bin/../lib/gcc/arm-none-eabi/4.8.4/../../../../arm-none-eabi/lib/armv6-m\libg_s.a(lib_a-init.o)
                0x00005234                __libc_init_array
 .text.memset   0x00005280       0x10 c:/freescale/kds_v3/toolchain/bin/../lib/gcc/arm-none-eabi/4.8.4/../../../../arm-none-eabi/lib/armv6-m\libg_s.a(lib_a-memset.o)
                0x00005280                memset
 .text._free_r  0x00005290       0x90 c:/freescale/kds_v3/toolchain/bin/../lib/gcc/arm-none-eabi/4.8.4/../../../../arm-none-eabi/lib/armv6-m\libg_s.a(lib_a-nano-freer.o)
                0x00005290                _free_r
 .text._malloc_r
                0x00005320       0xa8 c:/freescale/kds_v3/toolchain/bin/../lib/gcc/arm-none-eabi/4.8.4/../../../../arm-none-eabi/lib/armv6-m\libg_s.a(lib_a-nano-mallocr.o)
                0x00005320                _malloc_r
 .text._sbrk_r  0x000053c8       0x24 c:/freescale/kds_v3/toolchain/bin/../lib/gcc/arm-none-eabi/4.8.4/../../../../arm-none-eabi/lib/armv6-m\libg_s.a(lib_a-sbrkr.o)
                0x000053c8                _sbrk_r
 .text.strlen   0x000053ec        0xe c:/freescale/kds_v3/toolchain/bin/../lib/gcc/arm-none-eabi/4.8.4/../../../../arm-none-eabi/lib/armv6-m\libg_s.a(lib_a-strlen.o)
                0x000053ec                strlen
 .text.__sfputc_r
                0x000053fa       0x2a c:/freescale/kds_v3/toolchain/bin/../lib/gcc/arm-none-eabi/4.8.4/../../../../arm-none-eabi/lib/armv6-m\libg_s.a(lib_a-vfprintf.o)
 .text.__sfputs_r
                0x00005424       0x24 c:/freescale/kds_v3/toolchain/bin/../lib/gcc/arm-none-eabi/4.8.4/../../../../arm-none-eabi/lib/armv6-m\libg_s.a(lib_a-vfprintf.o)
                0x00005424                __sfputs_r
 .text._vfprintf_r
                0x00005448      0x210 c:/freescale/kds_v3/toolchain/bin/../lib/gcc/arm-none-eabi/4.8.4/../../../../arm-none-eabi/lib/armv6-m\libg_s.a(lib_a-vfprintf.o)
                0x00005448                _vfprintf_r
                0x00005448                _vfiprintf_r
 .text._printf_common
                0x00005658       0xe8 c:/freescale/kds_v3/toolchain/bin/../lib/gcc/arm-none-eabi/4.8.4/../../../../arm-none-eabi/lib/armv6-m\libg_s.a(lib_a-vfprintf_i.o)
                0x00005658                _printf_common
 .text._printf_i
                0x00005740      0x22c c:/freescale/kds_v3/toolchain/bin/../lib/gcc/arm-none-eabi/4.8.4/../../../../arm-none-eabi/lib/armv6-m\libg_s.a(lib_a-vfprintf_i.o)
                0x00005740                _printf_i
 .text.__swbuf_r
                0x0000596c       0xb0 c:/freescale/kds_v3/toolchain/bin/../lib/gcc/arm-none-eabi/4.8.4/../../../../arm-none-eabi/lib/armv6-m\libg_s.a(lib_a-wbuf.o)
                0x0000596c                __swbuf_r
 .text.__swsetup_r
                0x00005a1c       0xe4 c:/freescale/kds_v3/toolchain/bin/../lib/gcc/arm-none-eabi/4.8.4/../../../../arm-none-eabi/lib/armv6-m\libg_s.a(lib_a-wsetup.o)
                0x00005a1c                __swsetup_r
 .text.abort    0x00005b00        0xe c:/freescale/kds_v3/toolchain/bin/../lib/gcc/arm-none-eabi/4.8.4/../../../../arm-none-eabi/lib/armv6-m\libg_s.a(lib_a-abort.o)
                0x00005b00                abort
 .text.__sflush_r
                0x00005b0e      0x112 c:/freescale/kds_v3/toolchain/bin/../lib/gcc/arm-none-eabi/4.8.4/../../../../arm-none-eabi/lib/armv6-m\libg_s.a(lib_a-fflush.o)
                0x00005b0e                __sflush_r
 .text._fflush_r
                0x00005c20       0x58 c:/freescale/kds_v3/toolchain/bin/../lib/gcc/arm-none-eabi/4.8.4/../../../../arm-none-eabi/lib/armv6-m\libg_s.a(lib_a-fflush.o)
                0x00005c20                _fflush_r
 .text._cleanup_r
                0x00005c78       0x34 c:/freescale/kds_v3/toolchain/bin/../lib/gcc/arm-none-eabi/4.8.4/../../../../arm-none-eabi/lib/armv6-m\libg_s.a(lib_a-findfp.o)
                0x00005c78                _cleanup_r
 .text.std.isra.0
                0x00005cac       0x48 c:/freescale/kds_v3/toolchain/bin/../lib/gcc/arm-none-eabi/4.8.4/../../../../arm-none-eabi/lib/armv6-m\libg_s.a(lib_a-findfp.o)
 .text.__sfmoreglue
                0x00005cf4       0x2c c:/freescale/kds_v3/toolchain/bin/../lib/gcc/arm-none-eabi/4.8.4/../../../../arm-none-eabi/lib/armv6-m\libg_s.a(lib_a-findfp.o)
                0x00005cf4                __sfmoreglue
 .text.__sinit  0x00005d20       0x64 c:/freescale/kds_v3/toolchain/bin/../lib/gcc/arm-none-eabi/4.8.4/../../../../arm-none-eabi/lib/armv6-m\libg_s.a(lib_a-findfp.o)
                0x00005d20                __sinit
 .text.__sfp    0x00005d84       0x7c c:/freescale/kds_v3/toolchain/bin/../lib/gcc/arm-none-eabi/4.8.4/../../../../arm-none-eabi/lib/armv6-m\libg_s.a(lib_a-findfp.o)
                0x00005d84                __sfp
 .text.__smakebuf_r
                0x00005e00       0xa0 c:/freescale/kds_v3/toolchain/bin/../lib/gcc/arm-none-eabi/4.8.4/../../../../arm-none-eabi/lib/armv6-m\libg_s.a(lib_a-makebuf.o)
                0x00005e00                __smakebuf_r
 .text.memchr   0x00005ea0       0x16 c:/freescale/kds_v3/toolchain/bin/../lib/gcc/arm-none-eabi/4.8.4/../../../../arm-none-eabi/lib/armv6-m\libg_s.a(lib_a-memchr-stub.o)
                0x00005ea0                memchr
 .text._raise_r
                0x00005eb6       0x56 c:/freescale/kds_v3/toolchain/bin/../lib/gcc/arm-none-eabi/4.8.4/../../../../arm-none-eabi/lib/armv6-m\libg_s.a(lib_a-signal.o)
                0x00005eb6                _raise_r
 .text.raise    0x00005f0c       0x14 c:/freescale/kds_v3/toolchain/bin/../lib/gcc/arm-none-eabi/4.8.4/../../../../arm-none-eabi/lib/armv6-m\libg_s.a(lib_a-signal.o)
                0x00005f0c                raise
 .text._kill_r  0x00005f20       0x24 c:/freescale/kds_v3/toolchain/bin/../lib/gcc/arm-none-eabi/4.8.4/../../../../arm-none-eabi/lib/armv6-m\libg_s.a(lib_a-signalr.o)
                0x00005f20                _kill_r
 .text._getpid_r
                0x00005f44        0x8 c:/freescale/kds_v3/toolchain/bin/../lib/gcc/arm-none-eabi/4.8.4/../../../../arm-none-eabi/lib/armv6-m\libg_s.a(lib_a-signalr.o)
                0x00005f44                _getpid_r
 .text.__sread  0x00005f4c       0x28 c:/freescale/kds_v3/toolchain/bin/../lib/gcc/arm-none-eabi/4.8.4/../../../../arm-none-eabi/lib/armv6-m\libg_s.a(lib_a-stdio.o)
                0x00005f4c                __sread
 .text.__swrite
                0x00005f74       0x38 c:/freescale/kds_v3/toolchain/bin/../lib/gcc/arm-none-eabi/4.8.4/../../../../arm-none-eabi/lib/armv6-m\libg_s.a(lib_a-stdio.o)
                0x00005f74                __swrite
 .text.__sseek  0x00005fac       0x2c c:/freescale/kds_v3/toolchain/bin/../lib/gcc/arm-none-eabi/4.8.4/../../../../arm-none-eabi/lib/armv6-m\libg_s.a(lib_a-stdio.o)
                0x00005fac                __sseek
 .text.__sclose
                0x00005fd8        0xc c:/freescale/kds_v3/toolchain/bin/../lib/gcc/arm-none-eabi/4.8.4/../../../../arm-none-eabi/lib/armv6-m\libg_s.a(lib_a-stdio.o)
                0x00005fd8                __sclose
 .text._write_r
                0x00005fe4       0x28 c:/freescale/kds_v3/toolchain/bin/../lib/gcc/arm-none-eabi/4.8.4/../../../../arm-none-eabi/lib/armv6-m\libg_s.a(lib_a-writer.o)
                0x00005fe4                _write_r
 .text._close_r
                0x0000600c       0x24 c:/freescale/kds_v3/toolchain/bin/../lib/gcc/arm-none-eabi/4.8.4/../../../../arm-none-eabi/lib/armv6-m\libg_s.a(lib_a-closer.o)
                0x0000600c                _close_r
 .text._fstat_r
                0x00006030       0x24 c:/freescale/kds_v3/toolchain/bin/../lib/gcc/arm-none-eabi/4.8.4/../../../../arm-none-eabi/lib/armv6-m\libg_s.a(lib_a-fstatr.o)
                0x00006030                _fstat_r
 .text._isatty_r
                0x00006054       0x24 c:/freescale/kds_v3/toolchain/bin/../lib/gcc/arm-none-eabi/4.8.4/../../../../arm-none-eabi/lib/armv6-m\libg_s.a(lib_a-isattyr.o)
                0x00006054                _isatty_r
 .text._lseek_r
                0x00006078       0x28 c:/freescale/kds_v3/toolchain/bin/../lib/gcc/arm-none-eabi/4.8.4/../../../../arm-none-eabi/lib/armv6-m\libg_s.a(lib_a-lseekr.o)
                0x00006078                _lseek_r
 .text._read_r  0x000060a0       0x28 c:/freescale/kds_v3/toolchain/bin/../lib/gcc/arm-none-eabi/4.8.4/../../../../arm-none-eabi/lib/armv6-m\libg_s.a(lib_a-readr.o)
                0x000060a0                _read_r
 .text._close   0x000060c8       0x10 c:/freescale/kds_v3/toolchain/bin/../lib/gcc/arm-none-eabi/4.8.4/../../../../arm-none-eabi/lib/armv6-m\libnosys.a(close.o)
                0x000060c8                _close
 .text._fstat   0x000060d8       0x10 c:/freescale/kds_v3/toolchain/bin/../lib/gcc/arm-none-eabi/4.8.4/../../../../arm-none-eabi/lib/armv6-m\libnosys.a(fstat.o)
                0x000060d8                _fstat
 .text._getpid  0x000060e8       0x10 c:/freescale/kds_v3/toolchain/bin/../lib/gcc/arm-none-eabi/4.8.4/../../../../arm-none-eabi/lib/armv6-m\libnosys.a(getpid.o)
                0x000060e8                _getpid
 .text._isatty  0x000060f8       0x10 c:/freescale/kds_v3/toolchain/bin/../lib/gcc/arm-none-eabi/4.8.4/../../../../arm-none-eabi/lib/armv6-m\libnosys.a(isatty.o)
                0x000060f8                _isatty
 .text._kill    0x00006108       0x10 c:/freescale/kds_v3/toolchain/bin/../lib/gcc/arm-none-eabi/4.8.4/../../../../arm-none-eabi/lib/armv6-m\libnosys.a(kill.o)
                0x00006108                _kill
 .text._lseek   0x00006118       0x10 c:/freescale/kds_v3/toolchain/bin/../lib/gcc/arm-none-eabi/4.8.4/../../../../arm-none-eabi/lib/armv6-m\libnosys.a(lseek.o)
                0x00006118                _lseek
 .text._sbrk    0x00006128       0x34 c:/freescale/kds_v3/toolchain/bin/../lib/gcc/arm-none-eabi/4.8.4/../../../../arm-none-eabi/lib/armv6-m\libnosys.a(sbrk.o)
                0x00006128                _sbrk
 .text._exit    0x0000615c        0x4 c:/freescale/kds_v3/toolchain/bin/../lib/gcc/arm-none-eabi/4.8.4/../../../../arm-none-eabi/lib/armv6-m\libnosys.a(_exit.o)
                0x0000615c                _exit
 *(.rodata)
 .rodata        0x00006160       0x44 ./Sources/UART.o
 .rodata        0x000061a4        0xc ./Sources/fsl_debug_console.o
 .rodata        0x000061b0       0x44 ./Sources/main.o
 .rodata        0x000061f4       0x44 ./Sources/mcg.o
 .rodata        0x00006238       0x40 c:/freescale/kds_v3/toolchain/bin/../lib/gcc/arm-none-eabi/4.8.4/armv6-m\libgcc.a(divsf3.o)
 .rodata        0x00006278       0x40 c:/freescale/kds_v3/toolchain/bin/../lib/gcc/arm-none-eabi/4.8.4/armv6-m\libgcc.a(mulsf3.o)
 *(.rodata*)
 .rodata.__func__.6323
                0x000062b8       0x14 ./Sources/UART.o
 .rodata.processamentoByte
                0x000062cc       0x14 ./Sources/communicationStateMachine.o
 .rodata.returnParam
                0x000062e0       0x50 ./Sources/communicationStateMachine.o
 .rodata.tabela_temp
                0x00006330      0x100 ./Sources/lut_adc_3v3.o
                0x00006330                tabela_temp
 .rodata.g_defaultClockConfigRun
                0x00006430       0x14 ./Sources/mcg.o
                0x00006430                g_defaultClockConfigRun
 .rodata.__func__.5195
                0x00006444       0x14 ./Sources/mcg.o
 .rodata.__func__.6554
                0x00006458       0x1a C:/Freescale/KSDK_1.2.0/lib/ksdk_platform_lib/kds/KL25Z4/debug/libksdk_platform.a(fsl_lptmr_driver.o)
 .rodata.__func__.6558
                0x00006472       0x15 C:/Freescale/KSDK_1.2.0/lib/ksdk_platform_lib/kds/KL25Z4/debug/libksdk_platform.a(fsl_lptmr_driver.o)
 .rodata.str1.1
                0x00006487      0x11b C:/Freescale/KSDK_1.2.0/lib/ksdk_platform_lib/kds/KL25Z4/debug/libksdk_platform.a(fsl_lptmr_driver.o)
 .rodata.__func__.6506
                0x000065a2        0xf C:/Freescale/KSDK_1.2.0/lib/ksdk_platform_lib/kds/KL25Z4/debug/libksdk_platform.a(fsl_lptmr_driver.o)
 .rodata.__func__.5685
                0x000065b1       0x12 C:/Freescale/KSDK_1.2.0/lib/ksdk_platform_lib/kds/KL25Z4/debug/libksdk_platform.a(fsl_lptmr_driver.o)
 .rodata.__func__.5689
                0x000065c3       0x13 C:/Freescale/KSDK_1.2.0/lib/ksdk_platform_lib/kds/KL25Z4/debug/libksdk_platform.a(fsl_lptmr_driver.o)
 .rodata.__func__.6518
                0x000065d6       0x10 C:/Freescale/KSDK_1.2.0/lib/ksdk_platform_lib/kds/KL25Z4/debug/libksdk_platform.a(fsl_lptmr_driver.o)
 .rodata.__func__.6529
                0x000065e6       0x1b C:/Freescale/KSDK_1.2.0/lib/ksdk_platform_lib/kds/KL25Z4/debug/libksdk_platform.a(fsl_lptmr_driver.o)
 .rodata.__func__.6307
                0x00006601       0x1b C:/Freescale/KSDK_1.2.0/lib/ksdk_platform_lib/kds/KL25Z4/debug/libksdk_platform.a(fsl_clock_MKL25Z4.o)
 .rodata.uartGateTable
                0x0000661c        0x3 C:/Freescale/KSDK_1.2.0/lib/ksdk_platform_lib/kds/KL25Z4/debug/libksdk_platform.a(fsl_clock_MKL25Z4.o)
 .rodata.__func__.6521
                0x0000661f       0x1a C:/Freescale/KSDK_1.2.0/lib/ksdk_platform_lib/kds/KL25Z4/debug/libksdk_platform.a(fsl_clock_MKL25Z4.o)
 .rodata.portGateTable
                0x00006639        0x5 C:/Freescale/KSDK_1.2.0/lib/ksdk_platform_lib/kds/KL25Z4/debug/libksdk_platform.a(fsl_clock_MKL25Z4.o)
 .rodata.__func__.6516
                0x0000663e       0x1b C:/Freescale/KSDK_1.2.0/lib/ksdk_platform_lib/kds/KL25Z4/debug/libksdk_platform.a(fsl_clock_MKL25Z4.o)
 .rodata.str1.1
                0x00006659      0x225 C:/Freescale/KSDK_1.2.0/lib/ksdk_platform_lib/kds/KL25Z4/debug/libksdk_platform.a(fsl_clock_MKL25Z4.o)
 .rodata.__func__.6443
                0x0000687e       0x1a C:/Freescale/KSDK_1.2.0/lib/ksdk_platform_lib/kds/KL25Z4/debug/libksdk_platform.a(fsl_clock_MKL25Z4.o)
 .rodata.__func__.6545
                0x00006898       0x12 C:/Freescale/KSDK_1.2.0/lib/ksdk_platform_lib/kds/KL25Z4/debug/libksdk_platform.a(fsl_clock_manager.o)
 .rodata.__func__.6562
                0x000068aa       0x15 C:/Freescale/KSDK_1.2.0/lib/ksdk_platform_lib/kds/KL25Z4/debug/libksdk_platform.a(fsl_clock_manager.o)
 .rodata.str1.1
                0x000068bf       0xaf C:/Freescale/KSDK_1.2.0/lib/ksdk_platform_lib/kds/KL25Z4/debug/libksdk_platform.a(fsl_clock_manager.o)
 *fill*         0x0000696e        0x2 
 .rodata.g_oscBase
                0x00006970        0x4 C:/Freescale/KSDK_1.2.0/lib/ksdk_platform_lib/kds/KL25Z4/debug/libksdk_platform.a(fsl_clock_manager_common.o)
                0x00006970                g_oscBase
 .rodata.g_rtcBase
                0x00006974        0x4 C:/Freescale/KSDK_1.2.0/lib/ksdk_platform_lib/kds/KL25Z4/debug/libksdk_platform.a(fsl_rtc_common.o)
                0x00006974                g_rtcBase
 .rodata.fllFactorTable.5183
                0x00006978       0x10 C:/Freescale/KSDK_1.2.0/lib/ksdk_platform_lib/kds/KL25Z4/debug/libksdk_platform.a(fsl_mcg_hal.o)
 .rodata.g_lptmrBase
                0x00006988        0x4 C:/Freescale/KSDK_1.2.0/lib/ksdk_platform_lib/kds/KL25Z4/debug/libksdk_platform.a(fsl_lptmr_common.o)
                0x00006988                g_lptmrBase
 .rodata.g_lptmrIrqId
                0x0000698c        0x1 C:/Freescale/KSDK_1.2.0/lib/ksdk_platform_lib/kds/KL25Z4/debug/libksdk_platform.a(fsl_lptmr_common.o)
                0x0000698c                g_lptmrIrqId
 .rodata.str1.1
                0x0000698d       0x3c c:/freescale/kds_v3/toolchain/bin/../lib/gcc/arm-none-eabi/4.8.4/../../../../arm-none-eabi/lib/armv6-m\libg_s.a(lib_a-assert.o)
                                 0x3d (size before relaxing)
 .rodata.str1.1
                0x000069c9        0x2 c:/freescale/kds_v3/toolchain/bin/../lib/gcc/arm-none-eabi/4.8.4/../../../../arm-none-eabi/lib/armv6-m\libg_s.a(lib_a-impure.o)
 *fill*         0x000069cb        0x1 
 .rodata._global_impure_ptr
                0x000069cc        0x4 c:/freescale/kds_v3/toolchain/bin/../lib/gcc/arm-none-eabi/4.8.4/../../../../arm-none-eabi/lib/armv6-m\libg_s.a(lib_a-impure.o)
                0x000069cc                _global_impure_ptr
 .rodata.str1.1
                0x000069d0       0x11 c:/freescale/kds_v3/toolchain/bin/../lib/gcc/arm-none-eabi/4.8.4/../../../../arm-none-eabi/lib/armv6-m\libg_s.a(lib_a-vfprintf.o)
 .rodata.str1.1
                0x000069e1       0x22 c:/freescale/kds_v3/toolchain/bin/../lib/gcc/arm-none-eabi/4.8.4/../../../../arm-none-eabi/lib/armv6-m\libg_s.a(lib_a-vfprintf_i.o)
 *fill*         0x00006a03        0x1 
 .rodata.__sf_fake_stdin
                0x00006a04       0x20 c:/freescale/kds_v3/toolchain/bin/../lib/gcc/arm-none-eabi/4.8.4/../../../../arm-none-eabi/lib/armv6-m\libg_s.a(lib_a-findfp.o)
                0x00006a04                __sf_fake_stdin
 .rodata.__sf_fake_stdout
                0x00006a24       0x20 c:/freescale/kds_v3/toolchain/bin/../lib/gcc/arm-none-eabi/4.8.4/../../../../arm-none-eabi/lib/armv6-m\libg_s.a(lib_a-findfp.o)
                0x00006a24                __sf_fake_stdout
 .rodata.__sf_fake_stderr
                0x00006a44       0x20 c:/freescale/kds_v3/toolchain/bin/../lib/gcc/arm-none-eabi/4.8.4/../../../../arm-none-eabi/lib/armv6-m\libg_s.a(lib_a-findfp.o)
                0x00006a44                __sf_fake_stderr
 *(.glue_7)
 .glue_7        0x00000000        0x0 linker stubs
 *(.glue_7t)
 .glue_7t       0x00000000        0x0 linker stubs
 *(.eh_frame)
 .eh_frame      0x00006a64        0x0 c:/freescale/kds_v3/toolchain/bin/../lib/gcc/arm-none-eabi/4.8.4/armv6-m/crtbegin.o
 *(.init)
 .init          0x00006a64        0x4 c:/freescale/kds_v3/toolchain/bin/../lib/gcc/arm-none-eabi/4.8.4/armv6-m/crti.o
                0x00006a64                _init
 .init          0x00006a68        0x8 c:/freescale/kds_v3/toolchain/bin/../lib/gcc/arm-none-eabi/4.8.4/armv6-m/crtn.o
 *(.fini)
 .fini          0x00006a70        0x4 c:/freescale/kds_v3/toolchain/bin/../lib/gcc/arm-none-eabi/4.8.4/armv6-m/crti.o
                0x00006a70                _fini
 .fini          0x00006a74        0x8 c:/freescale/kds_v3/toolchain/bin/../lib/gcc/arm-none-eabi/4.8.4/armv6-m/crtn.o
                0x00006a7c                . = ALIGN (0x4)

.vfp11_veneer   0x00006a7c        0x0
 .vfp11_veneer  0x00000000        0x0 linker stubs

.v4_bx          0x00006a7c        0x0
 .v4_bx         0x00000000        0x0 linker stubs

.iplt           0x00006a7c        0x0
 .iplt          0x00000000        0x0 c:/freescale/kds_v3/toolchain/bin/../lib/gcc/arm-none-eabi/4.8.4/armv6-m/crtbegin.o

.ARM.extab
 *(.ARM.extab* .gnu.linkonce.armextab.*)

.ARM            0x00006a7c        0x8
                0x00006a7c                __exidx_start = .
 *(.ARM.exidx*)
 .ARM.exidx     0x00006a7c        0x8 c:/freescale/kds_v3/toolchain/bin/../lib/gcc/arm-none-eabi/4.8.4/../../../../arm-none-eabi/lib/armv6-m/crt0.o
                0x00006a84                __exidx_end = .

.rel.dyn        0x00006a84        0x0
 .rel.iplt      0x00000000        0x0 c:/freescale/kds_v3/toolchain/bin/../lib/gcc/arm-none-eabi/4.8.4/armv6-m/crtbegin.o

.ctors          0x00006a84        0x0
                0x00006a84                __CTOR_LIST__ = .
 *crtbegin.o(.ctors)
 *crtbegin?.o(.ctors)
 *(EXCLUDE_FILE(*crtend.o *crtend?.o) .ctors)
 *(SORT(.ctors.*))
 *(.ctors)
                0x00006a84                __CTOR_END__ = .

.dtors          0x00006a84        0x0
                0x00006a84                __DTOR_LIST__ = .
 *crtbegin.o(.dtors)
 *crtbegin?.o(.dtors)
 *(EXCLUDE_FILE(*crtend.o *crtend?.o) .dtors)
 *(SORT(.dtors.*))
 *(.dtors)
                0x00006a84                __DTOR_END__ = .

.preinit_array  0x00006a84        0x0
                0x00006a84                PROVIDE (__preinit_array_start, .)
 *(.preinit_array*)
                0x00006a84                PROVIDE (__preinit_array_end, .)

.init_array     0x00006a84        0x4
                0x00006a84                PROVIDE (__init_array_start, .)
 *(SORT(.init_array.*))
 *(.init_array*)
 .init_array    0x00006a84        0x4 c:/freescale/kds_v3/toolchain/bin/../lib/gcc/arm-none-eabi/4.8.4/armv6-m/crtbegin.o
                0x00006a88                PROVIDE (__init_array_end, .)

.fini_array     0x00006a88        0x4
                0x00006a88                PROVIDE (__fini_array_start, .)
 *(SORT(.fini_array.*))
 *(.fini_array*)
 .fini_array    0x00006a88        0x4 c:/freescale/kds_v3/toolchain/bin/../lib/gcc/arm-none-eabi/4.8.4/armv6-m/crtbegin.o
                0x00006a8c                PROVIDE (__fini_array_end, .)
                0x00006a8c                __etext = .
                0x00006a8c                __DATA_ROM = .

.mtb            0x1ffff000        0x0
                0x1ffff000                . = ALIGN (0x8)
                0x1ffff000                _mtb_start = .
 *(.mtb_buf)
                0x1ffff000                . = ALIGN (0x8)
                0x1ffff000                _mtb_end = .

.interrupts_ram
                0x1ffff000        0x0
                0x1ffff000                . = ALIGN (0x4)
                0x1ffff000                __VECTOR_RAM__ = .
                0x1ffff000                __interrupts_ram_start__ = .
 *(.m_interrupts_ram)
                0x1ffff000                . = (. + M_VECTOR_RAM_SIZE)
                0x1ffff000                . = ALIGN (0x4)
                0x1ffff000                __interrupts_ram_end__ = .
                0x00000000                __VECTOR_RAM = DEFINED (__ram_vector_table__)?__VECTOR_RAM__:ORIGIN (m_interrupts)
                0x00000000                __RAM_VECTOR_TABLE_SIZE_BYTES = DEFINED (__ram_vector_table__)?(__interrupts_ram_end__ - __interrupts_ram_start__):0x0

.data           0x1ffff000       0x84 load address 0x00006a8c
                0x1ffff000                . = ALIGN (0x4)
                0x1ffff000                __DATA_RAM = .
                0x1ffff000                __data_start__ = .
 *(.data)
 *(.data*)
 .data.ucUARTState
                0x1ffff000        0x1 ./Sources/communicationStateMachine.o
                0x1ffff000                ucUARTState
 .data.ucValueCount
                0x1ffff001        0x1 ./Sources/communicationStateMachine.o
                0x1ffff001                ucValueCount
 *fill*         0x1ffff002        0x2 
 .data.lptmrConfig
                0x1ffff004        0x8 ./Sources/lptmr.o
                0x1ffff004                lptmrConfig
 .data.ucPeriodo
                0x1ffff00c        0x1 ./Sources/main.o
                0x1ffff00c                ucPeriodo
 *fill*         0x1ffff00d        0x3 
 .data.SystemCoreClock
                0x1ffff010        0x4 ./Project_Settings/Startup_Code/system_MKL25Z4.o
                0x1ffff010                SystemCoreClock
 .data.g_slowInternalRefClkFreq
                0x1ffff014        0x4 C:/Freescale/KSDK_1.2.0/lib/ksdk_platform_lib/kds/KL25Z4/debug/libksdk_platform.a(fsl_mcg_hal.o)
                0x1ffff014                g_slowInternalRefClkFreq
 .data.g_fastInternalRefClkFreq
                0x1ffff018        0x4 C:/Freescale/KSDK_1.2.0/lib/ksdk_platform_lib/kds/KL25Z4/debug/libksdk_platform.a(fsl_mcg_hal.o)
                0x1ffff018                g_fastInternalRefClkFreq
 .data.impure_data
                0x1ffff01c       0x60 c:/freescale/kds_v3/toolchain/bin/../lib/gcc/arm-none-eabi/4.8.4/../../../../arm-none-eabi/lib/armv6-m\libg_s.a(lib_a-impure.o)
 .data._impure_ptr
                0x1ffff07c        0x4 c:/freescale/kds_v3/toolchain/bin/../lib/gcc/arm-none-eabi/4.8.4/../../../../arm-none-eabi/lib/armv6-m\libg_s.a(lib_a-impure.o)
                0x1ffff07c                _impure_ptr
 *(.jcr*)
 .jcr           0x1ffff080        0x0 c:/freescale/kds_v3/toolchain/bin/../lib/gcc/arm-none-eabi/4.8.4/armv6-m/crtbegin.o
 .jcr           0x1ffff080        0x4 c:/freescale/kds_v3/toolchain/bin/../lib/gcc/arm-none-eabi/4.8.4/armv6-m/crtend.o
                0x1ffff084                . = ALIGN (0x4)
                0x1ffff084                __data_end__ = .
                0x00006b10                __DATA_END = (__DATA_ROM + (__data_end__ - __data_start__))

.igot.plt       0x1ffff084        0x0 load address 0x00006b10
 .igot.plt      0x00000000        0x0 c:/freescale/kds_v3/toolchain/bin/../lib/gcc/arm-none-eabi/4.8.4/armv6-m/crtbegin.o

.bss            0x1ffff084       0xac load address 0x00006b10
                0x1ffff084                . = ALIGN (0x4)
                0x1ffff084                __START_BSS = .
                0x1ffff084                __bss_start__ = .
 *(.bss)
 .bss           0x1ffff084       0x1c c:/freescale/kds_v3/toolchain/bin/../lib/gcc/arm-none-eabi/4.8.4/armv6-m/crtbegin.o
 *(.bss*)
 .bss.ucParam.6724
                0x1ffff0a0        0x1 ./Sources/communicationStateMachine.o
 *fill*         0x1ffff0a1        0x3 
 .bss.ucValue.6725
                0x1ffff0a4        0x8 ./Sources/communicationStateMachine.o
 .bss.ucCount.6827
                0x1ffff0ac        0x1 ./Sources/communicationStateMachine.o
 .bss.ucCount.6842
                0x1ffff0ad        0x1 ./Sources/communicationStateMachine.o
 *fill*         0x1ffff0ae        0x2 
 .bss.s_debugConsole
                0x1ffff0b0       0x10 ./Sources/fsl_debug_console.o
 .bss.iValorTempAtual
                0x1ffff0c0        0x4 ./Sources/main.o
                0x1ffff0c0                iValorTempAtual
 .bss.iBotoesInit
                0x1ffff0c4       0x10 ./Sources/main.o
                0x1ffff0c4                iBotoesInit
 .bss.iFlagSetTemp
                0x1ffff0d4        0x4 ./Sources/main.o
                0x1ffff0d4                iFlagSetTemp
 .bss.iFlagSetK
                0x1ffff0d8        0x4 ./Sources/main.o
                0x1ffff0d8                iFlagSetK
 .bss.lptmr_state_ptrs
                0x1ffff0dc        0x4 C:/Freescale/KSDK_1.2.0/lib/ksdk_platform_lib/kds/KL25Z4/debug/libksdk_platform.a(fsl_lptmr_driver.o)
 .bss.g_xtal0ClkFreq
                0x1ffff0e0        0x4 C:/Freescale/KSDK_1.2.0/lib/ksdk_platform_lib/kds/KL25Z4/debug/libksdk_platform.a(fsl_mcg_hal.o)
                0x1ffff0e0                g_xtal0ClkFreq
 .bss.g_xtalRtcClkFreq
                0x1ffff0e4        0x4 C:/Freescale/KSDK_1.2.0/lib/ksdk_platform_lib/kds/KL25Z4/debug/libksdk_platform.a(fsl_mcg_hal.o)
                0x1ffff0e4                g_xtalRtcClkFreq
 .bss.__malloc_sbrk_start
                0x1ffff0e8        0x4 c:/freescale/kds_v3/toolchain/bin/../lib/gcc/arm-none-eabi/4.8.4/../../../../arm-none-eabi/lib/armv6-m\libg_s.a(lib_a-nano-mallocr.o)
                0x1ffff0e8                __malloc_sbrk_start
 .bss.__malloc_free_list
                0x1ffff0ec        0x4 c:/freescale/kds_v3/toolchain/bin/../lib/gcc/arm-none-eabi/4.8.4/../../../../arm-none-eabi/lib/armv6-m\libg_s.a(lib_a-nano-mallocr.o)
                0x1ffff0ec                __malloc_free_list
 .bss.heap_end.4246
                0x1ffff0f0        0x4 c:/freescale/kds_v3/toolchain/bin/../lib/gcc/arm-none-eabi/4.8.4/../../../../arm-none-eabi/lib/armv6-m\libnosys.a(sbrk.o)
 *(COMMON)
 COMMON         0x1ffff0f4        0x8 ./Sources/lptmr.o
                0x1ffff0f4                lptmrState
 COMMON         0x1ffff0fc       0x1c ./Sources/main.o
                0x1ffff0fc                uiSpTempertura
                0x1ffff100                fCDuty
                0x1ffff104                ucAnswer
                0x1ffff10c                ucTempAtual
                0x1ffff110                ucEnable
                0x1ffff114                fHDuty
 COMMON         0x1ffff118       0x14 ./Sources/pid.o
                0x1ffff118                pidConfig
 COMMON         0x1ffff12c        0x4 c:/freescale/kds_v3/toolchain/bin/../lib/gcc/arm-none-eabi/4.8.4/../../../../arm-none-eabi/lib/armv6-m\libg_s.a(lib_a-reent.o)
                0x1ffff12c                errno
                0x1ffff130                . = ALIGN (0x4)
                0x1ffff130                __bss_end__ = .
                0x1ffff130                __END_BSS = .

.heap           0x1ffff130      0x400 load address 0x00006bbc
                0x1ffff130                . = ALIGN (0x8)
                0x1ffff130                __end__ = .
                0x1ffff130                PROVIDE (end, .)
                0x1ffff130                __HeapBase = .
                0x1ffff530                . = (. + HEAP_SIZE)
 *fill*         0x1ffff130      0x400 
                0x1ffff530                __HeapLimit = .

.stack          0x1ffff530      0x400 load address 0x00006fbc
                0x1ffff530                . = ALIGN (0x8)
                0x1ffff930                . = (. + STACK_SIZE)
 *fill*         0x1ffff530      0x400 
                0x20003000                __StackTop = (ORIGIN (m_data) + 0x4000)
                0x20002c00                __StackLimit = (__StackTop - STACK_SIZE)
                0x20003000                PROVIDE (__stack, __StackTop)

.ARM.attributes
                0x00000000       0x28
 *(.ARM.attributes)
 .ARM.attributes
                0x00000000       0x1e c:/freescale/kds_v3/toolchain/bin/../lib/gcc/arm-none-eabi/4.8.4/armv6-m/crti.o
 .ARM.attributes
                0x0000001e       0x2c c:/freescale/kds_v3/toolchain/bin/../lib/gcc/arm-none-eabi/4.8.4/armv6-m/crtbegin.o
 .ARM.attributes
                0x0000004a       0x1b c:/freescale/kds_v3/toolchain/bin/../lib/gcc/arm-none-eabi/4.8.4/../../../../arm-none-eabi/lib/armv6-m/crt0.o
 .ARM.attributes
                0x00000065       0x32 ./Sources/UART.o
 .ARM.attributes
                0x00000097       0x32 ./Sources/adc.o
 .ARM.attributes
                0x000000c9       0x32 ./Sources/aquecedorECooler.o
 .ARM.attributes
                0x000000fb       0x32 ./Sources/communicationStateMachine.o
 .ARM.attributes
                0x0000012d       0x32 ./Sources/fsl_debug_console.o
 .ARM.attributes
                0x0000015f       0x32 ./Sources/interruptButton.o
 .ARM.attributes
                0x00000191       0x32 ./Sources/lcd.o
 .ARM.attributes
                0x000001c3       0x32 ./Sources/ledSwi.o
 .ARM.attributes
                0x000001f5       0x32 ./Sources/lptmr.o
 .ARM.attributes
                0x00000227       0x32 ./Sources/lut_adc_3v3.o
 .ARM.attributes
                0x00000259       0x32 ./Sources/main.o
 .ARM.attributes
                0x0000028b       0x32 ./Sources/mcg.o
 .ARM.attributes
                0x000002bd       0x32 ./Sources/pid.o
 .ARM.attributes
                0x000002ef       0x32 ./Sources/util.o
 .ARM.attributes
                0x00000321       0x32 ./Project_Settings/Startup_Code/startup.o
 .ARM.attributes
                0x00000353       0x1b ./Project_Settings/Startup_Code/startup_MKL25Z4.o
 .ARM.attributes
                0x0000036e       0x32 ./Project_Settings/Startup_Code/system_MKL25Z4.o
 .ARM.attributes
                0x000003a0       0x32 C:/Freescale/KSDK_1.2.0/lib/ksdk_platform_lib/kds/KL25Z4/debug/libksdk_platform.a(fsl_uart_hal.o)
 .ARM.attributes
                0x000003d2       0x32 C:/Freescale/KSDK_1.2.0/lib/ksdk_platform_lib/kds/KL25Z4/debug/libksdk_platform.a(fsl_lptmr_driver.o)
 .ARM.attributes
                0x00000404       0x32 C:/Freescale/KSDK_1.2.0/lib/ksdk_platform_lib/kds/KL25Z4/debug/libksdk_platform.a(fsl_lpsci_hal.o)
 .ARM.attributes
                0x00000436       0x32 C:/Freescale/KSDK_1.2.0/lib/ksdk_platform_lib/kds/KL25Z4/debug/libksdk_platform.a(fsl_clock_MKL25Z4.o)
 .ARM.attributes
                0x00000468       0x32 C:/Freescale/KSDK_1.2.0/lib/ksdk_platform_lib/kds/KL25Z4/debug/libksdk_platform.a(fsl_clock_manager.o)
 .ARM.attributes
                0x0000049a       0x32 C:/Freescale/KSDK_1.2.0/lib/ksdk_platform_lib/kds/KL25Z4/debug/libksdk_platform.a(fsl_clock_manager_common.o)
 .ARM.attributes
                0x000004cc       0x32 C:/Freescale/KSDK_1.2.0/lib/ksdk_platform_lib/kds/KL25Z4/debug/libksdk_platform.a(fsl_sim_hal_MKL25Z4.o)
 .ARM.attributes
                0x000004fe       0x32 C:/Freescale/KSDK_1.2.0/lib/ksdk_platform_lib/kds/KL25Z4/debug/libksdk_platform.a(fsl_rtc_common.o)
 .ARM.attributes
                0x00000530       0x32 C:/Freescale/KSDK_1.2.0/lib/ksdk_platform_lib/kds/KL25Z4/debug/libksdk_platform.a(fsl_osc_hal.o)
 .ARM.attributes
                0x00000562       0x32 C:/Freescale/KSDK_1.2.0/lib/ksdk_platform_lib/kds/KL25Z4/debug/libksdk_platform.a(fsl_mcg_hal.o)
 .ARM.attributes
                0x00000594       0x32 C:/Freescale/KSDK_1.2.0/lib/ksdk_platform_lib/kds/KL25Z4/debug/libksdk_platform.a(fsl_mcg_hal_modes.o)
 .ARM.attributes
                0x000005c6       0x32 C:/Freescale/KSDK_1.2.0/lib/ksdk_platform_lib/kds/KL25Z4/debug/libksdk_platform.a(fsl_lptmr_hal.o)
 .ARM.attributes
                0x000005f8       0x32 C:/Freescale/KSDK_1.2.0/lib/ksdk_platform_lib/kds/KL25Z4/debug/libksdk_platform.a(fsl_lptmr_common.o)
 .ARM.attributes
                0x0000062a       0x1e c:/freescale/kds_v3/toolchain/bin/../lib/gcc/arm-none-eabi/4.8.4/armv6-m\libgcc.a(_thumb1_case_uqi.o)
 .ARM.attributes
                0x00000648       0x1e c:/freescale/kds_v3/toolchain/bin/../lib/gcc/arm-none-eabi/4.8.4/armv6-m\libgcc.a(_udivsi3.o)
 .ARM.attributes
                0x00000666       0x1e c:/freescale/kds_v3/toolchain/bin/../lib/gcc/arm-none-eabi/4.8.4/armv6-m\libgcc.a(_divsi3.o)
 .ARM.attributes
                0x00000684       0x1e c:/freescale/kds_v3/toolchain/bin/../lib/gcc/arm-none-eabi/4.8.4/armv6-m\libgcc.a(_dvmd_tls.o)
 .ARM.attributes
                0x000006a2       0x1e c:/freescale/kds_v3/toolchain/bin/../lib/gcc/arm-none-eabi/4.8.4/armv6-m\libgcc.a(_arm_cmpsf2.o)
 .ARM.attributes
                0x000006c0       0x2c c:/freescale/kds_v3/toolchain/bin/../lib/gcc/arm-none-eabi/4.8.4/armv6-m\libgcc.a(addsf3.o)
 .ARM.attributes
                0x000006ec       0x2c c:/freescale/kds_v3/toolchain/bin/../lib/gcc/arm-none-eabi/4.8.4/armv6-m\libgcc.a(divsf3.o)
 .ARM.attributes
                0x00000718       0x2c c:/freescale/kds_v3/toolchain/bin/../lib/gcc/arm-none-eabi/4.8.4/armv6-m\libgcc.a(eqsf2.o)
 .ARM.attributes
                0x00000744       0x2c c:/freescale/kds_v3/toolchain/bin/../lib/gcc/arm-none-eabi/4.8.4/armv6-m\libgcc.a(gesf2.o)
 .ARM.attributes
                0x00000770       0x2c c:/freescale/kds_v3/toolchain/bin/../lib/gcc/arm-none-eabi/4.8.4/armv6-m\libgcc.a(lesf2.o)
 .ARM.attributes
                0x0000079c       0x2c c:/freescale/kds_v3/toolchain/bin/../lib/gcc/arm-none-eabi/4.8.4/armv6-m\libgcc.a(mulsf3.o)
 .ARM.attributes
                0x000007c8       0x2c c:/freescale/kds_v3/toolchain/bin/../lib/gcc/arm-none-eabi/4.8.4/armv6-m\libgcc.a(subsf3.o)
 .ARM.attributes
                0x000007f4       0x2c c:/freescale/kds_v3/toolchain/bin/../lib/gcc/arm-none-eabi/4.8.4/armv6-m\libgcc.a(fixsfsi.o)
 .ARM.attributes
                0x00000820       0x2c c:/freescale/kds_v3/toolchain/bin/../lib/gcc/arm-none-eabi/4.8.4/armv6-m\libgcc.a(floatsisf.o)
 .ARM.attributes
                0x0000084c       0x2c c:/freescale/kds_v3/toolchain/bin/../lib/gcc/arm-none-eabi/4.8.4/armv6-m\libgcc.a(adddf3.o)
 .ARM.attributes
                0x00000878       0x2c c:/freescale/kds_v3/toolchain/bin/../lib/gcc/arm-none-eabi/4.8.4/armv6-m\libgcc.a(subdf3.o)
 .ARM.attributes
                0x000008a4       0x2c c:/freescale/kds_v3/toolchain/bin/../lib/gcc/arm-none-eabi/4.8.4/armv6-m\libgcc.a(extendsfdf2.o)
 .ARM.attributes
                0x000008d0       0x2c c:/freescale/kds_v3/toolchain/bin/../lib/gcc/arm-none-eabi/4.8.4/armv6-m\libgcc.a(truncdfsf2.o)
 .ARM.attributes
                0x000008fc       0x1e c:/freescale/kds_v3/toolchain/bin/../lib/gcc/arm-none-eabi/4.8.4/armv6-m\libgcc.a(_clzsi2.o)
 .ARM.attributes
                0x0000091a       0x2c c:/freescale/kds_v3/toolchain/bin/../lib/gcc/arm-none-eabi/4.8.4/../../../../arm-none-eabi/lib/armv6-m\libg_s.a(lib_a-assert.o)
 .ARM.attributes
                0x00000946       0x2c c:/freescale/kds_v3/toolchain/bin/../lib/gcc/arm-none-eabi/4.8.4/../../../../arm-none-eabi/lib/armv6-m\libg_s.a(lib_a-exit.o)
 .ARM.attributes
                0x00000972       0x2c c:/freescale/kds_v3/toolchain/bin/../lib/gcc/arm-none-eabi/4.8.4/../../../../arm-none-eabi/lib/armv6-m\libg_s.a(lib_a-fprintf.o)
 .ARM.attributes
                0x0000099e       0x2c c:/freescale/kds_v3/toolchain/bin/../lib/gcc/arm-none-eabi/4.8.4/../../../../arm-none-eabi/lib/armv6-m\libg_s.a(lib_a-impure.o)
 .ARM.attributes
                0x000009ca       0x2c c:/freescale/kds_v3/toolchain/bin/../lib/gcc/arm-none-eabi/4.8.4/../../../../arm-none-eabi/lib/armv6-m\libg_s.a(lib_a-init.o)
 .ARM.attributes
                0x000009f6       0x2c c:/freescale/kds_v3/toolchain/bin/../lib/gcc/arm-none-eabi/4.8.4/../../../../arm-none-eabi/lib/armv6-m\libg_s.a(lib_a-memset.o)
 .ARM.attributes
                0x00000a22       0x2c c:/freescale/kds_v3/toolchain/bin/../lib/gcc/arm-none-eabi/4.8.4/../../../../arm-none-eabi/lib/armv6-m\libg_s.a(lib_a-nano-freer.o)
 .ARM.attributes
                0x00000a4e       0x2c c:/freescale/kds_v3/toolchain/bin/../lib/gcc/arm-none-eabi/4.8.4/../../../../arm-none-eabi/lib/armv6-m\libg_s.a(lib_a-nano-mallocr.o)
 .ARM.attributes
                0x00000a7a       0x2c c:/freescale/kds_v3/toolchain/bin/../lib/gcc/arm-none-eabi/4.8.4/../../../../arm-none-eabi/lib/armv6-m\libg_s.a(lib_a-sbrkr.o)
 .ARM.attributes
                0x00000aa6       0x2c c:/freescale/kds_v3/toolchain/bin/../lib/gcc/arm-none-eabi/4.8.4/../../../../arm-none-eabi/lib/armv6-m\libg_s.a(lib_a-strlen.o)
 .ARM.attributes
                0x00000ad2       0x2c c:/freescale/kds_v3/toolchain/bin/../lib/gcc/arm-none-eabi/4.8.4/../../../../arm-none-eabi/lib/armv6-m\libg_s.a(lib_a-vfprintf.o)
 .ARM.attributes
                0x00000afe       0x2c c:/freescale/kds_v3/toolchain/bin/../lib/gcc/arm-none-eabi/4.8.4/../../../../arm-none-eabi/lib/armv6-m\libg_s.a(lib_a-vfprintf_i.o)
 .ARM.attributes
                0x00000b2a       0x2c c:/freescale/kds_v3/toolchain/bin/../lib/gcc/arm-none-eabi/4.8.4/../../../../arm-none-eabi/lib/armv6-m\libg_s.a(lib_a-wbuf.o)
 .ARM.attributes
                0x00000b56       0x2c c:/freescale/kds_v3/toolchain/bin/../lib/gcc/arm-none-eabi/4.8.4/../../../../arm-none-eabi/lib/armv6-m\libg_s.a(lib_a-wsetup.o)
 .ARM.attributes
                0x00000b82       0x2c c:/freescale/kds_v3/toolchain/bin/../lib/gcc/arm-none-eabi/4.8.4/../../../../arm-none-eabi/lib/armv6-m\libg_s.a(lib_a-abort.o)
 .ARM.attributes
                0x00000bae       0x2c c:/freescale/kds_v3/toolchain/bin/../lib/gcc/arm-none-eabi/4.8.4/../../../../arm-none-eabi/lib/armv6-m\libg_s.a(lib_a-fflush.o)
 .ARM.attributes
                0x00000bda       0x2c c:/freescale/kds_v3/toolchain/bin/../lib/gcc/arm-none-eabi/4.8.4/../../../../arm-none-eabi/lib/armv6-m\libg_s.a(lib_a-findfp.o)
 .ARM.attributes
                0x00000c06       0x2c c:/freescale/kds_v3/toolchain/bin/../lib/gcc/arm-none-eabi/4.8.4/../../../../arm-none-eabi/lib/armv6-m\libg_s.a(lib_a-makebuf.o)
 .ARM.attributes
                0x00000c32       0x2c c:/freescale/kds_v3/toolchain/bin/../lib/gcc/arm-none-eabi/4.8.4/../../../../arm-none-eabi/lib/armv6-m\libg_s.a(lib_a-memchr-stub.o)
 .ARM.attributes
                0x00000c5e       0x2c c:/freescale/kds_v3/toolchain/bin/../lib/gcc/arm-none-eabi/4.8.4/../../../../arm-none-eabi/lib/armv6-m\libg_s.a(lib_a-reent.o)
 .ARM.attributes
                0x00000c8a       0x2c c:/freescale/kds_v3/toolchain/bin/../lib/gcc/arm-none-eabi/4.8.4/../../../../arm-none-eabi/lib/armv6-m\libg_s.a(lib_a-signal.o)
 .ARM.attributes
                0x00000cb6       0x2c c:/freescale/kds_v3/toolchain/bin/../lib/gcc/arm-none-eabi/4.8.4/../../../../arm-none-eabi/lib/armv6-m\libg_s.a(lib_a-signalr.o)
 .ARM.attributes
                0x00000ce2       0x2c c:/freescale/kds_v3/toolchain/bin/../lib/gcc/arm-none-eabi/4.8.4/../../../../arm-none-eabi/lib/armv6-m\libg_s.a(lib_a-stdio.o)
 .ARM.attributes
                0x00000d0e       0x2c c:/freescale/kds_v3/toolchain/bin/../lib/gcc/arm-none-eabi/4.8.4/../../../../arm-none-eabi/lib/armv6-m\libg_s.a(lib_a-writer.o)
 .ARM.attributes
                0x00000d3a       0x2c c:/freescale/kds_v3/toolchain/bin/../lib/gcc/arm-none-eabi/4.8.4/../../../../arm-none-eabi/lib/armv6-m\libg_s.a(lib_a-closer.o)
 .ARM.attributes
                0x00000d66       0x2c c:/freescale/kds_v3/toolchain/bin/../lib/gcc/arm-none-eabi/4.8.4/../../../../arm-none-eabi/lib/armv6-m\libg_s.a(lib_a-fstatr.o)
 .ARM.attributes
                0x00000d92       0x2c c:/freescale/kds_v3/toolchain/bin/../lib/gcc/arm-none-eabi/4.8.4/../../../../arm-none-eabi/lib/armv6-m\libg_s.a(lib_a-isattyr.o)
 .ARM.attributes
                0x00000dbe       0x2c c:/freescale/kds_v3/toolchain/bin/../lib/gcc/arm-none-eabi/4.8.4/../../../../arm-none-eabi/lib/armv6-m\libg_s.a(lib_a-lseekr.o)
 .ARM.attributes
                0x00000dea       0x2c c:/freescale/kds_v3/toolchain/bin/../lib/gcc/arm-none-eabi/4.8.4/../../../../arm-none-eabi/lib/armv6-m\libg_s.a(lib_a-readr.o)
 .ARM.attributes
                0x00000e16       0x2c c:/freescale/kds_v3/toolchain/bin/../lib/gcc/arm-none-eabi/4.8.4/../../../../arm-none-eabi/lib/armv6-m\libnosys.a(close.o)
 .ARM.attributes
                0x00000e42       0x2c c:/freescale/kds_v3/toolchain/bin/../lib/gcc/arm-none-eabi/4.8.4/../../../../arm-none-eabi/lib/armv6-m\libnosys.a(fstat.o)
 .ARM.attributes
                0x00000e6e       0x2c c:/freescale/kds_v3/toolchain/bin/../lib/gcc/arm-none-eabi/4.8.4/../../../../arm-none-eabi/lib/armv6-m\libnosys.a(getpid.o)
 .ARM.attributes
                0x00000e9a       0x2c c:/freescale/kds_v3/toolchain/bin/../lib/gcc/arm-none-eabi/4.8.4/../../../../arm-none-eabi/lib/armv6-m\libnosys.a(isatty.o)
 .ARM.attributes
                0x00000ec6       0x2c c:/freescale/kds_v3/toolchain/bin/../lib/gcc/arm-none-eabi/4.8.4/../../../../arm-none-eabi/lib/armv6-m\libnosys.a(kill.o)
 .ARM.attributes
                0x00000ef2       0x2c c:/freescale/kds_v3/toolchain/bin/../lib/gcc/arm-none-eabi/4.8.4/../../../../arm-none-eabi/lib/armv6-m\libnosys.a(lseek.o)
 .ARM.attributes
                0x00000f1e       0x2c c:/freescale/kds_v3/toolchain/bin/../lib/gcc/arm-none-eabi/4.8.4/../../../../arm-none-eabi/lib/armv6-m\libnosys.a(sbrk.o)
 .ARM.attributes
                0x00000f4a       0x2c c:/freescale/kds_v3/toolchain/bin/../lib/gcc/arm-none-eabi/4.8.4/../../../../arm-none-eabi/lib/armv6-m\libnosys.a(_exit.o)
 .ARM.attributes
                0x00000f76       0x2c c:/freescale/kds_v3/toolchain/bin/../lib/gcc/arm-none-eabi/4.8.4/armv6-m/crtend.o
 .ARM.attributes
                0x00000fa2       0x1e c:/freescale/kds_v3/toolchain/bin/../lib/gcc/arm-none-eabi/4.8.4/armv6-m/crtn.o
                0x00000001                ASSERT ((__StackLimit >= __HeapLimit), region m_data overflowed with stack and heap)
OUTPUT(biblioteca.elf elf32-littlearm)

.debug_info     0x00000000     0xea8f
 .debug_info    0x00000000      0x72a ./Sources/UART.o
 .debug_info    0x0000072a      0x4d2 ./Sources/adc.o
 .debug_info    0x00000bfc      0x4c0 ./Sources/aquecedorECooler.o
 .debug_info    0x000010bc      0x5b3 ./Sources/communicationStateMachine.o
 .debug_info    0x0000166f      0xa71 ./Sources/fsl_debug_console.o
 .debug_info    0x000020e0      0x413 ./Sources/interruptButton.o
 .debug_info    0x000024f3      0x526 ./Sources/lcd.o
 .debug_info    0x00002a19      0x562 ./Sources/ledSwi.o
 .debug_info    0x00002f7b      0x310 ./Sources/lptmr.o
 .debug_info    0x0000328b       0x56 ./Sources/lut_adc_3v3.o
 .debug_info    0x000032e1      0x5e6 ./Sources/main.o
 .debug_info    0x000038c7      0x786 ./Sources/mcg.o
 .debug_info    0x0000404d      0x1b2 ./Sources/pid.o
 .debug_info    0x000041ff       0xa8 ./Sources/util.o
 .debug_info    0x000042a7      0x296 ./Project_Settings/Startup_Code/startup.o
 .debug_info    0x0000453d       0x85 ./Project_Settings/Startup_Code/startup_MKL25Z4.o
 .debug_info    0x000045c2      0x3f4 ./Project_Settings/Startup_Code/system_MKL25Z4.o
 .debug_info    0x000049b6      0x934 C:/Freescale/KSDK_1.2.0/lib/ksdk_platform_lib/kds/KL25Z4/debug/libksdk_platform.a(fsl_uart_hal.o)
 .debug_info    0x000052ea     0x151f C:/Freescale/KSDK_1.2.0/lib/ksdk_platform_lib/kds/KL25Z4/debug/libksdk_platform.a(fsl_lptmr_driver.o)
 .debug_info    0x00006809      0x9e2 C:/Freescale/KSDK_1.2.0/lib/ksdk_platform_lib/kds/KL25Z4/debug/libksdk_platform.a(fsl_lpsci_hal.o)
 .debug_info    0x000071eb     0x2546 C:/Freescale/KSDK_1.2.0/lib/ksdk_platform_lib/kds/KL25Z4/debug/libksdk_platform.a(fsl_clock_MKL25Z4.o)
 .debug_info    0x00009731     0x1c57 C:/Freescale/KSDK_1.2.0/lib/ksdk_platform_lib/kds/KL25Z4/debug/libksdk_platform.a(fsl_clock_manager.o)
 .debug_info    0x0000b388      0x448 C:/Freescale/KSDK_1.2.0/lib/ksdk_platform_lib/kds/KL25Z4/debug/libksdk_platform.a(fsl_clock_manager_common.o)
 .debug_info    0x0000b7d0      0xbe0 C:/Freescale/KSDK_1.2.0/lib/ksdk_platform_lib/kds/KL25Z4/debug/libksdk_platform.a(fsl_sim_hal_MKL25Z4.o)
 .debug_info    0x0000c3b0      0x262 C:/Freescale/KSDK_1.2.0/lib/ksdk_platform_lib/kds/KL25Z4/debug/libksdk_platform.a(fsl_rtc_common.o)
 .debug_info    0x0000c612       0xef C:/Freescale/KSDK_1.2.0/lib/ksdk_platform_lib/kds/KL25Z4/debug/libksdk_platform.a(fsl_osc_hal.o)
 .debug_info    0x0000c701      0xd33 C:/Freescale/KSDK_1.2.0/lib/ksdk_platform_lib/kds/KL25Z4/debug/libksdk_platform.a(fsl_mcg_hal.o)
 .debug_info    0x0000d434      0xf3a C:/Freescale/KSDK_1.2.0/lib/ksdk_platform_lib/kds/KL25Z4/debug/libksdk_platform.a(fsl_mcg_hal_modes.o)
 .debug_info    0x0000e36e      0x506 C:/Freescale/KSDK_1.2.0/lib/ksdk_platform_lib/kds/KL25Z4/debug/libksdk_platform.a(fsl_lptmr_hal.o)
 .debug_info    0x0000e874      0x21b C:/Freescale/KSDK_1.2.0/lib/ksdk_platform_lib/kds/KL25Z4/debug/libksdk_platform.a(fsl_lptmr_common.o)

.debug_abbrev   0x00000000     0x2ff4
 .debug_abbrev  0x00000000      0x17a ./Sources/UART.o
 .debug_abbrev  0x0000017a      0x114 ./Sources/adc.o
 .debug_abbrev  0x0000028e      0x148 ./Sources/aquecedorECooler.o
 .debug_abbrev  0x000003d6      0x154 ./Sources/communicationStateMachine.o
 .debug_abbrev  0x0000052a      0x23a ./Sources/fsl_debug_console.o
 .debug_abbrev  0x00000764      0x15f ./Sources/interruptButton.o
 .debug_abbrev  0x000008c3      0x130 ./Sources/lcd.o
 .debug_abbrev  0x000009f3      0x15b ./Sources/ledSwi.o
 .debug_abbrev  0x00000b4e       0xf5 ./Sources/lptmr.o
 .debug_abbrev  0x00000c43       0x48 ./Sources/lut_adc_3v3.o
 .debug_abbrev  0x00000c8b      0x182 ./Sources/main.o
 .debug_abbrev  0x00000e0d      0x1b6 ./Sources/mcg.o
 .debug_abbrev  0x00000fc3      0x102 ./Sources/pid.o
 .debug_abbrev  0x000010c5       0x7d ./Sources/util.o
 .debug_abbrev  0x00001142       0xe9 ./Project_Settings/Startup_Code/startup.o
 .debug_abbrev  0x0000122b       0x14 ./Project_Settings/Startup_Code/startup_MKL25Z4.o
 .debug_abbrev  0x0000123f      0x109 ./Project_Settings/Startup_Code/system_MKL25Z4.o
 .debug_abbrev  0x00001348      0x27e C:/Freescale/KSDK_1.2.0/lib/ksdk_platform_lib/kds/KL25Z4/debug/libksdk_platform.a(fsl_uart_hal.o)
 .debug_abbrev  0x000015c6      0x3af C:/Freescale/KSDK_1.2.0/lib/ksdk_platform_lib/kds/KL25Z4/debug/libksdk_platform.a(fsl_lptmr_driver.o)
 .debug_abbrev  0x00001975      0x228 C:/Freescale/KSDK_1.2.0/lib/ksdk_platform_lib/kds/KL25Z4/debug/libksdk_platform.a(fsl_lpsci_hal.o)
 .debug_abbrev  0x00001b9d      0x445 C:/Freescale/KSDK_1.2.0/lib/ksdk_platform_lib/kds/KL25Z4/debug/libksdk_platform.a(fsl_clock_MKL25Z4.o)
 .debug_abbrev  0x00001fe2      0x3d0 C:/Freescale/KSDK_1.2.0/lib/ksdk_platform_lib/kds/KL25Z4/debug/libksdk_platform.a(fsl_clock_manager.o)
 .debug_abbrev  0x000023b2       0xdb C:/Freescale/KSDK_1.2.0/lib/ksdk_platform_lib/kds/KL25Z4/debug/libksdk_platform.a(fsl_clock_manager_common.o)
 .debug_abbrev  0x0000248d      0x1ac C:/Freescale/KSDK_1.2.0/lib/ksdk_platform_lib/kds/KL25Z4/debug/libksdk_platform.a(fsl_sim_hal_MKL25Z4.o)
 .debug_abbrev  0x00002639       0xae C:/Freescale/KSDK_1.2.0/lib/ksdk_platform_lib/kds/KL25Z4/debug/libksdk_platform.a(fsl_rtc_common.o)
 .debug_abbrev  0x000026e7       0xa8 C:/Freescale/KSDK_1.2.0/lib/ksdk_platform_lib/kds/KL25Z4/debug/libksdk_platform.a(fsl_osc_hal.o)
 .debug_abbrev  0x0000278f      0x314 C:/Freescale/KSDK_1.2.0/lib/ksdk_platform_lib/kds/KL25Z4/debug/libksdk_platform.a(fsl_mcg_hal.o)
 .debug_abbrev  0x00002aa3      0x2f7 C:/Freescale/KSDK_1.2.0/lib/ksdk_platform_lib/kds/KL25Z4/debug/libksdk_platform.a(fsl_mcg_hal_modes.o)
 .debug_abbrev  0x00002d9a      0x1ac C:/Freescale/KSDK_1.2.0/lib/ksdk_platform_lib/kds/KL25Z4/debug/libksdk_platform.a(fsl_lptmr_hal.o)
 .debug_abbrev  0x00002f46       0xae C:/Freescale/KSDK_1.2.0/lib/ksdk_platform_lib/kds/KL25Z4/debug/libksdk_platform.a(fsl_lptmr_common.o)

.debug_aranges  0x00000000      0xaa0
 .debug_aranges
                0x00000000       0x40 ./Sources/UART.o
 .debug_aranges
                0x00000040       0x38 ./Sources/adc.o
 .debug_aranges
                0x00000078       0x48 ./Sources/aquecedorECooler.o
 .debug_aranges
                0x000000c0       0x80 ./Sources/communicationStateMachine.o
 .debug_aranges
                0x00000140       0xa0 ./Sources/fsl_debug_console.o
 .debug_aranges
                0x000001e0       0x48 ./Sources/interruptButton.o
 .debug_aranges
                0x00000228       0x58 ./Sources/lcd.o
 .debug_aranges
                0x00000280       0x50 ./Sources/ledSwi.o
 .debug_aranges
                0x000002d0       0x28 ./Sources/lptmr.o
 .debug_aranges
                0x000002f8       0x18 ./Sources/lut_adc_3v3.o
 .debug_aranges
                0x00000310       0x38 ./Sources/main.o
 .debug_aranges
                0x00000348       0x48 ./Sources/mcg.o
 .debug_aranges
                0x00000390       0x58 ./Sources/pid.o
 .debug_aranges
                0x000003e8       0x40 ./Sources/util.o
 .debug_aranges
                0x00000428       0x20 ./Project_Settings/Startup_Code/startup.o
 .debug_aranges
                0x00000448       0x20 ./Project_Settings/Startup_Code/startup_MKL25Z4.o
 .debug_aranges
                0x00000468       0x28 ./Project_Settings/Startup_Code/system_MKL25Z4.o
 .debug_aranges
                0x00000490       0xa8 C:/Freescale/KSDK_1.2.0/lib/ksdk_platform_lib/kds/KL25Z4/debug/libksdk_platform.a(fsl_uart_hal.o)
 .debug_aranges
                0x00000538       0x70 C:/Freescale/KSDK_1.2.0/lib/ksdk_platform_lib/kds/KL25Z4/debug/libksdk_platform.a(fsl_lptmr_driver.o)
 .debug_aranges
                0x000005a8       0xb0 C:/Freescale/KSDK_1.2.0/lib/ksdk_platform_lib/kds/KL25Z4/debug/libksdk_platform.a(fsl_lpsci_hal.o)
 .debug_aranges
                0x00000658      0x198 C:/Freescale/KSDK_1.2.0/lib/ksdk_platform_lib/kds/KL25Z4/debug/libksdk_platform.a(fsl_clock_MKL25Z4.o)
 .debug_aranges
                0x000007f0       0x78 C:/Freescale/KSDK_1.2.0/lib/ksdk_platform_lib/kds/KL25Z4/debug/libksdk_platform.a(fsl_clock_manager.o)
 .debug_aranges
                0x00000868       0x18 C:/Freescale/KSDK_1.2.0/lib/ksdk_platform_lib/kds/KL25Z4/debug/libksdk_platform.a(fsl_clock_manager_common.o)
 .debug_aranges
                0x00000880       0x90 C:/Freescale/KSDK_1.2.0/lib/ksdk_platform_lib/kds/KL25Z4/debug/libksdk_platform.a(fsl_sim_hal_MKL25Z4.o)
 .debug_aranges
                0x00000910       0x18 C:/Freescale/KSDK_1.2.0/lib/ksdk_platform_lib/kds/KL25Z4/debug/libksdk_platform.a(fsl_rtc_common.o)
 .debug_aranges
                0x00000928       0x20 C:/Freescale/KSDK_1.2.0/lib/ksdk_platform_lib/kds/KL25Z4/debug/libksdk_platform.a(fsl_osc_hal.o)
 .debug_aranges
                0x00000948       0xa0 C:/Freescale/KSDK_1.2.0/lib/ksdk_platform_lib/kds/KL25Z4/debug/libksdk_platform.a(fsl_mcg_hal.o)
 .debug_aranges
                0x000009e8       0x68 C:/Freescale/KSDK_1.2.0/lib/ksdk_platform_lib/kds/KL25Z4/debug/libksdk_platform.a(fsl_mcg_hal_modes.o)
 .debug_aranges
                0x00000a50       0x38 C:/Freescale/KSDK_1.2.0/lib/ksdk_platform_lib/kds/KL25Z4/debug/libksdk_platform.a(fsl_lptmr_hal.o)
 .debug_aranges
                0x00000a88       0x18 C:/Freescale/KSDK_1.2.0/lib/ksdk_platform_lib/kds/KL25Z4/debug/libksdk_platform.a(fsl_lptmr_common.o)

.debug_ranges   0x00000000      0xb80
 .debug_ranges  0x00000000       0x30 ./Sources/UART.o
 .debug_ranges  0x00000030       0x28 ./Sources/adc.o
 .debug_ranges  0x00000058       0x38 ./Sources/aquecedorECooler.o
 .debug_ranges  0x00000090       0x70 ./Sources/communicationStateMachine.o
 .debug_ranges  0x00000100       0x90 ./Sources/fsl_debug_console.o
 .debug_ranges  0x00000190       0x38 ./Sources/interruptButton.o
 .debug_ranges  0x000001c8       0x48 ./Sources/lcd.o
 .debug_ranges  0x00000210       0x40 ./Sources/ledSwi.o
 .debug_ranges  0x00000250       0x18 ./Sources/lptmr.o
 .debug_ranges  0x00000268       0x28 ./Sources/main.o
 .debug_ranges  0x00000290       0x38 ./Sources/mcg.o
 .debug_ranges  0x000002c8       0x48 ./Sources/pid.o
 .debug_ranges  0x00000310       0x30 ./Sources/util.o
 .debug_ranges  0x00000340       0x10 ./Project_Settings/Startup_Code/startup.o
 .debug_ranges  0x00000350       0x18 ./Project_Settings/Startup_Code/system_MKL25Z4.o
 .debug_ranges  0x00000368       0xb0 C:/Freescale/KSDK_1.2.0/lib/ksdk_platform_lib/kds/KL25Z4/debug/libksdk_platform.a(fsl_uart_hal.o)
 .debug_ranges  0x00000418       0xd8 C:/Freescale/KSDK_1.2.0/lib/ksdk_platform_lib/kds/KL25Z4/debug/libksdk_platform.a(fsl_lptmr_driver.o)
 .debug_ranges  0x000004f0       0xb8 C:/Freescale/KSDK_1.2.0/lib/ksdk_platform_lib/kds/KL25Z4/debug/libksdk_platform.a(fsl_lpsci_hal.o)
 .debug_ranges  0x000005a8      0x2b8 C:/Freescale/KSDK_1.2.0/lib/ksdk_platform_lib/kds/KL25Z4/debug/libksdk_platform.a(fsl_clock_MKL25Z4.o)
 .debug_ranges  0x00000860       0xe0 C:/Freescale/KSDK_1.2.0/lib/ksdk_platform_lib/kds/KL25Z4/debug/libksdk_platform.a(fsl_clock_manager.o)
 .debug_ranges  0x00000940       0x80 C:/Freescale/KSDK_1.2.0/lib/ksdk_platform_lib/kds/KL25Z4/debug/libksdk_platform.a(fsl_sim_hal_MKL25Z4.o)
 .debug_ranges  0x000009c0       0x10 C:/Freescale/KSDK_1.2.0/lib/ksdk_platform_lib/kds/KL25Z4/debug/libksdk_platform.a(fsl_osc_hal.o)
 .debug_ranges  0x000009d0       0xc8 C:/Freescale/KSDK_1.2.0/lib/ksdk_platform_lib/kds/KL25Z4/debug/libksdk_platform.a(fsl_mcg_hal.o)
 .debug_ranges  0x00000a98       0xc0 C:/Freescale/KSDK_1.2.0/lib/ksdk_platform_lib/kds/KL25Z4/debug/libksdk_platform.a(fsl_mcg_hal_modes.o)
 .debug_ranges  0x00000b58       0x28 C:/Freescale/KSDK_1.2.0/lib/ksdk_platform_lib/kds/KL25Z4/debug/libksdk_platform.a(fsl_lptmr_hal.o)

.debug_macro    0x00000000    0x146a6
 .debug_macro   0x00000000      0x24a ./Sources/UART.o
 .debug_macro   0x0000024a      0x808 ./Sources/UART.o
 .debug_macro   0x00000a52       0x16 ./Sources/UART.o
 .debug_macro   0x00000a68       0x44 ./Sources/UART.o
 .debug_macro   0x00000aac      0x209 ./Sources/UART.o
 .debug_macro   0x00000cb5       0x22 ./Sources/UART.o
 .debug_macro   0x00000cd7       0x58 ./Sources/UART.o
 .debug_macro   0x00000d2f       0x35 ./Sources/UART.o
 .debug_macro   0x00000d64       0xa3 ./Sources/UART.o
 .debug_macro   0x00000e07       0x16 ./Sources/UART.o
 .debug_macro   0x00000e1d       0x11 ./Sources/UART.o
 .debug_macro   0x00000e2e       0x4c ./Sources/UART.o
 .debug_macro   0x00000e7a       0x3a ./Sources/UART.o
 .debug_macro   0x00000eb4       0x1f ./Sources/UART.o
 .debug_macro   0x00000ed3      0x250 ./Sources/UART.o
 .debug_macro   0x00001123       0x63 ./Sources/UART.o
 .debug_macro   0x00001186     0x8439 ./Sources/UART.o
 .debug_macro   0x000095bf       0x16 ./Sources/UART.o
 .debug_macro   0x000095d5      0x10e ./Sources/UART.o
 .debug_macro   0x000096e3       0x7f ./Sources/UART.o
 .debug_macro   0x00009762       0x52 ./Sources/UART.o
 .debug_macro   0x000097b4       0x16 ./Sources/UART.o
 .debug_macro   0x000097ca       0x43 ./Sources/UART.o
 .debug_macro   0x0000980d      0x180 ./Sources/UART.o
 .debug_macro   0x0000998d       0x22 ./Sources/UART.o
 .debug_macro   0x000099af       0x7c ./Sources/UART.o
 .debug_macro   0x00009a2b     0x764c ./Sources/UART.o
 .debug_macro   0x00011077     0x10b2 ./Sources/UART.o
 .debug_macro   0x00012129       0x10 ./Sources/UART.o
 .debug_macro   0x00012139       0x11 ./Sources/UART.o
 .debug_macro   0x0001214a       0x10 ./Sources/UART.o
 .debug_macro   0x0001215a       0x10 ./Sources/UART.o
 .debug_macro   0x0001216a       0x10 ./Sources/UART.o
 .debug_macro   0x0001217a       0x44 ./Sources/UART.o
 .debug_macro   0x000121be       0x22 ./Sources/UART.o
 .debug_macro   0x000121e0       0x10 ./Sources/UART.o
 .debug_macro   0x000121f0      0x17e ./Sources/UART.o
 .debug_macro   0x0001236e      0x102 ./Sources/adc.o
 .debug_macro   0x00012470       0x16 ./Sources/adc.o
 .debug_macro   0x00012486       0x3a ./Sources/adc.o
 .debug_macro   0x000124c0       0x96 ./Sources/aquecedorECooler.o
 .debug_macro   0x00012556      0x297 ./Sources/communicationStateMachine.o
 .debug_macro   0x000127ed      0x2b9 ./Sources/fsl_debug_console.o
 .debug_macro   0x00012aa6       0x58 ./Sources/fsl_debug_console.o
 .debug_macro   0x00012afe       0x16 ./Sources/fsl_debug_console.o
 .debug_macro   0x00012b14       0x97 ./Sources/fsl_debug_console.o
 .debug_macro   0x00012bab       0xef ./Sources/fsl_debug_console.o
 .debug_macro   0x00012c9a       0x4a ./Sources/fsl_debug_console.o
 .debug_macro   0x00012ce4       0x10 ./Sources/fsl_debug_console.o
 .debug_macro   0x00012cf4       0x22 ./Sources/fsl_debug_console.o
 .debug_macro   0x00012d16       0xbd ./Sources/fsl_debug_console.o
 .debug_macro   0x00012dd3       0x16 ./Sources/fsl_debug_console.o
 .debug_macro   0x00012de9      0x14a ./Sources/fsl_debug_console.o
 .debug_macro   0x00012f33       0x35 ./Sources/fsl_debug_console.o
 .debug_macro   0x00012f68      0x20f ./Sources/fsl_debug_console.o
 .debug_macro   0x00013177       0x82 ./Sources/fsl_debug_console.o
 .debug_macro   0x000131f9      0x2a6 ./Sources/fsl_debug_console.o
 .debug_macro   0x0001349f       0x10 ./Sources/fsl_debug_console.o
 .debug_macro   0x000134af       0x10 ./Sources/fsl_debug_console.o
 .debug_macro   0x000134bf      0x24e ./Sources/interruptButton.o
 .debug_macro   0x0001370d      0x24c ./Sources/lcd.o
 .debug_macro   0x00013959       0x28 ./Sources/lcd.o
 .debug_macro   0x00013981      0x21b ./Sources/ledSwi.o
 .debug_macro   0x00013b9c      0x233 ./Sources/lptmr.o
 .debug_macro   0x00013dcf       0x11 ./Sources/lut_adc_3v3.o
 .debug_macro   0x00013de0      0x2b4 ./Sources/main.o
 .debug_macro   0x00014094       0x10 ./Sources/main.o
 .debug_macro   0x000140a4       0x52 ./Sources/main.o
 .debug_macro   0x000140f6      0x2bb ./Sources/mcg.o
 .debug_macro   0x000143b1       0x1b ./Sources/pid.o
 .debug_macro   0x000143cc       0x1b ./Sources/util.o
 .debug_macro   0x000143e7      0x167 ./Project_Settings/Startup_Code/startup.o
 .debug_macro   0x0001454e      0x158 ./Project_Settings/Startup_Code/system_MKL25Z4.o

.debug_line     0x00000000     0x7385
 .debug_line    0x00000000      0x5d8 ./Sources/UART.o
 .debug_line    0x000005d8      0x278 ./Sources/adc.o
 .debug_line    0x00000850      0x2d2 ./Sources/aquecedorECooler.o
 .debug_line    0x00000b22      0x7dd ./Sources/communicationStateMachine.o
 .debug_line    0x000012ff      0x7c8 ./Sources/fsl_debug_console.o
 .debug_line    0x00001ac7      0x5fc ./Sources/interruptButton.o
 .debug_line    0x000020c3      0x596 ./Sources/lcd.o
 .debug_line    0x00002659      0x543 ./Sources/ledSwi.o
 .debug_line    0x00002b9c      0x51e ./Sources/lptmr.o
 .debug_line    0x000030ba       0x39 ./Sources/lut_adc_3v3.o
 .debug_line    0x000030f3      0x688 ./Sources/main.o
 .debug_line    0x0000377b      0x52e ./Sources/mcg.o
 .debug_line    0x00003ca9       0xd6 ./Sources/pid.o
 .debug_line    0x00003d7f      0x148 ./Sources/util.o
 .debug_line    0x00003ec7      0x34b ./Project_Settings/Startup_Code/startup.o
 .debug_line    0x00004212       0x6c ./Project_Settings/Startup_Code/startup_MKL25Z4.o
 .debug_line    0x0000427e      0x36c ./Project_Settings/Startup_Code/system_MKL25Z4.o
 .debug_line    0x000045ea      0x384 C:/Freescale/KSDK_1.2.0/lib/ksdk_platform_lib/kds/KL25Z4/debug/libksdk_platform.a(fsl_uart_hal.o)
 .debug_line    0x0000496e      0x5a9 C:/Freescale/KSDK_1.2.0/lib/ksdk_platform_lib/kds/KL25Z4/debug/libksdk_platform.a(fsl_lptmr_driver.o)
 .debug_line    0x00004f17      0x3d1 C:/Freescale/KSDK_1.2.0/lib/ksdk_platform_lib/kds/KL25Z4/debug/libksdk_platform.a(fsl_lpsci_hal.o)
 .debug_line    0x000052e8      0x94b C:/Freescale/KSDK_1.2.0/lib/ksdk_platform_lib/kds/KL25Z4/debug/libksdk_platform.a(fsl_clock_MKL25Z4.o)