Archive member included because of file (symbol)

C:/Freescale/KSDK_1.2.0/lib/ksdk_platform_lib/kds/KL25Z4/debug/libksdk_platform.a(fsl_lptmr_driver.o)
                              ./Sources/lptmr.o (LPTMR_DRV_Init)
C:/Freescale/KSDK_1.2.0/lib/ksdk_platform_lib/kds/KL25Z4/debug/libksdk_platform.a(fsl_clock_MKL25Z4.o)
                              ./Sources/mcg.o (CLOCK_SYS_SetConfiguration)
C:/Freescale/KSDK_1.2.0/lib/ksdk_platform_lib/kds/KL25Z4/debug/libksdk_platform.a(fsl_clock_manager.o)
                              C:/Freescale/KSDK_1.2.0/lib/ksdk_platform_lib/kds/KL25Z4/debug/libksdk_platform.a(fsl_clock_MKL25Z4.o) (CLOCK_SYS_GetSystickFreq)
C:/Freescale/KSDK_1.2.0/lib/ksdk_platform_lib/kds/KL25Z4/debug/libksdk_platform.a(fsl_clock_manager_common.o)
                              C:/Freescale/KSDK_1.2.0/lib/ksdk_platform_lib/kds/KL25Z4/debug/libksdk_platform.a(fsl_clock_MKL25Z4.o) (g_oscBase)
C:/Freescale/KSDK_1.2.0/lib/ksdk_platform_lib/kds/KL25Z4/debug/libksdk_platform.a(fsl_os_abstraction_bm.o)
                              C:/Freescale/KSDK_1.2.0/lib/ksdk_platform_lib/kds/KL25Z4/debug/libksdk_platform.a(fsl_clock_manager.o) (OSA_EnterCritical)
C:/Freescale/KSDK_1.2.0/lib/ksdk_platform_lib/kds/KL25Z4/debug/libksdk_platform.a(fsl_sim_hal_MKL25Z4.o)
                              C:/Freescale/KSDK_1.2.0/lib/ksdk_platform_lib/kds/KL25Z4/debug/libksdk_platform.a(fsl_clock_MKL25Z4.o) (CLOCK_HAL_SetOutDiv)
C:/Freescale/KSDK_1.2.0/lib/ksdk_platform_lib/kds/KL25Z4/debug/libksdk_platform.a(fsl_rtc_common.o)
                              C:/Freescale/KSDK_1.2.0/lib/ksdk_platform_lib/kds/KL25Z4/debug/libksdk_platform.a(fsl_clock_manager.o) (g_rtcBase)
C:/Freescale/KSDK_1.2.0/lib/ksdk_platform_lib/kds/KL25Z4/debug/libksdk_platform.a(fsl_osc_hal.o)
                              C:/Freescale/KSDK_1.2.0/lib/ksdk_platform_lib/kds/KL25Z4/debug/libksdk_platform.a(fsl_clock_manager.o) (OSC_HAL_SetCapacitor)
C:/Freescale/KSDK_1.2.0/lib/ksdk_platform_lib/kds/KL25Z4/debug/libksdk_platform.a(fsl_mcg_hal.o)
                              C:/Freescale/KSDK_1.2.0/lib/ksdk_platform_lib/kds/KL25Z4/debug/libksdk_platform.a(fsl_clock_MKL25Z4.o) (CLOCK_HAL_GetFllClk)
C:/Freescale/KSDK_1.2.0/lib/ksdk_platform_lib/kds/KL25Z4/debug/libksdk_platform.a(fsl_mcg_hal_modes.o)
                              C:/Freescale/KSDK_1.2.0/lib/ksdk_platform_lib/kds/KL25Z4/debug/libksdk_platform.a(fsl_clock_manager.o) (CLOCK_HAL_GetMcgMode)
C:/Freescale/KSDK_1.2.0/lib/ksdk_platform_lib/kds/KL25Z4/debug/libksdk_platform.a(fsl_lptmr_hal.o)
                              C:/Freescale/KSDK_1.2.0/lib/ksdk_platform_lib/kds/KL25Z4/debug/libksdk_platform.a(fsl_lptmr_driver.o) (LPTMR_HAL_Init)
C:/Freescale/KSDK_1.2.0/lib/ksdk_platform_lib/kds/KL25Z4/debug/libksdk_platform.a(fsl_lptmr_common.o)
                              C:/Freescale/KSDK_1.2.0/lib/ksdk_platform_lib/kds/KL25Z4/debug/libksdk_platform.a(fsl_lptmr_driver.o) (g_lptmrIrqId)
C:/Freescale/KSDK_1.2.0/lib/ksdk_platform_lib/kds/KL25Z4/debug/libksdk_platform.a(fsl_interrupt_manager.o)
                              C:/Freescale/KSDK_1.2.0/lib/ksdk_platform_lib/kds/KL25Z4/debug/libksdk_platform.a(fsl_os_abstraction_bm.o) (INT_SYS_InstallHandler)
c:/freescale/kds_v3/toolchain/bin/../lib/gcc/arm-none-eabi/4.8.4/armv6-m\libgcc.a(_thumb1_case_uqi.o)
                              C:/Freescale/KSDK_1.2.0/lib/ksdk_platform_lib/kds/KL25Z4/debug/libksdk_platform.a(fsl_clock_MKL25Z4.o) (__gnu_thumb1_case_uqi)
c:/freescale/kds_v3/toolchain/bin/../lib/gcc/arm-none-eabi/4.8.4/armv6-m\libgcc.a(_udivsi3.o)
                              ./Sources/tacometro.o (__aeabi_uidiv)
c:/freescale/kds_v3/toolchain/bin/../lib/gcc/arm-none-eabi/4.8.4/armv6-m\libgcc.a(_dvmd_tls.o)
                              c:/freescale/kds_v3/toolchain/bin/../lib/gcc/arm-none-eabi/4.8.4/armv6-m\libgcc.a(_udivsi3.o) (__aeabi_idiv0)
c:/freescale/kds_v3/toolchain/bin/../lib/gcc/arm-none-eabi/4.8.4/../../../../arm-none-eabi/lib/armv6-m\libg_s.a(lib_a-assert.o)
                              ./Sources/mcg.o (__assert_func)
c:/freescale/kds_v3/toolchain/bin/../lib/gcc/arm-none-eabi/4.8.4/../../../../arm-none-eabi/lib/armv6-m\libg_s.a(lib_a-calloc.o)
                              C:/Freescale/KSDK_1.2.0/lib/ksdk_platform_lib/kds/KL25Z4/debug/libksdk_platform.a(fsl_os_abstraction_bm.o) (calloc)
c:/freescale/kds_v3/toolchain/bin/../lib/gcc/arm-none-eabi/4.8.4/../../../../arm-none-eabi/lib/armv6-m\libg_s.a(lib_a-exit.o)
                              c:/freescale/kds_v3/toolchain/bin/../lib/gcc/arm-none-eabi/4.8.4/../../../../arm-none-eabi/lib/armv6-m/crt0.o (exit)
c:/freescale/kds_v3/toolchain/bin/../lib/gcc/arm-none-eabi/4.8.4/../../../../arm-none-eabi/lib/armv6-m\libg_s.a(lib_a-fprintf.o)
                              c:/freescale/kds_v3/toolchain/bin/../lib/gcc/arm-none-eabi/4.8.4/../../../../arm-none-eabi/lib/armv6-m\libg_s.a(lib_a-assert.o) (fiprintf)
[...]
Memory Configuration

Name             Origin             Length             Attributes
m_interrupts     0x00000000         0x00000100         xr
m_flash_config   0x00000400         0x00000010         xr
m_text           0x00000410         0x0001fbf0         xr
m_data           0x1ffff000         0x00004000         rw
*default*        0x00000000         0xffffffff

Linker script and memory map

LOAD c:/freescale/kds_v3/toolchain/bin/../lib/gcc/arm-none-eabi/4.8.4/armv6-m/crti.o
LOAD c:/freescale/kds_v3/toolchain/bin/../lib/gcc/arm-none-eabi/4.8.4/armv6-m/crtbegin.o
LOAD c:/freescale/kds_v3/toolchain/bin/../lib/gcc/arm-none-eabi/4.8.4/../../../../arm-none-eabi/lib/armv6-m/crt0.o
LOAD ./Sources/lptmr.o
LOAD ./Sources/main.o
LOAD ./Sources/mcg.o
LOAD ./Sources/tacometro.o
LOAD ./Sources/util.o
LOAD ./Project_Settings/Startup_Code/startup.o
LOAD ./Project_Settings/Startup_Code/startup_MKL25Z4.o
LOAD ./Project_Settings/Startup_Code/system_MKL25Z4.o
LOAD C:/Freescale/KSDK_1.2.0/lib/ksdk_platform_lib/kds/KL25Z4/debug/libksdk_platform.a
LOAD c:/freescale/kds_v3/toolchain/bin/../lib/gcc/arm-none-eabi/4.8.4/../../../../arm-none-eabi/lib/armv6-m\libstdc++_s.a
LOAD c:/freescale/kds_v3/toolchain/bin/../lib/gcc/arm-none-eabi/4.8.4/../../../../arm-none-eabi/lib/armv6-m\libm.a
START GROUP
LOAD c:/freescale/kds_v3/toolchain/bin/../lib/gcc/arm-none-eabi/4.8.4/armv6-m\libgcc.a
LOAD c:/freescale/kds_v3/toolchain/bin/../lib/gcc/arm-none-eabi/4.8.4/../../../../arm-none-eabi/lib/armv6-m\libg_s.a
LOAD c:/freescale/kds_v3/toolchain/bin/../lib/gcc/arm-none-eabi/4.8.4/../../../../arm-none-eabi/lib/armv6-m\libc_s.a
END GROUP
START GROUP
LOAD c:/freescale/kds_v3/toolchain/bin/../lib/gcc/arm-none-eabi/4.8.4/armv6-m\libgcc.a
LOAD c:/freescale/kds_v3/toolchain/bin/../lib/gcc/arm-none-eabi/4.8.4/../../../../arm-none-eabi/lib/armv6-m\libc_s.a
LOAD c:/freescale/kds_v3/toolchain/bin/../lib/gcc/arm-none-eabi/4.8.4/../../../../arm-none-eabi/lib/armv6-m\libnosys.a
END GROUP
START GROUP
LOAD c:/freescale/kds_v3/toolchain/bin/../lib/gcc/arm-none-eabi/4.8.4/armv6-m\libgcc.a
LOAD c:/freescale/kds_v3/toolchain/bin/../lib/gcc/arm-none-eabi/4.8.4/../../../../arm-none-eabi/lib/armv6-m\libc_s.a
LOAD c:/freescale/kds_v3/toolchain/bin/../lib/gcc/arm-none-eabi/4.8.4/../../../../arm-none-eabi/lib/armv6-m\libnosys.a
END GROUP
LOAD c:/freescale/kds_v3/toolchain/bin/../lib/gcc/arm-none-eabi/4.8.4/armv6-m/crtend.o
LOAD c:/freescale/kds_v3/toolchain/bin/../lib/gcc/arm-none-eabi/4.8.4/armv6-m/crtn.o
                0x00000400                HEAP_SIZE = DEFINED (__heap_size__)?__heap_size__:0x400
                0x00000400                STACK_SIZE = DEFINED (__stack_size__)?__stack_size__:0x400
                0x00000000                M_VECTOR_RAM_SIZE = DEFINED (__ram_vector_table__)?0x100:0x0

.interrupts     0x00000000       0xc0
                0x00000000                __VECTOR_TABLE = .
                0x00000000                . = ALIGN (0x4)
 *(.isr_vector)
 .isr_vector    0x00000000       0xc0 ./Project_Settings/Startup_Code/startup_MKL25Z4.o
                0x00000000                __isr_vector
                0x000000c0                . = ALIGN (0x4)

.flash_config   0x00000400       0x10
                0x00000400                . = ALIGN (0x4)
 *(.FlashConfig)
 .FlashConfig   0x00000400       0x10 ./Project_Settings/Startup_Code/startup_MKL25Z4.o
                0x00000410                . = ALIGN (0x4)

.text           0x00000410     0x2910
                0x00000410                . = ALIGN (0x4)
 *(.text)
 .text          0x00000410       0x60 c:/freescale/kds_v3/toolchain/bin/../lib/gcc/arm-none-eabi/4.8.4/armv6-m/crtbegin.o
 .text          0x00000470       0x78 c:/freescale/kds_v3/toolchain/bin/../lib/gcc/arm-none-eabi/4.8.4/../../../../arm-none-eabi/lib/armv6-m/crt0.o
                0x00000470                _start
                0x00000470                _mainCRTStartup
 .text          0x000004e8       0x18 ./Project_Settings/Startup_Code/startup_MKL25Z4.o
                0x000004e8                Reset_Handler
                0x000004f8                HardFault_Handler
                0x000004f8                SysTick_Handler
                0x000004f8                PendSV_Handler
                0x000004f8                NMI_Handler
                0x000004f8                I2C1_IRQHandler
                0x000004f8                UART1_IRQHandler
                0x000004f8                DMA2_IRQHandler
                0x000004f8                TPM0_IRQHandler
                0x000004f8                LLWU_IRQHandler
                0x000004f8                TSI0_IRQHandler
                0x000004f8                UART0_IRQHandler
                0x000004f8                ADC0_IRQHandler
                0x000004f8                Reserved39_IRQHandler
                0x000004f8                SPI1_IRQHandler
                0x000004f8                DefaultISR
                0x000004f8                PORTD_IRQHandler
                0x000004f8                TPM2_IRQHandler
                0x000004f8                RTC_IRQHandler
                0x000004f8                I2C0_IRQHandler
                0x000004f8                RTC_Seconds_IRQHandler
                0x000004f8                MCG_IRQHandler
                0x000004f8                UART2_IRQHandler
                0x000004f8                Reserved20_IRQHandler
                0x000004f8                USB0_IRQHandler
                0x000004f8                PIT_IRQHandler
                0x000004f8                SVC_Handler
                0x000004f8                DMA3_IRQHandler
                0x000004f8                DMA0_IRQHandler
                0x000004f8                DAC0_IRQHandler
                0x000004f8                Reserved45_IRQHandler
                0x000004f8                TPM1_IRQHandler
                0x000004f8                LVD_LVW_IRQHandler
                0x000004f8                SPI0_IRQHandler
                0x000004f8                PORTA_IRQHandler
                0x000004f8                FTFA_IRQHandler
                0x000004f8                CMP0_IRQHandler
                0x000004f8                DMA1_IRQHandler
 .text          0x00000500       0x14 c:/freescale/kds_v3/toolchain/bin/../lib/gcc/arm-none-eabi/4.8.4/armv6-m\libgcc.a(_thumb1_case_uqi.o)
                0x00000500                __gnu_thumb1_case_uqi
 .text          0x00000514       0x9c c:/freescale/kds_v3/toolchain/bin/../lib/gcc/arm-none-eabi/4.8.4/armv6-m\libgcc.a(_udivsi3.o)
                0x00000514                __aeabi_uidiv
                0x00000514                __udivsi3
                0x0000059c                __aeabi_uidivmod
 .text          0x000005b0        0x4 c:/freescale/kds_v3/toolchain/bin/../lib/gcc/arm-none-eabi/4.8.4/armv6-m\libgcc.a(_dvmd_tls.o)
                0x000005b0                __aeabi_idiv0
                0x000005b0                __aeabi_ldiv0
 *(.text*)
 .text.LPTMR0_IRQHandler
                0x000005b4       0x10 ./Sources/lptmr.o
                0x000005b4                LPTMR0_IRQHandler
 .text.tc_installLptmr0
                0x000005c4       0x40 ./Sources/lptmr.o
                0x000005c4                tc_installLptmr0
 .text.main_cyclicExecuteIsr
                0x00000604       0x14 ./Sources/main.o
                0x00000604                main_cyclicExecuteIsr
 .text.iniciarPlaca
                0x00000618       0x10 ./Sources/main.o
                0x00000618                iniciarPlaca
 .text.main     0x00000628       0x20 ./Sources/main.o
                0x00000628                main
 .text.SMC_HAL_SetProtection
                0x00000648       0x1c ./Sources/mcg.o
 .text.PORT_HAL_SetMuxMode
                0x00000664       0x4c ./Sources/mcg.o
 .text.mcg_initOsc0
                0x000006b0       0x40 ./Sources/mcg.o
                0x000006b0                mcg_initOsc0
 .text.mcg_initRtcOsc
                0x000006f0       0x40 ./Sources/mcg.o
                0x000006f0                mcg_initRtcOsc
 .text.mcg_initSystemClock
                0x00000730       0x14 ./Sources/mcg.o
                0x00000730                mcg_initSystemClock
 .text.mcg_clockInit
                0x00000744       0x50 ./Sources/mcg.o
                0x00000744                mcg_clockInit
 .text.tachometer_init
                0x00000794       0x8c ./Sources/tacometro.o
                0x00000794                tachometer_init
 .text.tachometer_readSensor
                0x00000820       0x4c ./Sources/tacometro.o
                0x00000820                tachometer_readSensor
 .text.init_data_bss
                0x0000086c       0xc8 ./Project_Settings/Startup_Code/startup.o
                0x0000086c                init_data_bss
 .text.SystemInit
                0x00000934       0x18 ./Project_Settings/Startup_Code/system_MKL25Z4.o
                0x00000934                SystemInit
 .text.INT_SYS_DisableIRQ
                0x0000094c       0x40 C:/Freescale/KSDK_1.2.0/lib/ksdk_platform_lib/kds/KL25Z4/debug/libksdk_platform.a(fsl_lptmr_driver.o)
 .text.LPTMR_DRV_Init
                0x0000098c      0x124 C:/Freescale/KSDK_1.2.0/lib/ksdk_platform_lib/kds/KL25Z4/debug/libksdk_platform.a(fsl_lptmr_driver.o)
                0x0000098c                LPTMR_DRV_Init
 .text.LPTMR_DRV_Start
                0x00000ab0       0x4c C:/Freescale/KSDK_1.2.0/lib/ksdk_platform_lib/kds/KL25Z4/debug/libksdk_platform.a(fsl_lptmr_driver.o)
                0x00000ab0                LPTMR_DRV_Start
 .text.LPTMR_DRV_SetTimerPeriodUs
                0x00000afc       0xcc C:/Freescale/KSDK_1.2.0/lib/ksdk_platform_lib/kds/KL25Z4/debug/libksdk_platform.a(fsl_lptmr_driver.o)
                0x00000afc                LPTMR_DRV_SetTimerPeriodUs
 .text.LPTMR_DRV_InstallCallback
                0x00000bc8       0x38 C:/Freescale/KSDK_1.2.0/lib/ksdk_platform_lib/kds/KL25Z4/debug/libksdk_platform.a(fsl_lptmr_driver.o)
                0x00000bc8                LPTMR_DRV_InstallCallback
 .text.LPTMR_DRV_IRQHandler
                0x00000c00       0x6c C:/Freescale/KSDK_1.2.0/lib/ksdk_platform_lib/kds/KL25Z4/debug/libksdk_platform.a(fsl_lptmr_driver.o)
                0x00000c00                LPTMR_DRV_IRQHandler
 .text.SIM_HAL_EnableClock.constprop.7
                0x00000c6c       0x24 C:/Freescale/KSDK_1.2.0/lib/ksdk_platform_lib/kds/KL25Z4/debug/libksdk_platform.a(fsl_clock_MKL25Z4.o)
 .text.CLOCK_SYS_GetCoreClockFreq
                0x00000c90       0x20 C:/Freescale/KSDK_1.2.0/lib/ksdk_platform_lib/kds/KL25Z4/debug/libksdk_platform.a(fsl_clock_MKL25Z4.o)
                0x00000c90                CLOCK_SYS_GetCoreClockFreq
 .text.CLOCK_SYS_SetConfiguration
                0x00000cb0       0x84 C:/Freescale/KSDK_1.2.0/lib/ksdk_platform_lib/kds/KL25Z4/debug/libksdk_platform.a(fsl_clock_MKL25Z4.o)
                0x00000cb0                CLOCK_SYS_SetConfiguration
 .text.CLOCK_SYS_FllStableDelay
                0x00000d34       0x1c C:/Freescale/KSDK_1.2.0/lib/ksdk_platform_lib/kds/KL25Z4/debug/libksdk_platform.a(fsl_clock_MKL25Z4.o)
 .text.CLOCK_SYS_GetExternalRefClock32kFreq
                0x00000d50       0x40 C:/Freescale/KSDK_1.2.0/lib/ksdk_platform_lib/kds/KL25Z4/debug/libksdk_platform.a(fsl_clock_MKL25Z4.o)
                0x00000d50                CLOCK_SYS_GetExternalRefClock32kFreq
 .text.CLOCK_SYS_GetOsc0ExternalRefClockFreq
                0x00000d90       0x24 C:/Freescale/KSDK_1.2.0/lib/ksdk_platform_lib/kds/KL25Z4/debug/libksdk_platform.a(fsl_clock_MKL25Z4.o)
                0x00000d90                CLOCK_SYS_GetOsc0ExternalRefClockFreq
 .text.CLOCK_SYS_GetLptmrFreq
                0x00000db4       0x30 C:/Freescale/KSDK_1.2.0/lib/ksdk_platform_lib/kds/KL25Z4/debug/libksdk_platform.a(fsl_clock_MKL25Z4.o)
                0x00000db4                CLOCK_SYS_GetLptmrFreq
 .text.CLOCK_SYS_EnablePortClock
                0x00000de4       0x30 C:/Freescale/KSDK_1.2.0/lib/ksdk_platform_lib/kds/KL25Z4/debug/libksdk_platform.a(fsl_clock_MKL25Z4.o)
                0x00000de4                CLOCK_SYS_EnablePortClock
 .text.CLOCK_SYS_SetMcgPeeToFbe
                0x00000e14       0x30 C:/Freescale/KSDK_1.2.0/lib/ksdk_platform_lib/kds/KL25Z4/debug/libksdk_platform.a(fsl_clock_manager.o)
 .text.CLOCK_SYS_SetMcgMode
                0x00000e44      0x134 C:/Freescale/KSDK_1.2.0/lib/ksdk_platform_lib/kds/KL25Z4/debug/libksdk_platform.a(fsl_clock_manager.o)
                0x00000e44                CLOCK_SYS_SetMcgMode
 .text.CLOCK_SYS_SetOscerConfigration
                0x00000f78       0x28 C:/Freescale/KSDK_1.2.0/lib/ksdk_platform_lib/kds/KL25Z4/debug/libksdk_platform.a(fsl_clock_manager.o)
                0x00000f78                CLOCK_SYS_SetOscerConfigration
 .text.CLOCK_SYS_OscInit
                0x00000fa0       0x98 C:/Freescale/KSDK_1.2.0/lib/ksdk_platform_lib/kds/KL25Z4/debug/libksdk_platform.a(fsl_clock_manager.o)
                0x00000fa0                CLOCK_SYS_OscInit
 .text.CLOCK_SYS_RtcOscInit
                0x00001038       0xa0 C:/Freescale/KSDK_1.2.0/lib/ksdk_platform_lib/kds/KL25Z4/debug/libksdk_platform.a(fsl_clock_manager.o)
                0x00001038                CLOCK_SYS_RtcOscInit
 .text.CLOCK_HAL_SetOutDiv
                0x000010d8       0x1c C:/Freescale/KSDK_1.2.0/lib/ksdk_platform_lib/kds/KL25Z4/debug/libksdk_platform.a(fsl_sim_hal_MKL25Z4.o)
                0x000010d8                CLOCK_HAL_SetOutDiv
 .text.OSC_HAL_SetCapacitor
                0x000010f4        0xe C:/Freescale/KSDK_1.2.0/lib/ksdk_platform_lib/kds/KL25Z4/debug/libksdk_platform.a(fsl_osc_hal.o)
                0x000010f4                OSC_HAL_SetCapacitor
 *fill*         0x00001102        0x2 
 .text.CLOCK_HAL_TestOscFreq
                0x00001104        0xc C:/Freescale/KSDK_1.2.0/lib/ksdk_platform_lib/kds/KL25Z4/debug/libksdk_platform.a(fsl_mcg_hal.o)
                0x00001104                CLOCK_HAL_TestOscFreq
 .text.CLOCK_HAL_TestFllExternalRefFreq
                0x00001110       0x36 C:/Freescale/KSDK_1.2.0/lib/ksdk_platform_lib/kds/KL25Z4/debug/libksdk_platform.a(fsl_mcg_hal.o)
                0x00001110                CLOCK_HAL_TestFllExternalRefFreq
 *fill*         0x00001146        0x2 
 .text.CLOCK_HAL_GetFllRefClk
                0x00001148       0x44 C:/Freescale/KSDK_1.2.0/lib/ksdk_platform_lib/kds/KL25Z4/debug/libksdk_platform.a(fsl_mcg_hal.o)
                0x00001148                CLOCK_HAL_GetFllRefClk
 .text.CLOCK_HAL_TestFllFreq
                0x0000118c       0x38 C:/Freescale/KSDK_1.2.0/lib/ksdk_platform_lib/kds/KL25Z4/debug/libksdk_platform.a(fsl_mcg_hal.o)
                0x0000118c                CLOCK_HAL_TestFllFreq
 .text.CLOCK_HAL_GetFllClk
                0x000011c4       0x40 C:/Freescale/KSDK_1.2.0/lib/ksdk_platform_lib/kds/KL25Z4/debug/libksdk_platform.a(fsl_mcg_hal.o)
                0x000011c4                CLOCK_HAL_GetFllClk
 .text.CLOCK_HAL_UpdateFastClkInternalRefDiv
                0x00001204       0x60 C:/Freescale/KSDK_1.2.0/lib/ksdk_platform_lib/kds/KL25Z4/debug/libksdk_platform.a(fsl_mcg_hal.o)
                0x00001204                CLOCK_HAL_UpdateFastClkInternalRefDiv
 .text.CLOCK_HAL_GetPll0Clk
                0x00001264       0x48 C:/Freescale/KSDK_1.2.0/lib/ksdk_platform_lib/kds/KL25Z4/debug/libksdk_platform.a(fsl_mcg_hal.o)
                0x00001264                CLOCK_HAL_GetPll0Clk
 .text.CLOCK_HAL_EnablePll0InFllMode
                0x000012ac       0x38 C:/Freescale/KSDK_1.2.0/lib/ksdk_platform_lib/kds/KL25Z4/debug/libksdk_platform.a(fsl_mcg_hal.o)
                0x000012ac                CLOCK_HAL_EnablePll0InFllMode
 .text.CLOCK_HAL_GetInternalRefClk
                0x000012e4       0x40 C:/Freescale/KSDK_1.2.0/lib/ksdk_platform_lib/kds/KL25Z4/debug/libksdk_platform.a(fsl_mcg_hal.o)
                0x000012e4                CLOCK_HAL_GetInternalRefClk
 .text.CLOCK_HAL_GetOutClk
                0x00001324       0x48 C:/Freescale/KSDK_1.2.0/lib/ksdk_platform_lib/kds/KL25Z4/debug/libksdk_platform.a(fsl_mcg_hal.o)
                0x00001324                CLOCK_HAL_GetOutClk
 .text.CLOCK_HAL_SetOsc0Mode
                0x0000136c       0x24 C:/Freescale/KSDK_1.2.0/lib/ksdk_platform_lib/kds/KL25Z4/debug/libksdk_platform.a(fsl_mcg_hal.o)
                0x0000136c                CLOCK_HAL_SetOsc0Mode
 .text.CLOCK_HAL_PrepareOsc.isra.0
                0x00001390       0x1e C:/Freescale/KSDK_1.2.0/lib/ksdk_platform_lib/kds/KL25Z4/debug/libksdk_platform.a(fsl_mcg_hal_modes.o)
 *fill*         0x000013ae        0x2 
 .text.CLOCK_HAL_GetMcgMode
                0x000013b0       0x8c C:/Freescale/KSDK_1.2.0/lib/ksdk_platform_lib/kds/KL25Z4/debug/libksdk_platform.a(fsl_mcg_hal_modes.o)
                0x000013b0                CLOCK_HAL_GetMcgMode
 .text.CLOCK_HAL_SetFbiMode
                0x0000143c       0xc0 C:/Freescale/KSDK_1.2.0/lib/ksdk_platform_lib/kds/KL25Z4/debug/libksdk_platform.a(fsl_mcg_hal_modes.o)
                0x0000143c                CLOCK_HAL_SetFbiMode
 .text.CLOCK_HAL_SetFbeMode
                0x000014fc       0xd0 C:/Freescale/KSDK_1.2.0/lib/ksdk_platform_lib/kds/KL25Z4/debug/libksdk_platform.a(fsl_mcg_hal_modes.o)
                0x000014fc                CLOCK_HAL_SetFbeMode
 .text.CLOCK_HAL_SetPbeMode
                0x000015cc       0xc8 C:/Freescale/KSDK_1.2.0/lib/ksdk_platform_lib/kds/KL25Z4/debug/libksdk_platform.a(fsl_mcg_hal_modes.o)
                0x000015cc                CLOCK_HAL_SetPbeMode
 .text.LPTMR_HAL_SetTimerWorkingMode
                0x00001694       0x3a C:/Freescale/KSDK_1.2.0/lib/ksdk_platform_lib/kds/KL25Z4/debug/libksdk_platform.a(fsl_lptmr_hal.o)
                0x00001694                LPTMR_HAL_SetTimerWorkingMode
 .text.LPTMR_HAL_SetPrescalerMode
                0x000016ce       0x1e C:/Freescale/KSDK_1.2.0/lib/ksdk_platform_lib/kds/KL25Z4/debug/libksdk_platform.a(fsl_lptmr_hal.o)
                0x000016ce                LPTMR_HAL_SetPrescalerMode
 .text.__assert_func
                0x000016ec       0x3c c:/freescale/kds_v3/toolchain/bin/../lib/gcc/arm-none-eabi/4.8.4/../../../../arm-none-eabi/lib/armv6-m\libg_s.a(lib_a-assert.o)
                0x000016ec                __assert_func
 .text.exit     0x00001728       0x2c c:/freescale/kds_v3/toolchain/bin/../lib/gcc/arm-none-eabi/4.8.4/../../../../arm-none-eabi/lib/armv6-m\libg_s.a(lib_a-exit.o)
                0x00001728                exit
 .text.fprintf  0x00001754       0x24 c:/freescale/kds_v3/toolchain/bin/../lib/gcc/arm-none-eabi/4.8.4/../../../../arm-none-eabi/lib/armv6-m\libg_s.a(lib_a-fprintf.o)
                0x00001754                fiprintf
                0x00001754                fprintf
 .text.__libc_init_array
                0x00001778       0x4c c:/freescale/kds_v3/toolchain/bin/../lib/gcc/arm-none-eabi/4.8.4/../../../../arm-none-eabi/lib/armv6-m\libg_s.a(lib_a-init.o)
                0x00001778                __libc_init_array
 .text.memset   0x000017c4       0x10 c:/freescale/kds_v3/toolchain/bin/../lib/gcc/arm-none-eabi/4.8.4/../../../../arm-none-eabi/lib/armv6-m\libg_s.a(lib_a-memset.o)
                0x000017c4                memset
 .text._free_r  0x000017d4       0x90 c:/freescale/kds_v3/toolchain/bin/../lib/gcc/arm-none-eabi/4.8.4/../../../../arm-none-eabi/lib/armv6-m\libg_s.a(lib_a-nano-freer.o)
                0x000017d4                _free_r
 .text._malloc_r
                0x00001864       0xa8 c:/freescale/kds_v3/toolchain/bin/../lib/gcc/arm-none-eabi/4.8.4/../../../../arm-none-eabi/lib/armv6-m\libg_s.a(lib_a-nano-mallocr.o)
                0x00001864                _malloc_r
 .text._sbrk_r  0x0000190c       0x24 c:/freescale/kds_v3/toolchain/bin/../lib/gcc/arm-none-eabi/4.8.4/../../../../arm-none-eabi/lib/armv6-m\libg_s.a(lib_a-sbrkr.o)
                0x0000190c                _sbrk_r
 .text.__sfputc_r
                0x00001930       0x2a c:/freescale/kds_v3/toolchain/bin/../lib/gcc/arm-none-eabi/4.8.4/../../../../arm-none-eabi/lib/armv6-m\libg_s.a(lib_a-vfprintf.o)
 .text.__sfputs_r
                0x0000195a       0x24 c:/freescale/kds_v3/toolchain/bin/../lib/gcc/arm-none-eabi/4.8.4/../../../../arm-none-eabi/lib/armv6-m\libg_s.a(lib_a-vfprintf.o)
                0x0000195a                __sfputs_r
 *fill*         0x0000197e        0x2 
 .text._vfprintf_r
                0x00001980      0x210 c:/freescale/kds_v3/toolchain/bin/../lib/gcc/arm-none-eabi/4.8.4/../../../../arm-none-eabi/lib/armv6-m\libg_s.a(lib_a-vfprintf.o)
                0x00001980                _vfprintf_r
                0x00001980                _vfiprintf_r
 .text._printf_common
                0x00001b90       0xe8 c:/freescale/kds_v3/toolchain/bin/../lib/gcc/arm-none-eabi/4.8.4/../../../../arm-none-eabi/lib/armv6-m\libg_s.a(lib_a-vfprintf_i.o)
                0x00001b90                _printf_common
 .text._printf_i
                0x00001c78      0x22c c:/freescale/kds_v3/toolchain/bin/../lib/gcc/arm-none-eabi/4.8.4/../../../../arm-none-eabi/lib/armv6-m\libg_s.a(lib_a-vfprintf_i.o)
                0x00001c78                _printf_i
 .text.__swbuf_r
                0x00001ea4       0xb0 c:/freescale/kds_v3/toolchain/bin/../lib/gcc/arm-none-eabi/4.8.4/../../../../arm-none-eabi/lib/armv6-m\libg_s.a(lib_a-wbuf.o)
                0x00001ea4                __swbuf_r
 .text.__swsetup_r
                0x00001f54       0xe4 c:/freescale/kds_v3/toolchain/bin/../lib/gcc/arm-none-eabi/4.8.4/../../../../arm-none-eabi/lib/armv6-m\libg_s.a(lib_a-wsetup.o)
                0x00001f54                __swsetup_r
 .text.abort    0x00002038        0xe c:/freescale/kds_v3/toolchain/bin/../lib/gcc/arm-none-eabi/4.8.4/../../../../arm-none-eabi/lib/armv6-m\libg_s.a(lib_a-abort.o)
                0x00002038                abort
 .text.__sflush_r
                0x00002046      0x112 c:/freescale/kds_v3/toolchain/bin/../lib/gcc/arm-none-eabi/4.8.4/../../../../arm-none-eabi/lib/armv6-m\libg_s.a(lib_a-fflush.o)
                0x00002046                __sflush_r
 .text._fflush_r
                0x00002158       0x58 c:/freescale/kds_v3/toolchain/bin/../lib/gcc/arm-none-eabi/4.8.4/../../../../arm-none-eabi/lib/armv6-m\libg_s.a(lib_a-fflush.o)
                0x00002158                _fflush_r
 .text._cleanup_r
                0x000021b0       0x34 c:/freescale/kds_v3/toolchain/bin/../lib/gcc/arm-none-eabi/4.8.4/../../../../arm-none-eabi/lib/armv6-m\libg_s.a(lib_a-findfp.o)
                0x000021b0                _cleanup_r
 .text.std.isra.0
                0x000021e4       0x48 c:/freescale/kds_v3/toolchain/bin/../lib/gcc/arm-none-eabi/4.8.4/../../../../arm-none-eabi/lib/armv6-m\libg_s.a(lib_a-findfp.o)
 .text.__sfmoreglue
                0x0000222c       0x2c c:/freescale/kds_v3/toolchain/bin/../lib/gcc/arm-none-eabi/4.8.4/../../../../arm-none-eabi/lib/armv6-m\libg_s.a(lib_a-findfp.o)
                0x0000222c                __sfmoreglue
 .text.__sinit  0x00002258       0x64 c:/freescale/kds_v3/toolchain/bin/../lib/gcc/arm-none-eabi/4.8.4/../../../../arm-none-eabi/lib/armv6-m\libg_s.a(lib_a-findfp.o)
                0x00002258                __sinit
 .text.__sfp    0x000022bc       0x7c c:/freescale/kds_v3/toolchain/bin/../lib/gcc/arm-none-eabi/4.8.4/../../../../arm-none-eabi/lib/armv6-m\libg_s.a(lib_a-findfp.o)
                0x000022bc                __sfp
 .text.__smakebuf_r
                0x00002338       0xa0 c:/freescale/kds_v3/toolchain/bin/../lib/gcc/arm-none-eabi/4.8.4/../../../../arm-none-eabi/lib/armv6-m\libg_s.a(lib_a-makebuf.o)
                0x00002338                __smakebuf_r
 .text.memchr   0x000023d8       0x16 c:/freescale/kds_v3/toolchain/bin/../lib/gcc/arm-none-eabi/4.8.4/../../../../arm-none-eabi/lib/armv6-m\libg_s.a(lib_a-memchr-stub.o)
                0x000023d8                memchr
 .text._raise_r
                0x000023ee       0x56 c:/freescale/kds_v3/toolchain/bin/../lib/gcc/arm-none-eabi/4.8.4/../../../../arm-none-eabi/lib/armv6-m\libg_s.a(lib_a-signal.o)
                0x000023ee                _raise_r
 .text.raise    0x00002444       0x14 c:/freescale/kds_v3/toolchain/bin/../lib/gcc/arm-none-eabi/4.8.4/../../../../arm-none-eabi/lib/armv6-m\libg_s.a(lib_a-signal.o)
                0x00002444                raise
 .text._kill_r  0x00002458       0x24 c:/freescale/kds_v3/toolchain/bin/../lib/gcc/arm-none-eabi/4.8.4/../../../../arm-none-eabi/lib/armv6-m\libg_s.a(lib_a-signalr.o)
                0x00002458                _kill_r
 .text._getpid_r
                0x0000247c        0x8 c:/freescale/kds_v3/toolchain/bin/../lib/gcc/arm-none-eabi/4.8.4/../../../../arm-none-eabi/lib/armv6-m\libg_s.a(lib_a-signalr.o)
                0x0000247c                _getpid_r
 .text.__sread  0x00002484       0x28 c:/freescale/kds_v3/toolchain/bin/../lib/gcc/arm-none-eabi/4.8.4/../../../../arm-none-eabi/lib/armv6-m\libg_s.a(lib_a-stdio.o)
                0x00002484                __sread
 .text.__swrite
                0x000024ac       0x38 c:/freescale/kds_v3/toolchain/bin/../lib/gcc/arm-none-eabi/4.8.4/../../../../arm-none-eabi/lib/armv6-m\libg_s.a(lib_a-stdio.o)
                0x000024ac                __swrite
 .text.__sseek  0x000024e4       0x2c c:/freescale/kds_v3/toolchain/bin/../lib/gcc/arm-none-eabi/4.8.4/../../../../arm-none-eabi/lib/armv6-m\libg_s.a(lib_a-stdio.o)
                0x000024e4                __sseek
 .text.__sclose
                0x00002510        0xc c:/freescale/kds_v3/toolchain/bin/../lib/gcc/arm-none-eabi/4.8.4/../../../../arm-none-eabi/lib/armv6-m\libg_s.a(lib_a-stdio.o)
                0x00002510                __sclose
 .text.strlen   0x0000251c        0xe c:/freescale/kds_v3/toolchain/bin/../lib/gcc/arm-none-eabi/4.8.4/../../../../arm-none-eabi/lib/armv6-m\libg_s.a(lib_a-strlen.o)
                0x0000251c                strlen
 *fill*         0x0000252a        0x2 
 .text._write_r
                0x0000252c       0x28 c:/freescale/kds_v3/toolchain/bin/../lib/gcc/arm-none-eabi/4.8.4/../../../../arm-none-eabi/lib/armv6-m\libg_s.a(lib_a-writer.o)
                0x0000252c                _write_r
 .text._close_r
                0x00002554       0x24 c:/freescale/kds_v3/toolchain/bin/../lib/gcc/arm-none-eabi/4.8.4/../../../../arm-none-eabi/lib/armv6-m\libg_s.a(lib_a-closer.o)
                0x00002554                _close_r
 .text._fstat_r
                0x00002578       0x24 c:/freescale/kds_v3/toolchain/bin/../lib/gcc/arm-none-eabi/4.8.4/../../../../arm-none-eabi/lib/armv6-m\libg_s.a(lib_a-fstatr.o)
                0x00002578                _fstat_r
 .text._isatty_r
                0x0000259c       0x24 c:/freescale/kds_v3/toolchain/bin/../lib/gcc/arm-none-eabi/4.8.4/../../../../arm-none-eabi/lib/armv6-m\libg_s.a(lib_a-isattyr.o)
                0x0000259c                _isatty_r
 .text._lseek_r
                0x000025c0       0x28 c:/freescale/kds_v3/toolchain/bin/../lib/gcc/arm-none-eabi/4.8.4/../../../../arm-none-eabi/lib/armv6-m\libg_s.a(lib_a-lseekr.o)
                0x000025c0                _lseek_r
 .text._read_r  0x000025e8       0x28 c:/freescale/kds_v3/toolchain/bin/../lib/gcc/arm-none-eabi/4.8.4/../../../../arm-none-eabi/lib/armv6-m\libg_s.a(lib_a-readr.o)
                0x000025e8                _read_r
 .text._close   0x00002610       0x10 c:/freescale/kds_v3/toolchain/bin/../lib/gcc/arm-none-eabi/4.8.4/../../../../arm-none-eabi/lib/armv6-m\libnosys.a(close.o)
                0x00002610                _close
 .text._fstat   0x00002620       0x10 c:/freescale/kds_v3/toolchain/bin/../lib/gcc/arm-none-eabi/4.8.4/../../../../arm-none-eabi/lib/armv6-m\libnosys.a(fstat.o)
                0x00002620                _fstat
 .text._getpid  0x00002630       0x10 c:/freescale/kds_v3/toolchain/bin/../lib/gcc/arm-none-eabi/4.8.4/../../../../arm-none-eabi/lib/armv6-m\libnosys.a(getpid.o)
                0x00002630                _getpid
 .text._isatty  0x00002640       0x10 c:/freescale/kds_v3/toolchain/bin/../lib/gcc/arm-none-eabi/4.8.4/../../../../arm-none-eabi/lib/armv6-m\libnosys.a(isatty.o)
                0x00002640                _isatty
 .text._kill    0x00002650       0x10 c:/freescale/kds_v3/toolchain/bin/../lib/gcc/arm-none-eabi/4.8.4/../../../../arm-none-eabi/lib/armv6-m\libnosys.a(kill.o)
                0x00002650                _kill
 .text._lseek   0x00002660       0x10 c:/freescale/kds_v3/toolchain/bin/../lib/gcc/arm-none-eabi/4.8.4/../../../../arm-none-eabi/lib/armv6-m\libnosys.a(lseek.o)
                0x00002660                _lseek
 .text._read    0x00002670       0x10 c:/freescale/kds_v3/toolchain/bin/../lib/gcc/arm-none-eabi/4.8.4/../../../../arm-none-eabi/lib/armv6-m\libnosys.a(read.o)
                0x00002670                _read
 .text._sbrk    0x00002680       0x34 c:/freescale/kds_v3/toolchain/bin/../lib/gcc/arm-none-eabi/4.8.4/../../../../arm-none-eabi/lib/armv6-m\libnosys.a(sbrk.o)
                0x00002680                _sbrk
 .text._write   0x000026b4       0x10 c:/freescale/kds_v3/toolchain/bin/../lib/gcc/arm-none-eabi/4.8.4/../../../../arm-none-eabi/lib/armv6-m\libnosys.a(write.o)
                0x000026b4                _write
 .text._exit    0x000026c4        0x4 c:/freescale/kds_v3/toolchain/bin/../lib/gcc/arm-none-eabi/4.8.4/../../../../arm-none-eabi/lib/armv6-m\libnosys.a(_exit.o)
                0x000026c4                _exit
 *(.rodata)
 .rodata        0x000026c8       0x44 ./Sources/mcg.o
 *(.rodata*)
 .rodata.g_defaultClockConfigRun
                0x0000270c       0x14 ./Sources/mcg.o
                0x0000270c                g_defaultClockConfigRun
 .rodata.__func__.5195
                0x00002720       0x14 ./Sources/mcg.o
 .rodata.__func__.6554
                0x00002734       0x1a C:/Freescale/KSDK_1.2.0/lib/ksdk_platform_lib/kds/KL25Z4/debug/libksdk_platform.a(fsl_lptmr_driver.o)
 .rodata.__func__.6558
                0x0000274e       0x15 C:/Freescale/KSDK_1.2.0/lib/ksdk_platform_lib/kds/KL25Z4/debug/libksdk_platform.a(fsl_lptmr_driver.o)
 .rodata.str1.1
                0x00002763      0x11b C:/Freescale/KSDK_1.2.0/lib/ksdk_platform_lib/kds/KL25Z4/debug/libksdk_platform.a(fsl_lptmr_driver.o)
 .rodata.__func__.6506
                0x0000287e        0xf C:/Freescale/KSDK_1.2.0/lib/ksdk_platform_lib/kds/KL25Z4/debug/libksdk_platform.a(fsl_lptmr_driver.o)
 .rodata.__func__.5685
                0x0000288d       0x12 C:/Freescale/KSDK_1.2.0/lib/ksdk_platform_lib/kds/KL25Z4/debug/libksdk_platform.a(fsl_lptmr_driver.o)
 .rodata.__func__.5689
                0x0000289f       0x13 C:/Freescale/KSDK_1.2.0/lib/ksdk_platform_lib/kds/KL25Z4/debug/libksdk_platform.a(fsl_lptmr_driver.o)
 .rodata.__func__.6518
                0x000028b2       0x10 C:/Freescale/KSDK_1.2.0/lib/ksdk_platform_lib/kds/KL25Z4/debug/libksdk_platform.a(fsl_lptmr_driver.o)
 .rodata.__func__.6529
                0x000028c2       0x1b C:/Freescale/KSDK_1.2.0/lib/ksdk_platform_lib/kds/KL25Z4/debug/libksdk_platform.a(fsl_lptmr_driver.o)
 .rodata.__func__.6307
                0x000028dd       0x1b C:/Freescale/KSDK_1.2.0/lib/ksdk_platform_lib/kds/KL25Z4/debug/libksdk_platform.a(fsl_clock_MKL25Z4.o)
 .rodata.portGateTable
                0x000028f8        0x5 C:/Freescale/KSDK_1.2.0/lib/ksdk_platform_lib/kds/KL25Z4/debug/libksdk_platform.a(fsl_clock_MKL25Z4.o)
 .rodata.str1.1
                0x000028fd      0x225 C:/Freescale/KSDK_1.2.0/lib/ksdk_platform_lib/kds/KL25Z4/debug/libksdk_platform.a(fsl_clock_MKL25Z4.o)
 .rodata.__func__.6443
                0x00002b22       0x1a C:/Freescale/KSDK_1.2.0/lib/ksdk_platform_lib/kds/KL25Z4/debug/libksdk_platform.a(fsl_clock_MKL25Z4.o)
 .rodata.__func__.6545
                0x00002b3c       0x12 C:/Freescale/KSDK_1.2.0/lib/ksdk_platform_lib/kds/KL25Z4/debug/libksdk_platform.a(fsl_clock_manager.o)
 .rodata.__func__.6562
                0x00002b4e       0x15 C:/Freescale/KSDK_1.2.0/lib/ksdk_platform_lib/kds/KL25Z4/debug/libksdk_platform.a(fsl_clock_manager.o)
 .rodata.str1.1
                0x00002b63       0xaf C:/Freescale/KSDK_1.2.0/lib/ksdk_platform_lib/kds/KL25Z4/debug/libksdk_platform.a(fsl_clock_manager.o)
 *fill*         0x00002c12        0x2 
 .rodata.g_oscBase
                0x00002c14        0x4 C:/Freescale/KSDK_1.2.0/lib/ksdk_platform_lib/kds/KL25Z4/debug/libksdk_platform.a(fsl_clock_manager_common.o)
                0x00002c14                g_oscBase
 .rodata.g_rtcBase
                0x00002c18        0x4 C:/Freescale/KSDK_1.2.0/lib/ksdk_platform_lib/kds/KL25Z4/debug/libksdk_platform.a(fsl_rtc_common.o)
                0x00002c18                g_rtcBase
 .rodata.fllFactorTable.5183
                0x00002c1c       0x10 C:/Freescale/KSDK_1.2.0/lib/ksdk_platform_lib/kds/KL25Z4/debug/libksdk_platform.a(fsl_mcg_hal.o)
 .rodata.g_lptmrBase
                0x00002c2c        0x4 C:/Freescale/KSDK_1.2.0/lib/ksdk_platform_lib/kds/KL25Z4/debug/libksdk_platform.a(fsl_lptmr_common.o)
                0x00002c2c                g_lptmrBase
 .rodata.g_lptmrIrqId
                0x00002c30        0x1 C:/Freescale/KSDK_1.2.0/lib/ksdk_platform_lib/kds/KL25Z4/debug/libksdk_platform.a(fsl_lptmr_common.o)
                0x00002c30                g_lptmrIrqId
 .rodata.str1.1
                0x00002c31       0x3c c:/freescale/kds_v3/toolchain/bin/../lib/gcc/arm-none-eabi/4.8.4/../../../../arm-none-eabi/lib/armv6-m\libg_s.a(lib_a-assert.o)
                                 0x3d (size before relaxing)
 .rodata.str1.1
                0x00002c6d        0x2 c:/freescale/kds_v3/toolchain/bin/../lib/gcc/arm-none-eabi/4.8.4/../../../../arm-none-eabi/lib/armv6-m\libg_s.a(lib_a-impure.o)
 *fill*         0x00002c6f        0x1 
 .rodata._global_impure_ptr
                0x00002c70        0x4 c:/freescale/kds_v3/toolchain/bin/../lib/gcc/arm-none-eabi/4.8.4/../../../../arm-none-eabi/lib/armv6-m\libg_s.a(lib_a-impure.o)
                0x00002c70                _global_impure_ptr
 .rodata.str1.1
                0x00002c74       0x11 c:/freescale/kds_v3/toolchain/bin/../lib/gcc/arm-none-eabi/4.8.4/../../../../arm-none-eabi/lib/armv6-m\libg_s.a(lib_a-vfprintf.o)
 .rodata.str1.1
                0x00002c85       0x22 c:/freescale/kds_v3/toolchain/bin/../lib/gcc/arm-none-eabi/4.8.4/../../../../arm-none-eabi/lib/armv6-m\libg_s.a(lib_a-vfprintf_i.o)
 *fill*         0x00002ca7        0x1 
 .rodata.__sf_fake_stdin
                0x00002ca8       0x20 c:/freescale/kds_v3/toolchain/bin/../lib/gcc/arm-none-eabi/4.8.4/../../../../arm-none-eabi/lib/armv6-m\libg_s.a(lib_a-findfp.o)
                0x00002ca8                __sf_fake_stdin
 .rodata.__sf_fake_stdout
                0x00002cc8       0x20 c:/freescale/kds_v3/toolchain/bin/../lib/gcc/arm-none-eabi/4.8.4/../../../../arm-none-eabi/lib/armv6-m\libg_s.a(lib_a-findfp.o)
                0x00002cc8                __sf_fake_stdout
 .rodata.__sf_fake_stderr
                0x00002ce8       0x20 c:/freescale/kds_v3/toolchain/bin/../lib/gcc/arm-none-eabi/4.8.4/../../../../arm-none-eabi/lib/armv6-m\libg_s.a(lib_a-findfp.o)
                0x00002ce8                __sf_fake_stderr
 *(.glue_7)
 .glue_7        0x00000000        0x0 linker stubs
 *(.glue_7t)
 .glue_7t       0x00000000        0x0 linker stubs
 *(.eh_frame)
 .eh_frame      0x00002d08        0x0 c:/freescale/kds_v3/toolchain/bin/../lib/gcc/arm-none-eabi/4.8.4/armv6-m/crtbegin.o
 *(.init)
 .init          0x00002d08        0x4 c:/freescale/kds_v3/toolchain/bin/../lib/gcc/arm-none-eabi/4.8.4/armv6-m/crti.o
                0x00002d08                _init
 .init          0x00002d0c        0x8 c:/freescale/kds_v3/toolchain/bin/../lib/gcc/arm-none-eabi/4.8.4/armv6-m/crtn.o
 *(.fini)
 .fini          0x00002d14        0x4 c:/freescale/kds_v3/toolchain/bin/../lib/gcc/arm-none-eabi/4.8.4/armv6-m/crti.o
                0x00002d14                _fini
 .fini          0x00002d18        0x8 c:/freescale/kds_v3/toolchain/bin/../lib/gcc/arm-none-eabi/4.8.4/armv6-m/crtn.o
                0x00002d20                . = ALIGN (0x4)

.vfp11_veneer   0x00002d20        0x0
 .vfp11_veneer  0x00000000        0x0 linker stubs

.v4_bx          0x00002d20        0x0
 .v4_bx         0x00000000        0x0 linker stubs

.iplt           0x00002d20        0x0
 .iplt          0x00000000        0x0 c:/freescale/kds_v3/toolchain/bin/../lib/gcc/arm-none-eabi/4.8.4/armv6-m/crtbegin.o

.ARM.extab
 *(.ARM.extab* .gnu.linkonce.armextab.*)

.ARM            0x00002d20        0x8
                0x00002d20                __exidx_start = .
 *(.ARM.exidx*)
 .ARM.exidx     0x00002d20        0x8 c:/freescale/kds_v3/toolchain/bin/../lib/gcc/arm-none-eabi/4.8.4/../../../../arm-none-eabi/lib/armv6-m/crt0.o
                0x00002d28                __exidx_end = .

.rel.dyn        0x00002d28        0x0
 .rel.iplt      0x00000000        0x0 c:/freescale/kds_v3/toolchain/bin/../lib/gcc/arm-none-eabi/4.8.4/armv6-m/crtbegin.o

.ctors          0x00002d28        0x0
                0x00002d28                __CTOR_LIST__ = .
 *crtbegin.o(.ctors)
 *crtbegin?.o(.ctors)
 *(EXCLUDE_FILE(*crtend.o *crtend?.o) .ctors)
 *(SORT(.ctors.*))
 *(.ctors)
                0x00002d28                __CTOR_END__ = .

.dtors          0x00002d28        0x0
                0x00002d28                __DTOR_LIST__ = .
 *crtbegin.o(.dtors)
 *crtbegin?.o(.dtors)
 *(EXCLUDE_FILE(*crtend.o *crtend?.o) .dtors)
 *(SORT(.dtors.*))
 *(.dtors)
                0x00002d28                __DTOR_END__ = .

.preinit_array  0x00002d28        0x0
                0x00002d28                PROVIDE (__preinit_array_start, .)
 *(.preinit_array*)
                0x00002d28                PROVIDE (__preinit_array_end, .)

.init_array     0x00002d28        0x4
                0x00002d28                PROVIDE (__init_array_start, .)
 *(SORT(.init_array.*))
 *(.init_array*)
 .init_array    0x00002d28        0x4 c:/freescale/kds_v3/toolchain/bin/../lib/gcc/arm-none-eabi/4.8.4/armv6-m/crtbegin.o
                0x00002d2c                PROVIDE (__init_array_end, .)

.fini_array     0x00002d2c        0x4
                0x00002d2c                PROVIDE (__fini_array_start, .)
 *(SORT(.fini_array.*))
 *(.fini_array*)
 .fini_array    0x00002d2c        0x4 c:/freescale/kds_v3/toolchain/bin/../lib/gcc/arm-none-eabi/4.8.4/armv6-m/crtbegin.o
                0x00002d30                PROVIDE (__fini_array_end, .)
                0x00002d30                __etext = .
                0x00002d30                __DATA_ROM = .

.mtb            0x1ffff000        0x0
                0x1ffff000                . = ALIGN (0x8)
                0x1ffff000                _mtb_start = .
 *(.mtb_buf)
                0x1ffff000                . = ALIGN (0x8)
                0x1ffff000                _mtb_end = .

.interrupts_ram
                0x1ffff000        0x0
                0x1ffff000                . = ALIGN (0x4)
                0x1ffff000                __VECTOR_RAM__ = .
                0x1ffff000                __interrupts_ram_start__ = .
 *(.m_interrupts_ram)
                0x1ffff000                . = (. + M_VECTOR_RAM_SIZE)
                0x1ffff000                . = ALIGN (0x4)
                0x1ffff000                __interrupts_ram_end__ = .
                0x00000000                __VECTOR_RAM = DEFINED (__ram_vector_table__)?__VECTOR_RAM__:ORIGIN (m_interrupts)
                0x00000000                __RAM_VECTOR_TABLE_SIZE_BYTES = DEFINED (__ram_vector_table__)?(__interrupts_ram_end__ - __interrupts_ram_start__):0x0

.data           0x1ffff000       0x7c load address 0x00002d30
                0x1ffff000                . = ALIGN (0x4)
                0x1ffff000                __DATA_RAM = .
                0x1ffff000                __data_start__ = .
 *(.data)
 *(.data*)
 .data.lptmrConfig
                0x1ffff000        0x8 ./Sources/lptmr.o
                0x1ffff000                lptmrConfig
 .data.SystemCoreClock
                0x1ffff008        0x4 ./Project_Settings/Startup_Code/system_MKL25Z4.o
                0x1ffff008                SystemCoreClock
 .data.g_slowInternalRefClkFreq
                0x1ffff00c        0x4 C:/Freescale/KSDK_1.2.0/lib/ksdk_platform_lib/kds/KL25Z4/debug/libksdk_platform.a(fsl_mcg_hal.o)
                0x1ffff00c                g_slowInternalRefClkFreq
 .data.g_fastInternalRefClkFreq
                0x1ffff010        0x4 C:/Freescale/KSDK_1.2.0/lib/ksdk_platform_lib/kds/KL25Z4/debug/libksdk_platform.a(fsl_mcg_hal.o)
                0x1ffff010                g_fastInternalRefClkFreq
 .data.impure_data
                0x1ffff014       0x60 c:/freescale/kds_v3/toolchain/bin/../lib/gcc/arm-none-eabi/4.8.4/../../../../arm-none-eabi/lib/armv6-m\libg_s.a(lib_a-impure.o)
 .data._impure_ptr
                0x1ffff074        0x4 c:/freescale/kds_v3/toolchain/bin/../lib/gcc/arm-none-eabi/4.8.4/../../../../arm-none-eabi/lib/armv6-m\libg_s.a(lib_a-impure.o)
                0x1ffff074                _impure_ptr
 *(.jcr*)
 .jcr           0x1ffff078        0x0 c:/freescale/kds_v3/toolchain/bin/../lib/gcc/arm-none-eabi/4.8.4/armv6-m/crtbegin.o
 .jcr           0x1ffff078        0x4 c:/freescale/kds_v3/toolchain/bin/../lib/gcc/arm-none-eabi/4.8.4/armv6-m/crtend.o
                0x1ffff07c                . = ALIGN (0x4)
                0x1ffff07c                __data_end__ = .
                0x00002dac                __DATA_END = (__DATA_ROM + (__data_end__ - __data_start__))

.igot.plt       0x1ffff07c        0x0 load address 0x00002dac
 .igot.plt      0x00000000        0x0 c:/freescale/kds_v3/toolchain/bin/../lib/gcc/arm-none-eabi/4.8.4/armv6-m/crtbegin.o

.bss            0x1ffff07c       0x40 load address 0x00002dac
                0x1ffff07c                . = ALIGN (0x4)
                0x1ffff07c                __START_BSS = .
                0x1ffff07c                __bss_start__ = .
 *(.bss)
 .bss           0x1ffff07c       0x1c c:/freescale/kds_v3/toolchain/bin/../lib/gcc/arm-none-eabi/4.8.4/armv6-m/crtbegin.o
 *(.bss*)
 .bss.lptmr_state_ptrs
                0x1ffff098        0x4 C:/Freescale/KSDK_1.2.0/lib/ksdk_platform_lib/kds/KL25Z4/debug/libksdk_platform.a(fsl_lptmr_driver.o)
 .bss.g_xtal0ClkFreq
                0x1ffff09c        0x4 C:/Freescale/KSDK_1.2.0/lib/ksdk_platform_lib/kds/KL25Z4/debug/libksdk_platform.a(fsl_mcg_hal.o)
                0x1ffff09c                g_xtal0ClkFreq
 .bss.g_xtalRtcClkFreq
                0x1ffff0a0        0x4 C:/Freescale/KSDK_1.2.0/lib/ksdk_platform_lib/kds/KL25Z4/debug/libksdk_platform.a(fsl_mcg_hal.o)
                0x1ffff0a0                g_xtalRtcClkFreq
 .bss.__malloc_sbrk_start
                0x1ffff0a4        0x4 c:/freescale/kds_v3/toolchain/bin/../lib/gcc/arm-none-eabi/4.8.4/../../../../arm-none-eabi/lib/armv6-m\libg_s.a(lib_a-nano-mallocr.o)
                0x1ffff0a4                __malloc_sbrk_start
 .bss.__malloc_free_list
                0x1ffff0a8        0x4 c:/freescale/kds_v3/toolchain/bin/../lib/gcc/arm-none-eabi/4.8.4/../../../../arm-none-eabi/lib/armv6-m\libg_s.a(lib_a-nano-mallocr.o)
                0x1ffff0a8                __malloc_free_list
 .bss.heap_end.4246
                0x1ffff0ac        0x4 c:/freescale/kds_v3/toolchain/bin/../lib/gcc/arm-none-eabi/4.8.4/../../../../arm-none-eabi/lib/armv6-m\libnosys.a(sbrk.o)
 *(COMMON)
 COMMON         0x1ffff0b0        0x8 ./Sources/lptmr.o
                0x1ffff0b0                lptmrState
 COMMON         0x1ffff0b8        0x4 c:/freescale/kds_v3/toolchain/bin/../lib/gcc/arm-none-eabi/4.8.4/../../../../arm-none-eabi/lib/armv6-m\libg_s.a(lib_a-reent.o)
                0x1ffff0b8                errno
                0x1ffff0bc                . = ALIGN (0x4)
                0x1ffff0bc                __bss_end__ = .
                0x1ffff0bc                __END_BSS = .

.heap           0x1ffff0bc      0x404 load address 0x00002dec
                0x1ffff0c0                . = ALIGN (0x8)
 *fill*         0x1ffff0bc        0x4 
                0x1ffff0c0                __end__ = .
                0x1ffff0c0                PROVIDE (end, .)
                0x1ffff0c0                __HeapBase = .
                0x1ffff4c0                . = (. + HEAP_SIZE)
 *fill*         0x1ffff0c0      0x400 
                0x1ffff4c0                __HeapLimit = .

.stack          0x1ffff4c0      0x400 load address 0x000031f0
                0x1ffff4c0                . = ALIGN (0x8)
                0x1ffff8c0                . = (. + STACK_SIZE)
 *fill*         0x1ffff4c0      0x400 
                0x20003000                __StackTop = (ORIGIN (m_data) + 0x4000)
                0x20002c00                __StackLimit = (__StackTop - STACK_SIZE)
                0x20003000                PROVIDE (__stack, __StackTop)

.ARM.attributes
                0x00000000       0x28
 *(.ARM.attributes)
 .ARM.attributes
                0x00000000       0x1e c:/freescale/kds_v3/toolchain/bin/../lib/gcc/arm-none-eabi/4.8.4/armv6-m/crti.o
 .ARM.attributes
                0x0000001e       0x2c c:/freescale/kds_v3/toolchain/bin/../lib/gcc/arm-none-eabi/4.8.4/armv6-m/crtbegin.o
 .ARM.attributes
                0x0000004a       0x1b c:/freescale/kds_v3/toolchain/bin/../lib/gcc/arm-none-eabi/4.8.4/../../../../arm-none-eabi/lib/armv6-m/crt0.o
 .ARM.attributes
                0x00000065       0x32 ./Sources/lptmr.o
 .ARM.attributes
                0x00000097       0x32 ./Sources/main.o
 .ARM.attributes
                0x000000c9       0x32 ./Sources/mcg.o
 .ARM.attributes
                0x000000fb       0x32 ./Sources/tacometro.o
 .ARM.attributes
                0x0000012d       0x32 ./Project_Settings/Startup_Code/startup.o
 .ARM.attributes
                0x0000015f       0x1b ./Project_Settings/Startup_Code/startup_MKL25Z4.o
 .ARM.attributes
                0x0000017a       0x32 ./Project_Settings/Startup_Code/system_MKL25Z4.o
 .ARM.attributes
                0x000001ac       0x32 C:/Freescale/KSDK_1.2.0/lib/ksdk_platform_lib/kds/KL25Z4/debug/libksdk_platform.a(fsl_lptmr_driver.o)
 .ARM.attributes
                0x000001de       0x32 C:/Freescale/KSDK_1.2.0/lib/ksdk_platform_lib/kds/KL25Z4/debug/libksdk_platform.a(fsl_clock_MKL25Z4.o)
 .ARM.attributes
                0x00000210       0x32 C:/Freescale/KSDK_1.2.0/lib/ksdk_platform_lib/kds/KL25Z4/debug/libksdk_platform.a(fsl_clock_manager.o)
 .ARM.attributes
                0x00000242       0x32 C:/Freescale/KSDK_1.2.0/lib/ksdk_platform_lib/kds/KL25Z4/debug/libksdk_platform.a(fsl_clock_manager_common.o)
 .ARM.attributes
                0x00000274       0x32 C:/Freescale/KSDK_1.2.0/lib/ksdk_platform_lib/kds/KL25Z4/debug/libksdk_platform.a(fsl_sim_hal_MKL25Z4.o)
 .ARM.attributes
                0x000002a6       0x32 C:/Freescale/KSDK_1.2.0/lib/ksdk_platform_lib/kds/KL25Z4/debug/libksdk_platform.a(fsl_rtc_common.o)
 .ARM.attributes
                0x000002d8       0x32 C:/Freescale/KSDK_1.2.0/lib/ksdk_platform_lib/kds/KL25Z4/debug/libksdk_platform.a(fsl_osc_hal.o)
 .ARM.attributes
                0x0000030a       0x32 C:/Freescale/KSDK_1.2.0/lib/ksdk_platform_lib/kds/KL25Z4/debug/libksdk_platform.a(fsl_mcg_hal.o)
 .ARM.attributes
                0x0000033c       0x32 C:/Freescale/KSDK_1.2.0/lib/ksdk_platform_lib/kds/KL25Z4/debug/libksdk_platform.a(fsl_mcg_hal_modes.o)
 .ARM.attributes
                0x0000036e       0x32 C:/Freescale/KSDK_1.2.0/lib/ksdk_platform_lib/kds/KL25Z4/debug/libksdk_platform.a(fsl_lptmr_hal.o)
 .ARM.attributes
                0x000003a0       0x32 C:/Freescale/KSDK_1.2.0/lib/ksdk_platform_lib/kds/KL25Z4/debug/libksdk_platform.a(fsl_lptmr_common.o)
 .ARM.attributes
                0x000003d2       0x1e c:/freescale/kds_v3/toolchain/bin/../lib/gcc/arm-none-eabi/4.8.4/armv6-m\libgcc.a(_thumb1_case_uqi.o)
 .ARM.attributes
                0x000003f0       0x1e c:/freescale/kds_v3/toolchain/bin/../lib/gcc/arm-none-eabi/4.8.4/armv6-m\libgcc.a(_udivsi3.o)
 .ARM.attributes
                0x0000040e       0x1e c:/freescale/kds_v3/toolchain/bin/../lib/gcc/arm-none-eabi/4.8.4/armv6-m\libgcc.a(_dvmd_tls.o)
 .ARM.attributes
                0x0000042c       0x2c c:/freescale/kds_v3/toolchain/bin/../lib/gcc/arm-none-eabi/4.8.4/../../../../arm-none-eabi/lib/armv6-m\libg_s.a(lib_a-assert.o)
 .ARM.attributes
                0x00000458       0x2c c:/freescale/kds_v3/toolchain/bin/../lib/gcc/arm-none-eabi/4.8.4/../../../../arm-none-eabi/lib/armv6-m\libg_s.a(lib_a-exit.o)
 .ARM.attributes
                0x00000484       0x2c c:/freescale/kds_v3/toolchain/bin/../lib/gcc/arm-none-eabi/4.8.4/../../../../arm-none-eabi/lib/armv6-m\libg_s.a(lib_a-fprintf.o)
 .ARM.attributes
                0x000004b0       0x2c c:/freescale/kds_v3/toolchain/bin/../lib/gcc/arm-none-eabi/4.8.4/../../../../arm-none-eabi/lib/armv6-m\libg_s.a(lib_a-impure.o)
 .ARM.attributes
                0x000004dc       0x2c c:/freescale/kds_v3/toolchain/bin/../lib/gcc/arm-none-eabi/4.8.4/../../../../arm-none-eabi/lib/armv6-m\libg_s.a(lib_a-init.o)
 .ARM.attributes
                0x00000508       0x2c c:/freescale/kds_v3/toolchain/bin/../lib/gcc/arm-none-eabi/4.8.4/../../../../arm-none-eabi/lib/armv6-m\libg_s.a(lib_a-memset.o)
 .ARM.attributes
                0x00000534       0x2c c:/freescale/kds_v3/toolchain/bin/../lib/gcc/arm-none-eabi/4.8.4/../../../../arm-none-eabi/lib/armv6-m\libg_s.a(lib_a-nano-freer.o)
 .ARM.attributes
                0x00000560       0x2c c:/freescale/kds_v3/toolchain/bin/../lib/gcc/arm-none-eabi/4.8.4/../../../../arm-none-eabi/lib/armv6-m\libg_s.a(lib_a-nano-mallocr.o)
 .ARM.attributes
                0x0000058c       0x2c c:/freescale/kds_v3/toolchain/bin/../lib/gcc/arm-none-eabi/4.8.4/../../../../arm-none-eabi/lib/armv6-m\libg_s.a(lib_a-sbrkr.o)
 .ARM.attributes
                0x000005b8       0x2c c:/freescale/kds_v3/toolchain/bin/../lib/gcc/arm-none-eabi/4.8.4/../../../../arm-none-eabi/lib/armv6-m\libg_s.a(lib_a-vfprintf.o)
 .ARM.attributes
                0x000005e4       0x2c c:/freescale/kds_v3/toolchain/bin/../lib/gcc/arm-none-eabi/4.8.4/../../../../arm-none-eabi/lib/armv6-m\libg_s.a(lib_a-vfprintf_i.o)
 .ARM.attributes
                0x00000610       0x2c c:/freescale/kds_v3/toolchain/bin/../lib/gcc/arm-none-eabi/4.8.4/../../../../arm-none-eabi/lib/armv6-m\libg_s.a(lib_a-wbuf.o)
 .ARM.attributes
                0x0000063c       0x2c c:/freescale/kds_v3/toolchain/bin/../lib/gcc/arm-none-eabi/4.8.4/../../../../arm-none-eabi/lib/armv6-m\libg_s.a(lib_a-wsetup.o)
 .ARM.attributes
                0x00000668       0x2c c:/freescale/kds_v3/toolchain/bin/../lib/gcc/arm-none-eabi/4.8.4/../../../../arm-none-eabi/lib/armv6-m\libg_s.a(lib_a-abort.o)
 .ARM.attributes
                0x00000694       0x2c c:/freescale/kds_v3/toolchain/bin/../lib/gcc/arm-none-eabi/4.8.4/../../../../arm-none-eabi/lib/armv6-m\libg_s.a(lib_a-fflush.o)
 .ARM.attributes
                0x000006c0       0x2c c:/freescale/kds_v3/toolchain/bin/../lib/gcc/arm-none-eabi/4.8.4/../../../../arm-none-eabi/lib/armv6-m\libg_s.a(lib_a-findfp.o)
 .ARM.attributes
                0x000006ec       0x2c c:/freescale/kds_v3/toolchain/bin/../lib/gcc/arm-none-eabi/4.8.4/../../../../arm-none-eabi/lib/armv6-m\libg_s.a(lib_a-makebuf.o)
 .ARM.attributes
                0x00000718       0x2c c:/freescale/kds_v3/toolchain/bin/../lib/gcc/arm-none-eabi/4.8.4/../../../../arm-none-eabi/lib/armv6-m\libg_s.a(lib_a-memchr-stub.o)
 .ARM.attributes
                0x00000744       0x2c c:/freescale/kds_v3/toolchain/bin/../lib/gcc/arm-none-eabi/4.8.4/../../../../arm-none-eabi/lib/armv6-m\libg_s.a(lib_a-reent.o)
 .ARM.attributes
                0x00000770       0x2c c:/freescale/kds_v3/toolchain/bin/../lib/gcc/arm-none-eabi/4.8.4/../../../../arm-none-eabi/lib/armv6-m\libg_s.a(lib_a-signal.o)
 .ARM.attributes
                0x0000079c       0x2c c:/freescale/kds_v3/toolchain/bin/../lib/gcc/arm-none-eabi/4.8.4/../../../../arm-none-eabi/lib/armv6-m\libg_s.a(lib_a-signalr.o)
 .ARM.attributes
                0x000007c8       0x2c c:/freescale/kds_v3/toolchain/bin/../lib/gcc/arm-none-eabi/4.8.4/../../../../arm-none-eabi/lib/armv6-m\libg_s.a(lib_a-stdio.o)
 .ARM.attributes
                0x000007f4       0x2c c:/freescale/kds_v3/toolchain/bin/../lib/gcc/arm-none-eabi/4.8.4/../../../../arm-none-eabi/lib/armv6-m\libg_s.a(lib_a-strlen.o)
 .ARM.attributes
                0x00000820       0x2c c:/freescale/kds_v3/toolchain/bin/../lib/gcc/arm-none-eabi/4.8.4/../../../../arm-none-eabi/lib/armv6-m\libg_s.a(lib_a-writer.o)
 .ARM.attributes
                0x0000084c       0x2c c:/freescale/kds_v3/toolchain/bin/../lib/gcc/arm-none-eabi/4.8.4/../../../../arm-none-eabi/lib/armv6-m\libg_s.a(lib_a-closer.o)
 .ARM.attributes
                0x00000878       0x2c c:/freescale/kds_v3/toolchain/bin/../lib/gcc/arm-none-eabi/4.8.4/../../../../arm-none-eabi/lib/armv6-m\libg_s.a(lib_a-fstatr.o)
 .ARM.attributes
                0x000008a4       0x2c c:/freescale/kds_v3/toolchain/bin/../lib/gcc/arm-none-eabi/4.8.4/../../../../arm-none-eabi/lib/armv6-m\libg_s.a(lib_a-isattyr.o)
 .ARM.attributes
                0x000008d0       0x2c c:/freescale/kds_v3/toolchain/bin/../lib/gcc/arm-none-eabi/4.8.4/../../../../arm-none-eabi/lib/armv6-m\libg_s.a(lib_a-lseekr.o)
 .ARM.attributes
                0x000008fc       0x2c c:/freescale/kds_v3/toolchain/bin/../lib/gcc/arm-none-eabi/4.8.4/../../../../arm-none-eabi/lib/armv6-m\libg_s.a(lib_a-readr.o)
 .ARM.attributes
                0x00000928       0x2c c:/freescale/kds_v3/toolchain/bin/../lib/gcc/arm-none-eabi/4.8.4/../../../../arm-none-eabi/lib/armv6-m\libnosys.a(close.o)
 .ARM.attributes
                0x00000954       0x2c c:/freescale/kds_v3/toolchain/bin/../lib/gcc/arm-none-eabi/4.8.4/../../../../arm-none-eabi/lib/armv6-m\libnosys.a(fstat.o)
 .ARM.attributes
                0x00000980       0x2c c:/freescale/kds_v3/toolchain/bin/../lib/gcc/arm-none-eabi/4.8.4/../../../../arm-none-eabi/lib/armv6-m\libnosys.a(getpid.o)
 .ARM.attributes
                0x000009ac       0x2c c:/freescale/kds_v3/toolchain/bin/../lib/gcc/arm-none-eabi/4.8.4/../../../../arm-none-eabi/lib/armv6-m\libnosys.a(isatty.o)
 .ARM.attributes
                0x000009d8       0x2c c:/freescale/kds_v3/toolchain/bin/../lib/gcc/arm-none-eabi/4.8.4/../../../../arm-none-eabi/lib/armv6-m\libnosys.a(kill.o)
 .ARM.attributes
                0x00000a04       0x2c c:/freescale/kds_v3/toolchain/bin/../lib/gcc/arm-none-eabi/4.8.4/../../../../arm-none-eabi/lib/armv6-m\libnosys.a(lseek.o)
 .ARM.attributes
                0x00000a30       0x2c c:/freescale/kds_v3/toolchain/bin/../lib/gcc/arm-none-eabi/4.8.4/../../../../arm-none-eabi/lib/armv6-m\libnosys.a(read.o)
 .ARM.attributes
                0x00000a5c       0x2c c:/freescale/kds_v3/toolchain/bin/../lib/gcc/arm-none-eabi/4.8.4/../../../../arm-none-eabi/lib/armv6-m\libnosys.a(sbrk.o)
 .ARM.attributes
                0x00000a88       0x2c c:/freescale/kds_v3/toolchain/bin/../lib/gcc/arm-none-eabi/4.8.4/../../../../arm-none-eabi/lib/armv6-m\libnosys.a(write.o)
 .ARM.attributes
                0x00000ab4       0x2c c:/freescale/kds_v3/toolchain/bin/../lib/gcc/arm-none-eabi/4.8.4/../../../../arm-none-eabi/lib/armv6-m\libnosys.a(_exit.o)
 .ARM.attributes
                0x00000ae0       0x2c c:/freescale/kds_v3/toolchain/bin/../lib/gcc/arm-none-eabi/4.8.4/armv6-m/crtend.o
 .ARM.attributes
                0x00000b0c       0x1e c:/freescale/kds_v3/toolchain/bin/../lib/gcc/arm-none-eabi/4.8.4/armv6-m/crtn.o
                0x00000001                ASSERT ((__StackLimit >= __HeapLimit), region m_data overflowed with stack and heap)
OUTPUT(biblioteca.elf elf32-littlearm)

.debug_info     0x00000000     0xa460
 .debug_info    0x00000000      0x310 ./Sources/lptmr.o
 .debug_info    0x00000310       0xbc ./Sources/main.o
 .debug_info    0x000003cc      0x786 ./Sources/mcg.o
 .debug_info    0x00000b52      0x438 ./Sources/tacometro.o
 .debug_info    0x00000f8a      0x296 ./Project_Settings/Startup_Code/startup.o
 .debug_info    0x00001220       0x89 ./Project_Settings/Startup_Code/startup_MKL25Z4.o
 .debug_info    0x000012a9      0x3f4 ./Project_Settings/Startup_Code/system_MKL25Z4.o
 .debug_info    0x0000169d     0x151f C:/Freescale/KSDK_1.2.0/lib/ksdk_platform_lib/kds/KL25Z4/debug/libksdk_platform.a(fsl_lptmr_driver.o)
 .debug_info    0x00002bbc     0x2546 C:/Freescale/KSDK_1.2.0/lib/ksdk_platform_lib/kds/KL25Z4/debug/libksdk_platform.a(fsl_clock_MKL25Z4.o)
 .debug_info    0x00005102     0x1c57 C:/Freescale/KSDK_1.2.0/lib/ksdk_platform_lib/kds/KL25Z4/debug/libksdk_platform.a(fsl_clock_manager.o)
 .debug_info    0x00006d59      0x448 C:/Freescale/KSDK_1.2.0/lib/ksdk_platform_lib/kds/KL25Z4/debug/libksdk_platform.a(fsl_clock_manager_common.o)
 .debug_info    0x000071a1      0xbe0 C:/Freescale/KSDK_1.2.0/lib/ksdk_platform_lib/kds/KL25Z4/debug/libksdk_platform.a(fsl_sim_hal_MKL25Z4.o)
 .debug_info    0x00007d81      0x262 C:/Freescale/KSDK_1.2.0/lib/ksdk_platform_lib/kds/KL25Z4/debug/libksdk_platform.a(fsl_rtc_common.o)
 .debug_info    0x00007fe3       0xef C:/Freescale/KSDK_1.2.0/lib/ksdk_platform_lib/kds/KL25Z4/debug/libksdk_platform.a(fsl_osc_hal.o)
 .debug_info    0x000080d2      0xd33 C:/Freescale/KSDK_1.2.0/lib/ksdk_platform_lib/kds/KL25Z4/debug/libksdk_platform.a(fsl_mcg_hal.o)
 .debug_info    0x00008e05      0xf3a C:/Freescale/KSDK_1.2.0/lib/ksdk_platform_lib/kds/KL25Z4/debug/libksdk_platform.a(fsl_mcg_hal_modes.o)
 .debug_info    0x00009d3f      0x506 C:/Freescale/KSDK_1.2.0/lib/ksdk_platform_lib/kds/KL25Z4/debug/libksdk_platform.a(fsl_lptmr_hal.o)
 .debug_info    0x0000a245      0x21b C:/Freescale/KSDK_1.2.0/lib/ksdk_platform_lib/kds/KL25Z4/debug/libksdk_platform.a(fsl_lptmr_common.o)

.debug_abbrev   0x00000000     0x1e1b
 .debug_abbrev  0x00000000       0xf5 ./Sources/lptmr.o
 .debug_abbrev  0x000000f5       0x5f ./Sources/main.o
 .debug_abbrev  0x00000154      0x1b6 ./Sources/mcg.o
 .debug_abbrev  0x0000030a      0x105 ./Sources/tacometro.o
 .debug_abbrev  0x0000040f       0xe9 ./Project_Settings/Startup_Code/startup.o
 .debug_abbrev  0x000004f8       0x14 ./Project_Settings/Startup_Code/startup_MKL25Z4.o
 .debug_abbrev  0x0000050c      0x109 ./Project_Settings/Startup_Code/system_MKL25Z4.o
 .debug_abbrev  0x00000615      0x3af C:/Freescale/KSDK_1.2.0/lib/ksdk_platform_lib/kds/KL25Z4/debug/libksdk_platform.a(fsl_lptmr_driver.o)
 .debug_abbrev  0x000009c4      0x445 C:/Freescale/KSDK_1.2.0/lib/ksdk_platform_lib/kds/KL25Z4/debug/libksdk_platform.a(fsl_clock_MKL25Z4.o)
 .debug_abbrev  0x00000e09      0x3d0 C:/Freescale/KSDK_1.2.0/lib/ksdk_platform_lib/kds/KL25Z4/debug/libksdk_platform.a(fsl_clock_manager.o)
 .debug_abbrev  0x000011d9       0xdb C:/Freescale/KSDK_1.2.0/lib/ksdk_platform_lib/kds/KL25Z4/debug/libksdk_platform.a(fsl_clock_manager_common.o)
 .debug_abbrev  0x000012b4      0x1ac C:/Freescale/KSDK_1.2.0/lib/ksdk_platform_lib/kds/KL25Z4/debug/libksdk_platform.a(fsl_sim_hal_MKL25Z4.o)
 .debug_abbrev  0x00001460       0xae C:/Freescale/KSDK_1.2.0/lib/ksdk_platform_lib/kds/KL25Z4/debug/libksdk_platform.a(fsl_rtc_common.o)
 .debug_abbrev  0x0000150e       0xa8 C:/Freescale/KSDK_1.2.0/lib/ksdk_platform_lib/kds/KL25Z4/debug/libksdk_platform.a(fsl_osc_hal.o)
 .debug_abbrev  0x000015b6      0x314 C:/Freescale/KSDK_1.2.0/lib/ksdk_platform_lib/kds/KL25Z4/debug/libksdk_platform.a(fsl_mcg_hal.o)
 .debug_abbrev  0x000018ca      0x2f7 C:/Freescale/KSDK_1.2.0/lib/ksdk_platform_lib/kds/KL25Z4/debug/libksdk_platform.a(fsl_mcg_hal_modes.o)
 .debug_abbrev  0x00001bc1      0x1ac C:/Freescale/KSDK_1.2.0/lib/ksdk_platform_lib/kds/KL25Z4/debug/libksdk_platform.a(fsl_lptmr_hal.o)
 .debug_abbrev  0x00001d6d       0xae C:/Freescale/KSDK_1.2.0/lib/ksdk_platform_lib/kds/KL25Z4/debug/libksdk_platform.a(fsl_lptmr_common.o)

.debug_aranges  0x00000000      0x5e8
 .debug_aranges
                0x00000000       0x28 ./Sources/lptmr.o
 .debug_aranges
                0x00000028       0x30 ./Sources/main.o
 .debug_aranges
                0x00000058       0x48 ./Sources/mcg.o
 .debug_aranges
                0x000000a0       0x28 ./Sources/tacometro.o
 .debug_aranges
                0x000000c8       0x20 ./Project_Settings/Startup_Code/startup.o
 .debug_aranges
                0x000000e8       0x20 ./Project_Settings/Startup_Code/startup_MKL25Z4.o
 .debug_aranges
                0x00000108       0x28 ./Project_Settings/Startup_Code/system_MKL25Z4.o
 .debug_aranges
                0x00000130       0x70 C:/Freescale/KSDK_1.2.0/lib/ksdk_platform_lib/kds/KL25Z4/debug/libksdk_platform.a(fsl_lptmr_driver.o)
 .debug_aranges
                0x000001a0      0x198 C:/Freescale/KSDK_1.2.0/lib/ksdk_platform_lib/kds/KL25Z4/debug/libksdk_platform.a(fsl_clock_MKL25Z4.o)
 .debug_aranges
                0x00000338       0x78 C:/Freescale/KSDK_1.2.0/lib/ksdk_platform_lib/kds/KL25Z4/debug/libksdk_platform.a(fsl_clock_manager.o)
 .debug_aranges
                0x000003b0       0x18 C:/Freescale/KSDK_1.2.0/lib/ksdk_platform_lib/kds/KL25Z4/debug/libksdk_platform.a(fsl_clock_manager_common.o)
 .debug_aranges
                0x000003c8       0x90 C:/Freescale/KSDK_1.2.0/lib/ksdk_platform_lib/kds/KL25Z4/debug/libksdk_platform.a(fsl_sim_hal_MKL25Z4.o)
 .debug_aranges
                0x00000458       0x18 C:/Freescale/KSDK_1.2.0/lib/ksdk_platform_lib/kds/KL25Z4/debug/libksdk_platform.a(fsl_rtc_common.o)
 .debug_aranges
                0x00000470       0x20 C:/Freescale/KSDK_1.2.0/lib/ksdk_platform_lib/kds/KL25Z4/debug/libksdk_platform.a(fsl_osc_hal.o)
 .debug_aranges
                0x00000490       0xa0 C:/Freescale/KSDK_1.2.0/lib/ksdk_platform_lib/kds/KL25Z4/debug/libksdk_platform.a(fsl_mcg_hal.o)
 .debug_aranges
                0x00000530       0x68 C:/Freescale/KSDK_1.2.0/lib/ksdk_platform_lib/kds/KL25Z4/debug/libksdk_platform.a(fsl_mcg_hal_modes.o)
 .debug_aranges
                0x00000598       0x38 C:/Freescale/KSDK_1.2.0/lib/ksdk_platform_lib/kds/KL25Z4/debug/libksdk_platform.a(fsl_lptmr_hal.o)
 .debug_aranges
                0x000005d0       0x18 C:/Freescale/KSDK_1.2.0/lib/ksdk_platform_lib/kds/KL25Z4/debug/libksdk_platform.a(fsl_lptmr_common.o)

.debug_ranges   0x00000000      0x760
 .debug_ranges  0x00000000       0x18 ./Sources/lptmr.o
 .debug_ranges  0x00000018       0x20 ./Sources/main.o
 .debug_ranges  0x00000038       0x38 ./Sources/mcg.o
 .debug_ranges  0x00000070       0x18 ./Sources/tacometro.o
 .debug_ranges  0x00000088       0x10 ./Project_Settings/Startup_Code/startup.o
 .debug_ranges  0x00000098       0x18 ./Project_Settings/Startup_Code/system_MKL25Z4.o
 .debug_ranges  0x000000b0       0xd8 C:/Freescale/KSDK_1.2.0/lib/ksdk_platform_lib/kds/KL25Z4/debug/libksdk_platform.a(fsl_lptmr_driver.o)
 .debug_ranges  0x00000188      0x2b8 C:/Freescale/KSDK_1.2.0/lib/ksdk_platform_lib/kds/KL25Z4/debug/libksdk_platform.a(fsl_clock_MKL25Z4.o)
 .debug_ranges  0x00000440       0xe0 C:/Freescale/KSDK_1.2.0/lib/ksdk_platform_lib/kds/KL25Z4/debug/libksdk_platform.a(fsl_clock_manager.o)
 .debug_ranges  0x00000520       0x80 C:/Freescale/KSDK_1.2.0/lib/ksdk_platform_lib/kds/KL25Z4/debug/libksdk_platform.a(fsl_sim_hal_MKL25Z4.o)
 .debug_ranges  0x000005a0       0x10 C:/Freescale/KSDK_1.2.0/lib/ksdk_platform_lib/kds/KL25Z4/debug/libksdk_platform.a(fsl_osc_hal.o)
 .debug_ranges  0x000005b0       0xc8 C:/Freescale/KSDK_1.2.0/lib/ksdk_platform_lib/kds/KL25Z4/debug/libksdk_platform.a(fsl_mcg_hal.o)
 .debug_ranges  0x00000678       0xc0 C:/Freescale/KSDK_1.2.0/lib/ksdk_platform_lib/kds/KL25Z4/debug/libksdk_platform.a(fsl_mcg_hal_modes.o)
 .debug_ranges  0x00000738       0x28 C:/Freescale/KSDK_1.2.0/lib/ksdk_platform_lib/kds/KL25Z4/debug/libksdk_platform.a(fsl_lptmr_hal.o)

.debug_macro    0x00000000    0x12b37
 .debug_macro   0x00000000      0x233 ./Sources/lptmr.o
 .debug_macro   0x00000233      0x808 ./Sources/lptmr.o
 .debug_macro   0x00000a3b       0x58 ./Sources/lptmr.o
 .debug_macro   0x00000a93       0x16 ./Sources/lptmr.o
 .debug_macro   0x00000aa9       0x35 ./Sources/lptmr.o
 .debug_macro   0x00000ade       0xa3 ./Sources/lptmr.o
 .debug_macro   0x00000b81       0x16 ./Sources/lptmr.o
 .debug_macro   0x00000b97       0x4a ./Sources/lptmr.o
 .debug_macro   0x00000be1      0x209 ./Sources/lptmr.o
 .debug_macro   0x00000dea       0x22 ./Sources/lptmr.o
 .debug_macro   0x00000e0c       0x10 ./Sources/lptmr.o
 .debug_macro   0x00000e1c       0x11 ./Sources/lptmr.o
 .debug_macro   0x00000e2d       0x4c ./Sources/lptmr.o
 .debug_macro   0x00000e79       0x3a ./Sources/lptmr.o
 .debug_macro   0x00000eb3       0x1f ./Sources/lptmr.o
 .debug_macro   0x00000ed2      0x250 ./Sources/lptmr.o
 .debug_macro   0x00001122       0x63 ./Sources/lptmr.o
 .debug_macro   0x00001185     0x8439 ./Sources/lptmr.o
 .debug_macro   0x000095be       0x16 ./Sources/lptmr.o
 .debug_macro   0x000095d4      0x10e ./Sources/lptmr.o
 .debug_macro   0x000096e2       0x7f ./Sources/lptmr.o
 .debug_macro   0x00009761       0x52 ./Sources/lptmr.o
 .debug_macro   0x000097b3       0x16 ./Sources/lptmr.o
 .debug_macro   0x000097c9       0x43 ./Sources/lptmr.o
 .debug_macro   0x0000980c      0x180 ./Sources/lptmr.o
 .debug_macro   0x0000998c       0x22 ./Sources/lptmr.o
 .debug_macro   0x000099ae       0x7c ./Sources/lptmr.o
 .debug_macro   0x00009a2a     0x764c ./Sources/lptmr.o
 .debug_macro   0x00011076     0x10b2 ./Sources/lptmr.o
 .debug_macro   0x00012128       0x11 ./Sources/lptmr.o
 .debug_macro   0x00012139       0x10 ./Sources/lptmr.o
 .debug_macro   0x00012149       0x10 ./Sources/lptmr.o
 .debug_macro   0x00012159      0x1d4 ./Sources/main.o
 .debug_macro   0x0001232d       0x16 ./Sources/main.o
 .debug_macro   0x00012343       0x44 ./Sources/main.o
 .debug_macro   0x00012387       0x3a ./Sources/main.o
 .debug_macro   0x000123c1       0x28 ./Sources/main.o
 .debug_macro   0x000123e9      0x2bb ./Sources/mcg.o
 .debug_macro   0x000126a4      0x1d4 ./Sources/tacometro.o
 .debug_macro   0x00012878      0x167 ./Project_Settings/Startup_Code/startup.o
 .debug_macro   0x000129df      0x158 ./Project_Settings/Startup_Code/system_MKL25Z4.o

.debug_line     0x00000000     0x4072
 .debug_line    0x00000000      0x51e ./Sources/lptmr.o
 .debug_line    0x0000051e      0x463 ./Sources/main.o
 .debug_line    0x00000981      0x52e ./Sources/mcg.o
 .debug_line    0x00000eaf      0x45a ./Sources/tacometro.o
 .debug_line    0x00001309      0x34b ./Project_Settings/Startup_Code/startup.o
 .debug_line    0x00001654       0x6c ./Project_Settings/Startup_Code/startup_MKL25Z4.o
 .debug_line    0x000016c0      0x36c ./Project_Settings/Startup_Code/system_MKL25Z4.o
 .debug_line    0x00001a2c      0x5a9 C:/Freescale/KSDK_1.2.0/lib/ksdk_platform_lib/kds/KL25Z4/debug/libksdk_platform.a(fsl_lptmr_driver.o)
 .debug_line    0x00001fd5      0x94b C:/Freescale/KSDK_1.2.0/lib/ksdk_platform_lib/kds/KL25Z4/debug/libksdk_platform.a(fsl_clock_MKL25Z4.o)
 .debug_line    0x00002920      0x60e C:/Freescale/KSDK_1.2.0/lib/ksdk_platform_lib/kds/KL25Z4/debug/libksdk_platform.a(fsl_clock_manager.o)
 .debug_line    0x00002f2e      0x14b C:/Freescale/KSDK_1.2.0/lib/ksdk_platform_lib/kds/KL25Z4/debug/libksdk_platform.a(fsl_clock_manager_common.o)
 .debug_line    0x00003079      0x33d C:/Freescale/KSDK_1.2.0/lib/ksdk_platform_lib/kds/KL25Z4/debug/libksdk_platform.a(fsl_sim_hal_MKL25Z4.o)
 .debug_line    0x000033b6       0xf1 C:/Freescale/KSDK_1.2.0/lib/ksdk_platform_lib/kds/KL25Z4/debug/libksdk_platform.a(fsl_rtc_common.o)
 .debug_line    0x000034a7       0xfb C:/Freescale/KSDK_1.2.0/lib/ksdk_platform_lib/kds/KL25Z4/debug/libksdk_platform.a(fsl_osc_hal.o)
 .debug_line    0x000035a2      0x3e4 C:/Freescale/KSDK_1.2.0/lib/ksdk_platform_lib/kds/KL25Z4/debug/libksdk_platform.a(fsl_mcg_hal.o)
 .debug_line    0x00003986      0x45c C:/Freescale/KSDK_1.2.0/lib/ksdk_platform_lib/kds/KL25Z4/debug/libksdk_platform.a(fsl_mcg_hal_modes.o)
 .debug_line    0x00003de2      0x19b C:/Freescale/KSDK_1.2.0/lib/ksdk_platform_lib/kds/KL25Z4/debug/libksdk_platform.a(fsl_lptmr_hal.o)
 .debug_line    0x00003f7d       0xf5 C:/Freescale/KSDK_1.2.0/lib/ksdk_platform_lib/kds/KL25Z4/debug/libksdk_platform.a(fsl_lptmr_common.o)

.debug_str      0x00000000    0x9f6a7
 .debug_str     0x00000000    0x9ba29 ./Sources/lptmr.o
                              0x9bf33 (size before relaxing)
 .debug_str     0x0009ba29       0xe3 ./Sources/main.o
                              0x9b95a (size before relaxing)
 .debug_str     0x0009bb0c      0x94d ./Sources/mcg.o
                              0x9c329 (size before relaxing)
 .debug_str     0x0009c459      0x14b ./Sources/tacometro.o
                              0x9bab7 (size before relaxing)
 .debug_str     0x0009c5a4      0x12f ./Project_Settings/Startup_Code/startup.o
                              0x9b86c (size before relaxing)
 .debug_str     0x0009c6d3       0x97 ./Project_Settings/Startup_Code/system_MKL25Z4.o
                              0x9b8b3 (size before relaxing)
 .debug_str     0x0009c76a      0xb61 C:/Freescale/KSDK_1.2.0/lib/ksdk_platform_lib/kds/KL25Z4/debug/libksdk_platform.a(fsl_lptmr_driver.o)
                               0x1283 (size before relaxing)
 .debug_str     0x0009d2cb      0xdfd C:/Freescale/KSDK_1.2.0/lib/ksdk_platform_lib/kds/KL25Z4/debug/libksdk_platform.a(fsl_clock_MKL25Z4.o)
                               0x17aa (size before relaxing)
 .debug_str     0x0009e0c8      0x9f7 C:/Freescale/KSDK_1.2.0/lib/ksdk_platform_lib/kds/KL25Z4/debug/libksdk_platform.a(fsl_clock_manager.o)
                               0x1798 (size before relaxing)
 .debug_str     0x0009eabf       0x61 C:/Freescale/KSDK_1.2.0/lib/ksdk_platform_lib/kds/KL25Z4/debug/libksdk_platform.a(fsl_clock_manager_common.o)
                                0x34e (size before relaxing)
 .debug_str     0x0009eb20      0x417 C:/Freescale/KSDK_1.2.0/lib/ksdk_platform_lib/kds/KL25Z4/debug/libksdk_platform.a(fsl_sim_hal_MKL25Z4.o)
                                0x786 (size before relaxing)
 .debug_str     0x0009ef37       0x5f C:/Freescale/KSDK_1.2.0/lib/ksdk_platform_lib/kds/KL25Z4/debug/libksdk_platform.a(fsl_rtc_common.o)
                                0x3fc (size before relaxing)
 .debug_str     0x0009ef96       0x43 C:/Freescale/KSDK_1.2.0/lib/ksdk_platform_lib/kds/KL25Z4/debug/libksdk_platform.a(fsl_osc_hal.o)
                                0x233 (size before relaxing)
 .debug_str     0x0009efd9      0x4eb C:/Freescale/KSDK_1.2.0/lib/ksdk_platform_lib/kds/KL25Z4/debug/libksdk_platform.a(fsl_mcg_hal.o)
                                0xb03 (size before relaxing)
 .debug_str     0x0009f4c4      0x139 C:/Freescale/KSDK_1.2.0/lib/ksdk_platform_lib/kds/KL25Z4/debug/libksdk_platform.a(fsl_mcg_hal_modes.o)
                                0xa90 (size before relaxing)
 .debug_str     0x0009f5fd       0x64 C:/Freescale/KSDK_1.2.0/lib/ksdk_platform_lib/kds/KL25Z4/debug/libksdk_platform.a(fsl_lptmr_hal.o)
                                0x87e (size before relaxing)
 .debug_str     0x0009f661       0x46 C:/Freescale/KSDK_1.2.0/lib/ksdk_platform_lib/kds/KL25Z4/debug/libksdk_platform.a(fsl_lptmr_common.o)
                                0x3f4 (size before relaxing)

.comment        0x00000000       0x70
 .comment       0x00000000       0x70 ./Sources/lptmr.o
                                 0x71 (size before relaxing)
 .comment       0x00000000       0x71 ./Sources/main.o
 .comment       0x00000000       0x71 ./Sources/mcg.o
 .comment       0x00000000       0x71 ./Sources/tacometro.o
 .comment       0x00000000       0x71 ./Project_Settings/Startup_Code/startup.o
 .comment       0x00000000       0x71 ./Project_Settings/Startup_Code/system_MKL25Z4.o
 .comment       0x00000000       0x71 C:/Freescale/KSDK_1.2.0/lib/ksdk_platform_lib/kds/KL25Z4/debug/libksdk_platform.a(fsl_lptmr_driver.o)
 .comment       0x00000000       0x71 C:/Freescale/KSDK_1.2.0/lib/ksdk_platform_lib/kds/KL25Z4/debug/libksdk_platform.a(fsl_clock_MKL25Z4.o)
 .comment       0x00000000       0x71 C:/Freescale/KSDK_1.2.0/lib/ksdk_platform_lib/kds/KL25Z4/debug/libksdk_platform.a(fsl_clock_manager.o)
 .comment       0x00000000       0x71 C:/Freescale/KSDK_1.2.0/lib/ksdk_platform_lib/kds/KL25Z4/debug/libksdk_platform.a(fsl_clock_manager_common.o)
 .comment       0x00000000       0x71 C:/Freescale/KSDK_1.2.0/lib/ksdk_platform_lib/kds/KL25Z4/debug/libksdk_platform.a(fsl_sim_hal_MKL25Z4.o)
 .comment       0x00000000       0x71 C:/Freescale/KSDK_1.2.0/lib/ksdk_platform_lib/kds/KL25Z4/debug/libksdk_platform.a(fsl_rtc_common.o)
 .comment       0x00000000       0x71 C:/Freescale/KSDK_1.2.0/lib/ksdk_platform_lib/kds/KL25Z4/debug/libksdk_platform.a(fsl_osc_hal.o)
 .comment       0x00000000       0x71 C:/Freescale/KSDK_1.2.0/lib/ksdk_platform_lib/kds/KL25Z4/debug/libksdk_platform.a(fsl_mcg_hal.o)
 .comment       0x00000000       0x71 C:/Freescale/KSDK_1.2.0/lib/ksdk_platform_lib/kds/KL25Z4/debug/libksdk_platform.a(fsl_mcg_hal_modes.o)
 .comment       0x00000000       0x71 C:/Freescale/KSDK_1.2.0/lib/ksdk_platform_lib/kds/KL25Z4/debug/libksdk_platform.a(fsl_lptmr_hal.o)
 .comment       0x00000000       0x71 C:/Freescale/KSDK_1.2.0/lib/ksdk_platform_lib/kds/KL25Z4/debug/libksdk_platform.a(fsl_lptmr_common.o)

.debug_frame    0x00000000     0x17ac
 .debug_frame   0x00000000       0x4c ./Sources/lptmr.o
 .debug_frame   0x0000004c       0x64 ./Sources/main.o
 .debug_frame   0x000000b0       0xc8 ./Sources/mcg.o
 .debug_frame   0x00000178       0x4c ./Sources/tacometro.o
 .debug_frame   0x000001c4       0x30 ./Project_Settings/Startup_Code/startup.o
 .debug_frame   0x000001f4       0x4c ./Project_Settings/Startup_Code/system_MKL25Z4.o
 .debug_frame   0x00000240      0x140 C:/Freescale/KSDK_1.2.0/lib/ksdk_platform_lib/kds/KL25Z4/debug/libksdk_platform.a(fsl_lptmr_driver.o)
 .debug_frame   0x00000380      0x474 C:/Freescale/KSDK_1.2.0/lib/ksdk_platform_lib/kds/KL25Z4/debug/libksdk_platform.a(fsl_clock_MKL25Z4.o)
 .debug_frame   0x000007f4      0x128 C:/Freescale/KSDK_1.2.0/lib/ksdk_platform_lib/kds/KL25Z4/debug/libksdk_platform.a(fsl_clock_manager.o)
 .debug_frame   0x0000091c      0x174 C:/Freescale/KSDK_1.2.0/lib/ksdk_platform_lib/kds/KL25Z4/debug/libksdk_platform.a(fsl_sim_hal_MKL25Z4.o)
 .debug_frame   0x00000a90       0x20 C:/Freescale/KSDK_1.2.0/lib/ksdk_platform_lib/kds/KL25Z4/debug/libksdk_platform.a(fsl_osc_hal.o)
 .debug_frame   0x00000ab0      0x1b4 C:/Freescale/KSDK_1.2.0/lib/ksdk_platform_lib/kds/KL25Z4/debug/libksdk_platform.a(fsl_mcg_hal.o)
 .debug_frame   0x00000c64      0x13c C:/Freescale/KSDK_1.2.0/lib/ksdk_platform_lib/kds/KL25Z4/debug/libksdk_platform.a(fsl_mcg_hal_modes.o)
 .debug_frame   0x00000da0       0x6c C:/Freescale/KSDK_1.2.0/lib/ksdk_platform_lib/kds/KL25Z4/debug/libksdk_platform.a(fsl_lptmr_hal.o)
 .debug_frame   0x00000e0c       0x20 c:/freescale/kds_v3/toolchain/bin/../lib/gcc/arm-none-eabi/4.8.4/armv6-m\libgcc.a(_udivsi3.o)
 .debug_frame   0x00000e2c       0x4c c:/freescale/kds_v3/toolchain/bin/../lib/gcc/arm-none-eabi/4.8.4/../../../../arm-none-eabi/lib/armv6-m\libg_s.a(lib_a-assert.o)
 .debug_frame   0x00000e78       0x28 c:/freescale/kds_v3/toolchain/bin/../lib/gcc/arm-none-eabi/4.8.4/../../../../arm-none-eabi/lib/armv6-m\libg_s.a(lib_a-exit.o)
 .debug_frame   0x00000ea0       0x4c c:/freescale/kds_v3/toolchain/bin/../lib/gcc/arm-none-eabi/4.8.4/../../../../arm-none-eabi/lib/armv6-m\libg_s.a(lib_a-fprintf.o)
 .debug_frame   0x00000eec       0x2c c:/freescale/kds_v3/toolchain/bin/../lib/gcc/arm-none-eabi/4.8.4/../../../../arm-none-eabi/lib/armv6-m\libg_s.a(lib_a-init.o)
 .debug_frame   0x00000f18       0x20 c:/freescale/kds_v3/toolchain/bin/../lib/gcc/arm-none-eabi/4.8.4/../../../../arm-none-eabi/lib/armv6-m\libg_s.a(lib_a-memset.o)
 .debug_frame   0x00000f38       0x2c c:/freescale/kds_v3/toolchain/bin/../lib/gcc/arm-none-eabi/4.8.4/../../../../arm-none-eabi/lib/armv6-m\libg_s.a(lib_a-nano-freer.o)
 .debug_frame   0x00000f64       0x2c c:/freescale/kds_v3/toolchain/bin/../lib/gcc/arm-none-eabi/4.8.4/../../../../arm-none-eabi/lib/armv6-m\libg_s.a(lib_a-nano-mallocr.o)
 .debug_frame   0x00000f90       0x2c c:/freescale/kds_v3/toolchain/bin/../lib/gcc/arm-none-eabi/4.8.4/../../../../arm-none-eabi/lib/armv6-m\libg_s.a(lib_a-sbrkr.o)
 .debug_frame   0x00000fbc       0xa0 c:/freescale/kds_v3/toolchain/bin/../lib/gcc/arm-none-eabi/4.8.4/../../../../arm-none-eabi/lib/armv6-m\libg_s.a(lib_a-vfprintf.o)
 .debug_frame   0x0000105c       0x54 c:/freescale/kds_v3/toolchain/bin/../lib/gcc/arm-none-eabi/4.8.4/../../../../arm-none-eabi/lib/armv6-m\libg_s.a(lib_a-vfprintf_i.o)
 .debug_frame   0x000010b0       0x44 c:/freescale/kds_v3/toolchain/bin/../lib/gcc/arm-none-eabi/4.8.4/../../../../arm-none-eabi/lib/armv6-m\libg_s.a(lib_a-wbuf.o)
 .debug_frame   0x000010f4       0x2c c:/freescale/kds_v3/toolchain/bin/../lib/gcc/arm-none-eabi/4.8.4/../../../../arm-none-eabi/lib/armv6-m\libg_s.a(lib_a-wsetup.o)
 .debug_frame   0x00001120       0x28 c:/freescale/kds_v3/toolchain/bin/../lib/gcc/arm-none-eabi/4.8.4/../../../../arm-none-eabi/lib/armv6-m\libg_s.a(lib_a-abort.o)
 .debug_frame   0x00001148       0x68 c:/freescale/kds_v3/toolchain/bin/../lib/gcc/arm-none-eabi/4.8.4/../../../../arm-none-eabi/lib/armv6-m\libg_s.a(lib_a-fflush.o)
 .debug_frame   0x000011b0      0x148 c:/freescale/kds_v3/toolchain/bin/../lib/gcc/arm-none-eabi/4.8.4/../../../../arm-none-eabi/lib/armv6-m\libg_s.a(lib_a-findfp.o)
 .debug_frame   0x000012f8       0x30 c:/freescale/kds_v3/toolchain/bin/../lib/gcc/arm-none-eabi/4.8.4/../../../../arm-none-eabi/lib/armv6-m\libg_s.a(lib_a-makebuf.o)
 .debug_frame   0x00001328       0x20 c:/freescale/kds_v3/toolchain/bin/../lib/gcc/arm-none-eabi/4.8.4/../../../../arm-none-eabi/lib/armv6-m\libg_s.a(lib_a-memchr-stub.o)
 .debug_frame   0x00001348       0x48 c:/freescale/kds_v3/toolchain/bin/../lib/gcc/arm-none-eabi/4.8.4/../../../../arm-none-eabi/lib/armv6-m\libg_s.a(lib_a-reent.o)
 .debug_frame   0x00001390       0xe0 c:/freescale/kds_v3/toolchain/bin/../lib/gcc/arm-none-eabi/4.8.4/../../../../arm-none-eabi/lib/armv6-m\libg_s.a(lib_a-signal.o)
 .debug_frame   0x00001470       0x44 c:/freescale/kds_v3/toolchain/bin/../lib/gcc/arm-none-eabi/4.8.4/../../../../arm-none-eabi/lib/armv6-m\libg_s.a(lib_a-signalr.o)
 .debug_frame   0x000014b4       0x90 c:/freescale/kds_v3/toolchain/bin/../lib/gcc/arm-none-eabi/4.8.4/../../../../arm-none-eabi/lib/armv6-m\libg_s.a(lib_a-stdio.o)
 .debug_frame   0x00001544       0x20 c:/freescale/kds_v3/toolchain/bin/../lib/gcc/arm-none-eabi/4.8.4/../../../../arm-none-eabi/lib/armv6-m\libg_s.a(lib_a-strlen.o)
 .debug_frame   0x00001564       0x2c c:/freescale/kds_v3/toolchain/bin/../lib/gcc/arm-none-eabi/4.8.4/../../../../arm-none-eabi/lib/armv6-m\libg_s.a(lib_a-writer.o)
 .debug_frame   0x00001590       0x2c c:/freescale/kds_v3/toolchain/bin/../lib/gcc/arm-none-eabi/4.8.4/../../../../arm-none-eabi/lib/armv6-m\libg_s.a(lib_a-closer.o)
 .debug_frame   0x000015bc       0x2c c:/freescale/kds_v3/toolchain/bin/../lib/gcc/arm-none-eabi/4.8.4/../../../../arm-none-eabi/lib/armv6-m\libg_s.a(lib_a-fstatr.o)
 .debug_frame   0x000015e8       0x2c c:/freescale/kds_v3/toolchain/bin/../lib/gcc/arm-none-eabi/4.8.4/../../../../arm-none-eabi/lib/armv6-m\libg_s.a(lib_a-isattyr.o)
 .debug_frame   0x00001614       0x2c c:/freescale/kds_v3/toolchain/bin/../lib/gcc/arm-none-eabi/4.8.4/../../../../arm-none-eabi/lib/armv6-m\libg_s.a(lib_a-lseekr.o)
 .debug_frame   0x00001640       0x2c c:/freescale/kds_v3/toolchain/bin/../lib/gcc/arm-none-eabi/4.8.4/../../../../arm-none-eabi/lib/armv6-m\libg_s.a(lib_a-readr.o)
 .debug_frame   0x0000166c       0x20 c:/freescale/kds_v3/toolchain/bin/../lib/gcc/arm-none-eabi/4.8.4/../../../../arm-none-eabi/lib/armv6-m\libnosys.a(close.o)
 .debug_frame   0x0000168c       0x20 c:/freescale/kds_v3/toolchain/bin/../lib/gcc/arm-none-eabi/4.8.4/../../../../arm-none-eabi/lib/armv6-m\libnosys.a(fstat.o)
 .debug_frame   0x000016ac       0x20 c:/freescale/kds_v3/toolchain/bin/../lib/gcc/arm-none-eabi/4.8.4/../../../../arm-none-eabi/lib/armv6-m\libnosys.a(getpid.o)
 .debug_frame   0x000016cc       0x20 c:/freescale/kds_v3/toolchain/bin/../lib/gcc/arm-none-eabi/4.8.4/../../../../arm-none-eabi/lib/armv6-m\libnosys.a(isatty.o)
 .debug_frame   0x000016ec       0x20 c:/freescale/kds_v3/toolchain/bin/../lib/gcc/arm-none-eabi/4.8.4/../../../../arm-none-eabi/lib/armv6-m\libnosys.a(kill.o)
 .debug_frame   0x0000170c       0x20 c:/freescale/kds_v3/toolchain/bin/../lib/gcc/arm-none-eabi/4.8.4/../../../../arm-none-eabi/lib/armv6-m\libnosys.a(lseek.o)
 .debug_frame   0x0000172c       0x20 c:/freescale/kds_v3/toolchain/bin/../lib/gcc/arm-none-eabi/4.8.4/../../../../arm-none-eabi/lib/armv6-m\libnosys.a(read.o)
 .debug_frame   0x0000174c       0x20 c:/freescale/kds_v3/toolchain/bin/../lib/gcc/arm-none-eabi/4.8.4/../../../../arm-none-eabi/lib/armv6-m\libnosys.a(sbrk.o)
 .debug_frame   0x0000176c       0x20 c:/freescale/kds_v3/toolchain/bin/../lib/gcc/arm-none-eabi/4.8.4/../../../../arm-none-eabi/lib/armv6-m\libnosys.a(write.o)
 .debug_frame   0x0000178c       0x20 c:/freescale/kds_v3/toolchain/bin/../lib/gcc/arm-none-eabi/4.8.4/../../../../arm-none-eabi/lib/armv6-m\libnosys.a(_exit.o)

.debug_loc      0x00000000     0x4202
 .debug_loc     0x00000000      0xb67 C:/Freescale/KSDK_1.2.0/lib/ksdk_platform_lib/kds/KL25Z4/debug/libksdk_platform.a(fsl_lptmr_driver.o)
 .debug_loc     0x00000b67      0xd52 C:/Freescale/KSDK_1.2.0/lib/ksdk_platform_lib/kds/KL25Z4/debug/libksdk_platform.a(fsl_clock_MKL25Z4.o)
 .debug_loc     0x000018b9      0x84c C:/Freescale/KSDK_1.2.0/lib/ksdk_platform_lib/kds/KL25Z4/debug/libksdk_platform.a(fsl_clock_manager.o)
 .debug_loc     0x00002105      0xb99 C:/Freescale/KSDK_1.2.0/lib/ksdk_platform_lib/kds/KL25Z4/debug/libksdk_platform.a(fsl_sim_hal_MKL25Z4.o)
 .debug_loc     0x00002c9e       0x21 C:/Freescale/KSDK_1.2.0/lib/ksdk_platform_lib/kds/KL25Z4/debug/libksdk_platform.a(fsl_osc_hal.o)
 .debug_loc     0x00002cbf      0xa8a C:/Freescale/KSDK_1.2.0/lib/ksdk_platform_lib/kds/KL25Z4/debug/libksdk_platform.a(fsl_mcg_hal.o)
 .debug_loc     0x00003749      0x982 C:/Freescale/KSDK_1.2.0/lib/ksdk_platform_lib/kds/KL25Z4/debug/libksdk_platform.a(fsl_mcg_hal_modes.o)
 .debug_loc     0x000040cb      0x137 C:/Freescale/KSDK_1.2.0/lib/ksdk_platform_lib/kds/KL25Z4/debug/libksdk_platform.a(fsl_lptmr_hal.o)

.stab           0x00000000       0xcc
 .stab          0x00000000       0x24 c:/freescale/kds_v3/toolchain/bin/../lib/gcc/arm-none-eabi/4.8.4/../../../../arm-none-eabi/lib/armv6-m\libnosys.a(close.o)
 .stab          0x00000024       0x18 c:/freescale/kds_v3/toolchain/bin/../lib/gcc/arm-none-eabi/4.8.4/../../../../arm-none-eabi/lib/armv6-m\libnosys.a(fstat.o)
                                 0x24 (size before relaxing)
 .stab          0x0000003c       0x18 c:/freescale/kds_v3/toolchain/bin/../lib/gcc/arm-none-eabi/4.8.4/../../../../arm-none-eabi/lib/armv6-m\libnosys.a(getpid.o)
                                 0x24 (size before relaxing)
 .stab          0x00000054       0x18 c:/freescale/kds_v3/toolchain/bin/../lib/gcc/arm-none-eabi/4.8.4/../../../../arm-none-eabi/lib/armv6-m\libnosys.a(isatty.o)
                                 0x24 (size before relaxing)
 .stab          0x0000006c       0x18 c:/freescale/kds_v3/toolchain/bin/../lib/gcc/arm-none-eabi/4.8.4/../../../../arm-none-eabi/lib/armv6-m\libnosys.a(kill.o)
                                 0x24 (size before relaxing)
 .stab          0x00000084       0x18 c:/freescale/kds_v3/toolchain/bin/../lib/gcc/arm-none-eabi/4.8.4/../../../../arm-none-eabi/lib/armv6-m\libnosys.a(lseek.o)
                                 0x24 (size before relaxing)
 .stab          0x0000009c       0x18 c:/freescale/kds_v3/toolchain/bin/../lib/gcc/arm-none-eabi/4.8.4/../../../../arm-none-eabi/lib/armv6-m\libnosys.a(read.o)
                                 0x24 (size before relaxing)
 .stab          0x000000b4       0x18 c:/freescale/kds_v3/toolchain/bin/../lib/gcc/arm-none-eabi/4.8.4/../../../../arm-none-eabi/lib/armv6-m\libnosys.a(write.o)
                                 0x24 (size before relaxing)

.stabstr        0x00000000      0x1b9
 .stabstr       0x00000000      0x1b9 c:/freescale/kds_v3/toolchain/bin/../lib/gcc/arm-none-eabi/4.8.4/../../../../arm-none-eabi/lib/armv6-m\libnosys.a(close.o)
