17:51:18 **** Incremental Build of configuration Debug for project Aula12 ****
make all 
Building file: ../Sources/UART.c
Invoking: Cross ARM C Compiler
arm-none-eabi-gcc -mcpu=cortex-m0plus -mthumb -O0 -fmessage-length=0 -fsigned-char -ffunction-sections -fdata-sections -Wall  -g3 -D"CPU_MKL25Z128VLK4" -I"../Sources" -I"../Project_Settings/Startup_Code" -I"../SDK/platform/CMSIS/Include" -I"../SDK/platform/devices" -I"../SDK/platform/devices/MKL25Z4/include" -IC:/Freescale/KSDK_1.2.0/platform/drivers/inc -IC:/Freescale/KSDK_1.2.0/platform/utilities/inc -IC:/Freescale/KSDK_1.2.0/platform/hal/inc -IC:/Freescale/KSDK_1.2.0/platform/system/inc -IC:/Freescale/KSDK_1.2.0/platform/osa/inc -I"C:\Freescale\KSDK_1.2.0/platform/utilities/inc" -I"C:\Freescale\KSDK_1.2.0/platform/utilities/src" -std=c99 -MMD -MP -MF"Sources/UART.d" -MT"Sources/UART.o" -c -o "Sources/UART.o" "../Sources/UART.c"
Finished building: ../Sources/UART.c
 
Building file: ../Sources/adc.c
Invoking: Cross ARM C Compiler
arm-none-eabi-gcc -mcpu=cortex-m0plus -mthumb -O0 -fmessage-length=0 -fsigned-char -ffunction-sections -fdata-sections -Wall  -g3 -D"CPU_MKL25Z128VLK4" -I"../Sources" -I"../Project_Settings/Startup_Code" -I"../SDK/platform/CMSIS/Include" -I"../SDK/platform/devices" -I"../SDK/platform/devices/MKL25Z4/include" -IC:/Freescale/KSDK_1.2.0/platform/drivers/inc -IC:/Freescale/KSDK_1.2.0/platform/utilities/inc -IC:/Freescale/KSDK_1.2.0/platform/hal/inc -IC:/Freescale/KSDK_1.2.0/platform/system/inc -IC:/Freescale/KSDK_1.2.0/platform/osa/inc -I"C:\Freescale\KSDK_1.2.0/platform/utilities/inc" -I"C:\Freescale\KSDK_1.2.0/platform/utilities/src" -std=c99 -MMD -MP -MF"Sources/adc.d" -MT"Sources/adc.o" -c -o "Sources/adc.o" "../Sources/adc.c"
Finished building: ../Sources/adc.c
 
Building file: ../Sources/aquecedorECooler.c
Invoking: Cross ARM C Compiler
arm-none-eabi-gcc -mcpu=cortex-m0plus -mthumb -O0 -fmessage-length=0 -fsigned-char -ffunction-sections -fdata-sections -Wall  -g3 -D"CPU_MKL25Z128VLK4" -I"../Sources" -I"../Project_Settings/Startup_Code" -I"../SDK/platform/CMSIS/Include" -I"../SDK/platform/devices" -I"../SDK/platform/devices/MKL25Z4/include" -IC:/Freescale/KSDK_1.2.0/platform/drivers/inc -IC:/Freescale/KSDK_1.2.0/platform/utilities/inc -IC:/Freescale/KSDK_1.2.0/platform/hal/inc -IC:/Freescale/KSDK_1.2.0/platform/system/inc -IC:/Freescale/KSDK_1.2.0/platform/osa/inc -I"C:\Freescale\KSDK_1.2.0/platform/utilities/inc" -I"C:\Freescale\KSDK_1.2.0/platform/utilities/src" -std=c99 -MMD -MP -MF"Sources/aquecedorECooler.d" -MT"Sources/aquecedorECooler.o" -c -o "Sources/aquecedorECooler.o" "../Sources/aquecedorECooler.c"
Finished building: ../Sources/aquecedorECooler.c
 
Building file: ../Sources/communicationStateMachine.c
Invoking: Cross ARM C Compiler
arm-none-eabi-gcc -mcpu=cortex-m0plus -mthumb -O0 -fmessage-length=0 -fsigned-char -ffunction-sections -fdata-sections -Wall  -g3 -D"CPU_MKL25Z128VLK4" -I"../Sources" -I"../Project_Settings/Startup_Code" -I"../SDK/platform/CMSIS/Include" -I"../SDK/platform/devices" -I"../SDK/platform/devices/MKL25Z4/include" -IC:/Freescale/KSDK_1.2.0/platform/drivers/inc -IC:/Freescale/KSDK_1.2.0/platform/utilities/inc -IC:/Freescale/KSDK_1.2.0/platform/hal/inc -IC:/Freescale/KSDK_1.2.0/platform/system/inc -IC:/Freescale/KSDK_1.2.0/platform/osa/inc -I"C:\Freescale\KSDK_1.2.0/platform/utilities/inc" -I"C:\Freescale\KSDK_1.2.0/platform/utilities/src" -std=c99 -MMD -MP -MF"Sources/communicationStateMachine.d" -MT"Sources/communicationStateMachine.o" -c -o "Sources/communicationStateMachine.o" "../Sources/communicationStateMachine.c"
Finished building: ../Sources/communicationStateMachine.c
 
Building file: ../Sources/fsl_debug_console.c
Invoking: Cross ARM C Compiler
arm-none-eabi-gcc -mcpu=cortex-m0plus -mthumb -O0 -fmessage-length=0 -fsigned-char -ffunction-sections -fdata-sections -Wall  -g3 -D"CPU_MKL25Z128VLK4" -I"../Sources" -I"../Project_Settings/Startup_Code" -I"../SDK/platform/CMSIS/Include" -I"../SDK/platform/devices" -I"../SDK/platform/devices/MKL25Z4/include" -IC:/Freescale/KSDK_1.2.0/platform/drivers/inc -IC:/Freescale/KSDK_1.2.0/platform/utilities/inc -IC:/Freescale/KSDK_1.2.0/platform/hal/inc -IC:/Freescale/KSDK_1.2.0/platform/system/inc -IC:/Freescale/KSDK_1.2.0/platform/osa/inc -I"C:\Freescale\KSDK_1.2.0/platform/utilities/inc" -I"C:\Freescale\KSDK_1.2.0/platform/utilities/src" -std=c99 -MMD -MP -MF"Sources/fsl_debug_console.d" -MT"Sources/fsl_debug_console.o" -c -o "Sources/fsl_debug_console.o" "../Sources/fsl_debug_console.c"
Finished building: ../Sources/fsl_debug_console.c
 
Building file: ../Sources/lcd.c
Invoking: Cross ARM C Compiler
arm-none-eabi-gcc -mcpu=cortex-m0plus -mthumb -O0 -fmessage-length=0 -fsigned-char -ffunction-sections -fdata-sections -Wall  -g3 -D"CPU_MKL25Z128VLK4" -I"../Sources" -I"../Project_Settings/Startup_Code" -I"../SDK/platform/CMSIS/Include" -I"../SDK/platform/devices" -I"../SDK/platform/devices/MKL25Z4/include" -IC:/Freescale/KSDK_1.2.0/platform/drivers/inc -IC:/Freescale/KSDK_1.2.0/platform/utilities/inc -IC:/Freescale/KSDK_1.2.0/platform/hal/inc -IC:/Freescale/KSDK_1.2.0/platform/system/inc -IC:/Freescale/KSDK_1.2.0/platform/osa/inc -I"C:\Freescale\KSDK_1.2.0/platform/utilities/inc" -I"C:\Freescale\KSDK_1.2.0/platform/utilities/src" -std=c99 -MMD -MP -MF"Sources/lcd.d" -MT"Sources/lcd.o" -c -o "Sources/lcd.o" "../Sources/lcd.c"
Finished building: ../Sources/lcd.c
 
Building file: ../Sources/lptmr.c
Invoking: Cross ARM C Compiler
arm-none-eabi-gcc -mcpu=cortex-m0plus -mthumb -O0 -fmessage-length=0 -fsigned-char -ffunction-sections -fdata-sections -Wall  -g3 -D"CPU_MKL25Z128VLK4" -I"../Sources" -I"../Project_Settings/Startup_Code" -I"../SDK/platform/CMSIS/Include" -I"../SDK/platform/devices" -I"../SDK/platform/devices/MKL25Z4/include" -IC:/Freescale/KSDK_1.2.0/platform/drivers/inc -IC:/Freescale/KSDK_1.2.0/platform/utilities/inc -IC:/Freescale/KSDK_1.2.0/platform/hal/inc -IC:/Freescale/KSDK_1.2.0/platform/system/inc -IC:/Freescale/KSDK_1.2.0/platform/osa/inc -I"C:\Freescale\KSDK_1.2.0/platform/utilities/inc" -I"C:\Freescale\KSDK_1.2.0/platform/utilities/src" -std=c99 -MMD -MP -MF"Sources/lptmr.d" -MT"Sources/lptmr.o" -c -o "Sources/lptmr.o" "../Sources/lptmr.c"
Finished building: ../Sources/lptmr.c
 
Building file: ../Sources/lut_adc_3v3.c
Invoking: Cross ARM C Compiler
arm-none-eabi-gcc -mcpu=cortex-m0plus -mthumb -O0 -fmessage-length=0 -fsigned-char -ffunction-sections -fdata-sections -Wall  -g3 -D"CPU_MKL25Z128VLK4" -I"../Sources" -I"../Project_Settings/Startup_Code" -I"../SDK/platform/CMSIS/Include" -I"../SDK/platform/devices" -I"../SDK/platform/devices/MKL25Z4/include" -IC:/Freescale/KSDK_1.2.0/platform/drivers/inc -IC:/Freescale/KSDK_1.2.0/platform/utilities/inc -IC:/Freescale/KSDK_1.2.0/platform/hal/inc -IC:/Freescale/KSDK_1.2.0/platform/system/inc -IC:/Freescale/KSDK_1.2.0/platform/osa/inc -I"C:\Freescale\KSDK_1.2.0/platform/utilities/inc" -I"C:\Freescale\KSDK_1.2.0/platform/utilities/src" -std=c99 -MMD -MP -MF"Sources/lut_adc_3v3.d" -MT"Sources/lut_adc_3v3.o" -c -o "Sources/lut_adc_3v3.o" "../Sources/lut_adc_3v3.c"
Finished building: ../Sources/lut_adc_3v3.c
 
Building file: ../Sources/main.c
Invoking: Cross ARM C Compiler
arm-none-eabi-gcc -mcpu=cortex-m0plus -mthumb -O0 -fmessage-length=0 -fsigned-char -ffunction-sections -fdata-sections -Wall  -g3 -D"CPU_MKL25Z128VLK4" -I"../Sources" -I"../Project_Settings/Startup_Code" -I"../SDK/platform/CMSIS/Include" -I"../SDK/platform/devices" -I"../SDK/platform/devices/MKL25Z4/include" -IC:/Freescale/KSDK_1.2.0/platform/drivers/inc -IC:/Freescale/KSDK_1.2.0/platform/utilities/inc -IC:/Freescale/KSDK_1.2.0/platform/hal/inc -IC:/Freescale/KSDK_1.2.0/platform/system/inc -IC:/Freescale/KSDK_1.2.0/platform/osa/inc -I"C:\Freescale\KSDK_1.2.0/platform/utilities/inc" -I"C:\Freescale\KSDK_1.2.0/platform/utilities/src" -std=c99 -MMD -MP -MF"Sources/main.d" -MT"Sources/main.o" -c -o "Sources/main.o" "../Sources/main.c"
Finished building: ../Sources/main.c
 
Building file: ../Sources/mcg.c
Invoking: Cross ARM C Compiler
arm-none-eabi-gcc -mcpu=cortex-m0plus -mthumb -O0 -fmessage-length=0 -fsigned-char -ffunction-sections -fdata-sections -Wall  -g3 -D"CPU_MKL25Z128VLK4" -I"../Sources" -I"../Project_Settings/Startup_Code" -I"../SDK/platform/CMSIS/Include" -I"../SDK/platform/devices" -I"../SDK/platform/devices/MKL25Z4/include" -IC:/Freescale/KSDK_1.2.0/platform/drivers/inc -IC:/Freescale/KSDK_1.2.0/platform/utilities/inc -IC:/Freescale/KSDK_1.2.0/platform/hal/inc -IC:/Freescale/KSDK_1.2.0/platform/system/inc -IC:/Freescale/KSDK_1.2.0/platform/osa/inc -I"C:\Freescale\KSDK_1.2.0/platform/utilities/inc" -I"C:\Freescale\KSDK_1.2.0/platform/utilities/src" -std=c99 -MMD -MP -MF"Sources/mcg.d" -MT"Sources/mcg.o" -c -o "Sources/mcg.o" "../Sources/mcg.c"
Finished building: ../Sources/mcg.c
 
Building file: ../Sources/print_scan.c
Invoking: Cross ARM C Compiler
arm-none-eabi-gcc -mcpu=cortex-m0plus -mthumb -O0 -fmessage-length=0 -fsigned-char -ffunction-sections -fdata-sections -Wall  -g3 -D"CPU_MKL25Z128VLK4" -I"../Sources" -I"../Project_Settings/Startup_Code" -I"../SDK/platform/CMSIS/Include" -I"../SDK/platform/devices" -I"../SDK/platform/devices/MKL25Z4/include" -IC:/Freescale/KSDK_1.2.0/platform/drivers/inc -IC:/Freescale/KSDK_1.2.0/platform/utilities/inc -IC:/Freescale/KSDK_1.2.0/platform/hal/inc -IC:/Freescale/KSDK_1.2.0/platform/system/inc -IC:/Freescale/KSDK_1.2.0/platform/osa/inc -I"C:\Freescale\KSDK_1.2.0/platform/utilities/inc" -I"C:\Freescale\KSDK_1.2.0/platform/utilities/src" -std=c99 -MMD -MP -MF"Sources/print_scan.d" -MT"Sources/print_scan.o" -c -o "Sources/print_scan.o" "../Sources/print_scan.c"
Finished building: ../Sources/print_scan.c
 
Building file: ../Sources/util.c
Invoking: Cross ARM C Compiler
arm-none-eabi-gcc -mcpu=cortex-m0plus -mthumb -O0 -fmessage-length=0 -fsigned-char -ffunction-sections -fdata-sections -Wall  -g3 -D"CPU_MKL25Z128VLK4" -I"../Sources" -I"../Project_Settings/Startup_Code" -I"../SDK/platform/CMSIS/Include" -I"../SDK/platform/devices" -I"../SDK/platform/devices/MKL25Z4/include" -IC:/Freescale/KSDK_1.2.0/platform/drivers/inc -IC:/Freescale/KSDK_1.2.0/platform/utilities/inc -IC:/Freescale/KSDK_1.2.0/platform/hal/inc -IC:/Freescale/KSDK_1.2.0/platform/system/inc -IC:/Freescale/KSDK_1.2.0/platform/osa/inc -I"C:\Freescale\KSDK_1.2.0/platform/utilities/inc" -I"C:\Freescale\KSDK_1.2.0/platform/utilities/src" -std=c99 -MMD -MP -MF"Sources/util.d" -MT"Sources/util.o" -c -o "Sources/util.o" "../Sources/util.c"
Finished building: ../Sources/util.c
 
Building file: ../Project_Settings/Startup_Code/startup.c
Invoking: Cross ARM C Compiler
arm-none-eabi-gcc -mcpu=cortex-m0plus -mthumb -O0 -fmessage-length=0 -fsigned-char -ffunction-sections -fdata-sections -Wall  -g3 -D"CPU_MKL25Z128VLK4" -I"../Sources" -I"../Project_Settings/Startup_Code" -I"../SDK/platform/CMSIS/Include" -I"../SDK/platform/devices" -I"../SDK/platform/devices/MKL25Z4/include" -IC:/Freescale/KSDK_1.2.0/platform/drivers/inc -IC:/Freescale/KSDK_1.2.0/platform/utilities/inc -IC:/Freescale/KSDK_1.2.0/platform/hal/inc -IC:/Freescale/KSDK_1.2.0/platform/system/inc -IC:/Freescale/KSDK_1.2.0/platform/osa/inc -I"C:\Freescale\KSDK_1.2.0/platform/utilities/inc" -I"C:\Freescale\KSDK_1.2.0/platform/utilities/src" -std=c99 -MMD -MP -MF"Project_Settings/Startup_Code/startup.d" -MT"Project_Settings/Startup_Code/startup.o" -c -o "Project_Settings/Startup_Code/startup.o" "../Project_Settings/Startup_Code/startup.c"
Finished building: ../Project_Settings/Startup_Code/startup.c
 
Building file: ../Project_Settings/Startup_Code/system_MKL25Z4.c
Invoking: Cross ARM C Compiler
arm-none-eabi-gcc -mcpu=cortex-m0plus -mthumb -O0 -fmessage-length=0 -fsigned-char -ffunction-sections -fdata-sections -Wall  -g3 -D"CPU_MKL25Z128VLK4" -I"../Sources" -I"../Project_Settings/Startup_Code" -I"../SDK/platform/CMSIS/Include" -I"../SDK/platform/devices" -I"../SDK/platform/devices/MKL25Z4/include" -IC:/Freescale/KSDK_1.2.0/platform/drivers/inc -IC:/Freescale/KSDK_1.2.0/platform/utilities/inc -IC:/Freescale/KSDK_1.2.0/platform/hal/inc -IC:/Freescale/KSDK_1.2.0/platform/system/inc -IC:/Freescale/KSDK_1.2.0/platform/osa/inc -I"C:\Freescale\KSDK_1.2.0/platform/utilities/inc" -I"C:\Freescale\KSDK_1.2.0/platform/utilities/src" -std=c99 -MMD -MP -MF"Project_Settings/Startup_Code/system_MKL25Z4.d" -MT"Project_Settings/Startup_Code/system_MKL25Z4.o" -c -o "Project_Settings/Startup_Code/system_MKL25Z4.o" "../Project_Settings/Startup_Code/system_MKL25Z4.c"
Finished building: ../Project_Settings/Startup_Code/system_MKL25Z4.c
 
Building target: biblioteca.elf
Invoking: Cross ARM C++ Linker
arm-none-eabi-g++ -mcpu=cortex-m0plus -mthumb -O0 -fmessage-length=0 -fsigned-char -ffunction-sections -fdata-sections -Wall  -g3 -T "MKL25Z128xxx4_flash.ld" -Xlinker --gc-sections -L"C:/Users/parap/workspace.kds/Aula12/Project_Settings/Linker_Files" -Wl,-Map,"biblioteca.map" -specs=nosys.specs -specs=nano.specs -o "biblioteca.elf"  ./Sources/UART.o ./Sources/adc.o ./Sources/aquecedorECooler.o ./Sources/communicationStateMachine.o ./Sources/fsl_debug_console.o ./Sources/lcd.o ./Sources/lptmr.o ./Sources/lut_adc_3v3.o ./Sources/main.o ./Sources/mcg.o ./Sources/print_scan.o ./Sources/util.o  ./Project_Settings/Startup_Code/startup.o ./Project_Settings/Startup_Code/startup_MKL25Z4.o ./Project_Settings/Startup_Code/system_MKL25Z4.o  C:/Freescale/KSDK_1.2.0/lib/ksdk_platform_lib/kds/KL25Z4/debug/libksdk_platform.a 
Finished building target: biblioteca.elf
 
Invoking: Cross ARM GNU Print Size
arm-none-eabi-size --format=berkeley "biblioteca.elf"
   text	   data	    bss	    dec	    hex	filename
  12328	    128	   2168	  14624	   3920	biblioteca.elf
Finished building: biblioteca.siz
 

17:51:23 Build Finished (took 5s.375ms)

